Microchip MPLAB XC8 Compiler V1.21 ()

Linker command line:

-W-3 --edf=C:\Program Files (x86)\Microchip\xc8\v1.21\dat\en_msgs.txt -cs \
  -h+dist/default/debug\Potenciostat_bez_USB.X.debug.sym \
  --cmf=dist/default/debug\Potenciostat_bez_USB.X.debug.cmf -z -Q16F1459 \
  -oC:\Users\david\AppData\Local\Temp\sco8.6 \
  -Mdist/default/debug/Potenciostat_bez_USB.X.debug.map -E1 -ver=XC8 \
  -ACONST=00h-0FFhx32 -ACODE=00h-07FFhx4 -ASTRCODE=00h-01FFFh \
  -AENTRY=00h-0FFhx32 -ASTRING=00h-0FFhx32 -ACOMMON=070h-07Fh \
  -ABANK0=020h-06Fh -ABANK1=0A0h-0EFh -ABANK2=0120h-016Fh \
  -ABANK3=01A0h-01EFh -ABANK4=0220h-026Fh -ABANK5=02A0h-02EFh \
  -ABANK6=0320h-036Fh -ABANK7=03A0h-03EFh -ABANK8=0420h-046Fh \
  -ABANK9=04A0h-04EFh -ABANK10=0520h-056Fh -ABANK11=05A0h-05EFh \
  -ABANK12=0620h-064Fh -ABIGRAM=02000h-023EFh \
  -ARAM=020h-06Fh,0A0h-0EFh,0120h-016Fh,01A0h-01EFh,0220h-026Fh,02A0h-02EFh,0320h-036Fh,03A0h-03EFh,0420h-046Fh,04A0h-04EFh,0520h-056Fh,05A0h-05EFh,0620h-064Fh \
  -AABS1=020h-07Fh,0A0h-0EFh,0120h-016Fh,01A0h-01EFh,0220h-026Fh,02A0h-02EFh,0320h-036Fh,03A0h-03EFh,0420h-046Fh,04A0h-04EFh,0520h-056Fh,05A0h-05EFh,0620h-064Fh \
  -ASFR0=00h-01Fh -ASFR1=080h-09Fh -ASFR2=0100h-011Fh -ASFR3=0180h-019Fh \
  -ASFR4=0200h-021Fh -ASFR5=0280h-029Fh -ASFR6=0300h-031Fh \
  -ASFR7=0380h-039Fh -ASFR8=0400h-041Fh -ASFR9=0480h-049Fh \
  -ASFR10=0500h-051Fh -ASFR11=0580h-059Fh -ASFR12=0600h-061Fh \
  -ASFR13=0680h-06EFh -ASFR14=0700h-076Fh -ASFR15=0780h-07EFh \
  -ASFR16=0800h-086Fh -ASFR17=0880h-08EFh -ASFR18=0900h-096Fh \
  -ASFR19=0980h-09EFh -ASFR20=0A00h-0A6Fh -ASFR21=0A80h-0AEFh \
  -ASFR22=0B00h-0B6Fh -ASFR23=0B80h-0BEFh -ASFR24=0C00h-0C6Fh \
  -ASFR25=0C80h-0CEFh -ASFR26=0D00h-0D6Fh -ASFR27=0D80h-0DEFh \
  -ASFR28=0E00h-0E6Fh -ASFR29=0E80h-0EEFh -ASFR30=0F00h-0F6Fh \
  -ASFR31=0F80h-0FEFh -preset_vec=00h,intentry=04h,init,end_init \
  -ppowerup=CODE -pcinit=CODE -pfunctab=CODE -ACONFIG=08007h-08008h \
  -pconfig=CONFIG -DCONFIG=2 -AIDLOC=08000h-08003h -pidloc=IDLOC -DIDLOC=2 \
  -DCODE=2 -DSTRCODE=2 -DSTRING=2 -DCONST=2 -DENTRY=2 -k \
  C:\Users\david\AppData\Local\Temp\sco8.obj \
  dist/default/debug\Potenciostat_bez_USB.X.debug.obj 

Object code version is 3.11

Machine type is 16F1459



                Name                               Link     Load   Length Selector   Space Scale
C:\Users\david\AppData\Local\Temp\sco8.obj
                end_init                              B        B        2        8       0
                reset_vec                             0        0        3        0       0
                config                             8007     8007        2    1000E       0
dist/default/debug\Potenciostat_bez_USB.X.debug.obj
                cinit                                 D        D        B        8       0
                functab                             100      100        3        2       0
                intentry                              4        4        7        8       0
                text51                              7D4      7D4       13        2       0
                text50                              51C      51C       35        2       0
                text49                              FD1      FD1        D     1FA2       0
                text48                              F92      F92        6     1F24       0
                text47                              4E4      4E4       38        2       0
                text46                              FBC      FBC        A     1F78       0
                text45                              700      700       1A        2       0
                text44                              6E4      6E4       1C        2       0
                text43                              686      686       20        2       0
                text42                              7BE      7BE       16        2       0
                text41                              F9E      F9E        7     1F3C       0
                text40                              FA5      FA5        7     1F4A       0
                text39                              FAC      FAC        7     1F58       0
                text38                              74C      74C       19        2       0
                text37                              5DB      5DB       25        2       0
                text36                              7F8      7F8        8        2       0
                text35                              733      733       19        2       0
                text34                              2C2      2C2       80        2       0
                text33                              7A8      7A8       16        2       0
                text32                              792      792       16        2       0
                text31                              F79      F79        5     1EF2       0
                text30                              F7E      F7E        5     1EFC       0
                text29                              F83      F83        5     1F06       0
                text28                              F88      F88        5     1F10       0
                text27                              FDE      FDE       11     1FBC       0
                text26                              FEF      FEF       11     1FDE       0
                text25                               E3       E3       11      1A4       0
                text24                              6C5      6C5       1F        2       0
                text23                              FB3      FB3        9     1F66       0
                text22                              622      622       22        2       0
                text21                              71A      71A       19        2       0
                text20                              342      342       60        2       0
                text19                              765      765       17        2       0
                text18                              551      551       32        2       0
                text17                               F4       F4        C      1A4       0
                text16                              42F      42F       43        2       0
                text15                              472      472       3A        2       0
                text14                              4AC      4AC       38        2       0
                text13                              77C      77C       16        2       0
                text12                              600      600       22        2       0
                text11                              5B3      5B3       28        2       0
                text10                              6A6      6A6       1F        2       0
                text9                                D2       D2       11      1A4       0
                text8                               665      665       21        2       0
                text7                               7E7      7E7       11        2       0
                text6                               644      644       21        2       0
                text5                               3A2      3A2       49        2       0
                text4                               3EB      3EB       44        2       0
                text3                               103      103      1BF        2       0
                text2                               F8D      F8D        5     1F1A       0
                text1                               FC6      FC6        B     1F8C       0
                maintext                            583      583       30        2       0
                cstackBANK0                          5B       5B       10       20       1
                cstackCOMMON                         70       70        C       70       1
                clrtext                             F98      F98        6     1F30       0
                bssBANK0                             20       20       3B       20       1
                bssCOMMON                            7C       7C        1       70       1
                strings                              18       18       BA       30       0

TOTAL           Name                               Link     Load   Length     Space
        CLASS   CONST          

        CLASS   CODE           
                end_init                              B        B        2         0
                cinit                                 D        D        B         0
                functab                             100      100        3         0
                intentry                              4        4        7         0
                reset_vec                             0        0        3         0
                text51                              7D4      7D4       13         0
                text50                              51C      51C       35         0
                text49                              FD1      FD1        D         0
                text48                              F92      F92        6         0
                text47                              4E4      4E4       38         0
                text46                              FBC      FBC        A         0
                text45                              700      700       1A         0
                text44                              6E4      6E4       1C         0
                text43                              686      686       20         0
                text42                              7BE      7BE       16         0
                text41                              F9E      F9E        7         0
                text40                              FA5      FA5        7         0
                text39                              FAC      FAC        7         0
                text38                              74C      74C       19         0
                text37                              5DB      5DB       25         0
                text36                              7F8      7F8        8         0
                text35                              733      733       19         0
                text34                              2C2      2C2       80         0
                text33                              7A8      7A8       16         0
                text32                              792      792       16         0
                text31                              F79      F79        5         0
                text30                              F7E      F7E        5         0
                text29                              F83      F83        5         0
                text28                              F88      F88        5         0
                text27                              FDE      FDE       11         0
                text26                              FEF      FEF       11         0
                text25                               E3       E3       11         0
                text24                              6C5      6C5       1F         0
                text23                              FB3      FB3        9         0
                text22                              622      622       22         0
                text21                              71A      71A       19         0
                text20                              342      342       60         0
                text19                              765      765       17         0
                text18                              551      551       32         0
                text17                               F4       F4        C         0
                text16                              42F      42F       43         0
                text15                              472      472       3A         0
                text14                              4AC      4AC       38         0
                text13                              77C      77C       16         0
                text12                              600      600       22         0
                text11                              5B3      5B3       28         0
                text10                              6A6      6A6       1F         0
                text9                                D2       D2       11         0
                text8                               665      665       21         0
                text7                               7E7      7E7       11         0
                text6                               644      644       21         0
                text5                               3A2      3A2       49         0
                text4                               3EB      3EB       44         0
                text3                               103      103      1BF         0
                text2                               F8D      F8D        5         0
                text1                               FC6      FC6        B         0
                maintext                            583      583       30         0
                clrtext                             F98      F98        6         0

        CLASS   STRCODE        

        CLASS   ENTRY          

        CLASS   STRING         
                strings                              18       18       BA         0

        CLASS   COMMON         
                cstackCOMMON                         70       70        C         1
                bssCOMMON                            7C       7C        1         1

        CLASS   BANK0          
                cstackBANK0                          5B       5B       10         1
                bssBANK0                             20       20       3B         1

        CLASS   BANK1          

        CLASS   BANK2          

        CLASS   BANK3          

        CLASS   BANK4          

        CLASS   BANK5          

        CLASS   BANK6          

        CLASS   BANK7          

        CLASS   BANK8          

        CLASS   BANK9          

        CLASS   BANK10         

        CLASS   BANK11         

        CLASS   BANK12         

        CLASS   BIGRAM         

        CLASS   RAM            

        CLASS   ABS1           
                abs_s1                               7E       7E        2         1

        CLASS   SFR0           

        CLASS   SFR1           

        CLASS   SFR2           

        CLASS   SFR3           

        CLASS   SFR4           

        CLASS   SFR5           

        CLASS   SFR6           

        CLASS   SFR7           

        CLASS   SFR8           

        CLASS   SFR9           

        CLASS   SFR10          

        CLASS   SFR11          

        CLASS   SFR12          

        CLASS   SFR13          

        CLASS   SFR14          

        CLASS   SFR15          

        CLASS   SFR16          

        CLASS   SFR17          

        CLASS   SFR18          

        CLASS   SFR19          

        CLASS   SFR20          

        CLASS   SFR21          

        CLASS   SFR22          

        CLASS   SFR23          

        CLASS   SFR24          

        CLASS   SFR25          

        CLASS   SFR26          

        CLASS   SFR27          

        CLASS   SFR28          

        CLASS   SFR29          

        CLASS   SFR30          

        CLASS   SFR31          

        CLASS   CONFIG         
                config                             8007     8007        2         0

        CLASS   IDLOC          

        CLASS   BANK31         

        CLASS   BANK30         

        CLASS   BANK29         

        CLASS   BANK28         

        CLASS   BANK27         

        CLASS   BANK26         

        CLASS   BANK25         

        CLASS   BANK24         

        CLASS   BANK23         

        CLASS   BANK22         

        CLASS   BANK21         

        CLASS   BANK20         

        CLASS   BANK19         

        CLASS   BANK18         

        CLASS   BANK17         

        CLASS   BANK16         

        CLASS   BANK15         

        CLASS   BANK14         

        CLASS   BANK13         

        CLASS   EEDATA         



SEGMENTS        Name                           Load    Length   Top    Selector   Space  Class     Delta

                reset_vec                      000000  000003  000003         0       0  CODE        2
                intentry                       000004  000014  000018         8       0  CODE        2
                bssBANK0                       000020  00004B  00006B        20       1  BANK0       1
                strings                        000018  0000BA  0000D2        30       0  STRING      2
                cstackCOMMON                   000070  00000D  00007D        70       1  COMMON      1
                text9                          0000D2  00002E  000100       1A4       0  CODE        2
                functab                        000100  000700  000800         2       0  CODE        2
                text31                         000F79  000005  000F7E      1EF2       0  CODE        2
                text30                         000F7E  000005  000F83      1EFC       0  CODE        2
                text29                         000F83  000005  000F88      1F06       0  CODE        2
                text28                         000F88  000005  000F8D      1F10       0  CODE        2
                text2                          000F8D  000005  000F92      1F1A       0  CODE        2
                text48                         000F92  000006  000F98      1F24       0  CODE        2
                clrtext                        000F98  000006  000F9E      1F30       0  CODE        2
                text41                         000F9E  000007  000FA5      1F3C       0  CODE        2
                text40                         000FA5  000007  000FAC      1F4A       0  CODE        2
                text39                         000FAC  000007  000FB3      1F58       0  CODE        2
                text23                         000FB3  000009  000FBC      1F66       0  CODE        2
                text46                         000FBC  00000A  000FC6      1F78       0  CODE        2
                text1                          000FC6  00000B  000FD1      1F8C       0  CODE        2
                text49                         000FD1  00000D  000FDE      1FA2       0  CODE        2
                text27                         000FDE  000011  000FEF      1FBC       0  CODE        2
                text26                         000FEF  000011  001000      1FDE       0  CODE        2
                config                         008007  000002  008009     1000E       0  CONFIG      2


UNUSED ADDRESS RANGES

        Name                Unused          Largest block    Delta
        BANK0            0006B-0006F               5           1
        BANK1            000A0-000EF              50           1
        BANK10           00520-0056F              50           1
        BANK11           005A0-005EF              50           1
        BANK12           00620-0064F              30           1
        BANK2            00120-0016F              50           1
        BANK3            001A0-001EF              50           1
        BANK4            00220-0026F              50           1
        BANK5            002A0-002EF              50           1
        BANK6            00320-0036F              50           1
        BANK7            003A0-003EF              50           1
        BANK8            00420-0046F              50           1
        BANK9            004A0-004EF              50           1
        BIGRAM           02000-023EF             3F0           1
        CODE             00003-00003               1           2
                         00800-00F78             779
                         01000-01FFF             800
        COMMON           0007D-0007D               1           1
        CONST            00003-00003               1           2
                         00800-00F78             100
                         01000-01FFF             100
        ENTRY            00003-00003               1           2
                         00800-00F78             100
                         01000-01FFF             100
        IDLOC            08000-08003               4           2
        RAM              0006B-0006F               5           1
                         000A0-000EF              50
                         00120-0016F              50
                         001A0-001EF              50
                         00220-0026F              50
                         002A0-002EF              50
                         00320-0036F              50
                         003A0-003EF              50
                         00420-0046F              50
                         004A0-004EF              50
                         00520-0056F              50
                         005A0-005EF              50
                         00620-0064F              30
        SFR0             00000-0001F              20           1
        SFR1             00080-0009F              20           1
        SFR10            00500-0051F              20           1
        SFR11            00580-0059F              20           1
        SFR12            00600-0061F              20           1
        SFR13            00680-006EF              70           1
        SFR14            00700-0076F              70           1
        SFR15            00780-007EF              70           1
        SFR16            00800-0086F              70           1
        SFR17            00880-008EF              70           1
        SFR18            00900-0096F              70           1
        SFR19            00980-009EF              70           1
        SFR2             00100-0011F              20           1
        SFR20            00A00-00A6F              70           1
        SFR21            00A80-00AEF              70           1
        SFR22            00B00-00B6F              70           1
        SFR23            00B80-00BEF              70           1
        SFR24            00C00-00C6F              70           1
        SFR25            00C80-00CEF              70           1
        SFR26            00D00-00D6F              70           1
        SFR27            00D80-00DEF              70           1
        SFR28            00E00-00E6F              70           1
        SFR29            00E80-00EEF              70           1
        SFR3             00180-0019F              20           1
        SFR30            00F00-00F6F              70           1
        SFR31            00F80-00FEF              70           1
        SFR4             00200-0021F              20           1
        SFR5             00280-0029F              20           1
        SFR6             00300-0031F              20           1
        SFR7             00380-0039F              20           1
        SFR8             00400-0041F              20           1
        SFR9             00480-0049F              20           1
        STRCODE          00003-00003               1           2
                         00800-00F78             779
                         01000-01FFF            1000
        STRING           00003-00003               1           2
                         00800-00F78             100
                         01000-01FFF             100

                                  Symbol Table

?_DAC1220_Read3Bytes                                cstackCOMMON 00075
?_DAC1220_Write2Bytes                               cstackCOMMON 00075
?_DAC1220_Write3Bytes                               cstackCOMMON 00075
?_FLASH_erase                                       cstackCOMMON 00071
?_FLASH_read                                        cstackCOMMON 00071
?_FLASH_write                                       cstackCOMMON 00071
?_HEFLASH_readBlock                                 cstackCOMMON 00073
?_HEFLASH_writeBlock                                cstackCOMMON 00077
?_Read2BytesSPI                                     cstackCOMMON 00072
?_USART_Send                                        cstackCOMMON 00079
?_memcpy                                            cstackCOMMON 00071
?_strlen                                            cstackCOMMON 00071
?_strncmp                                           cstackCOMMON 00071
DAC1220_Read3Bytes@address                          cstackCOMMON 00079
DAC1220_Read3Bytes@byte1                            cstackCOMMON 00075
DAC1220_Read3Bytes@byte2                            cstackCOMMON 00076
DAC1220_Read3Bytes@byte3                            cstackCOMMON 00077
DAC1220_Write2Bytes@address                         cstackCOMMON 00077
DAC1220_Write2Bytes@byte1                           cstackCOMMON 00075
DAC1220_Write2Bytes@byte2                           cstackCOMMON 00076
DAC1220_Write3Bytes@address                         cstackCOMMON 00078
DAC1220_Write3Bytes@byte1                           cstackCOMMON 00075
DAC1220_Write3Bytes@byte2                           cstackCOMMON 00076
DAC1220_Write3Bytes@byte3                           cstackCOMMON 00077
EUSART_SetErrorHandler@interruptHandler             cstackCOMMON 00072
EUSART_SetFramingErrorHandler@interruptHandler      cstackCOMMON 00072
EUSART_SetOverrunErrorHandler@interruptHandler      cstackCOMMON 00072
EUSART_Write@txData                                 cstackCOMMON 00071
FLASH_erase@address                                 cstackCOMMON 00071
FLASH_erase@temp                                    cstackCOMMON 00073
FLASH_read@address                                  cstackCOMMON 00071
FLASH_write@address                                 cstackCOMMON 00071
FLASH_write@data                                    cstackCOMMON 00073
FLASH_write@latch                                   cstackCOMMON 00075
FLASH_write@temp                                    cstackCOMMON 00076
HEFLASH_readBlock@add                               cstackCOMMON 00078
HEFLASH_readBlock@buffer                            cstackCOMMON 00077
HEFLASH_readBlock@count                             cstackCOMMON 00074
HEFLASH_readBlock@radd                              cstackCOMMON 00073
HEFLASH_writeBlock@add                              cstackBANK0  0005C
HEFLASH_writeBlock@count                            cstackCOMMON 00079
HEFLASH_writeBlock@data                             cstackCOMMON 00077
HEFLASH_writeBlock@radd                             cstackBANK0  0005B
InitializeIO@startReply                             cstackCOMMON 0007B
MCP3550_Read@adc_data                               cstackCOMMON 00078
MCP3550_Read@data_ready                             cstackCOMMON 00077
Read2BytesSPI@bit_counter                           cstackCOMMON 00074
Read2BytesSPI@data1_byte                            cstackCOMMON 00075
Read2BytesSPI@data2_byte                            cstackCOMMON 00072
ReadByteSPI@bit_counter                             cstackCOMMON 00073
ReadByteSPI@data_byte                               cstackCOMMON 00074
USART_Send@dataLength                               cstackCOMMON 00079
USART_Send@dataToSend                               cstackBANK0  0005B
USART_Send@i                                        cstackBANK0  0005C
WriteByteSPI@bit_counter                            cstackCOMMON 00074
WriteByteSPI@data_byte                              cstackCOMMON 00073
_ACTCONbits                                         (abs)        0039B
_ANSELA                                             (abs)        0018C
_ANSELB                                             (abs)        0018D
_ANSELC                                             (abs)        0018E
_APFCON                                             (abs)        0011D
_BAUDCON                                            (abs)        0019F
_ClockPulse                                         text46       00FBC
_DAC1220_Init                                       text42       007BE
_DAC1220_Read3Bytes                                 text18       00551
_DAC1220_Reset                                      text47       004E4
_DAC1220_SelfCal                                    text17       000F4
_DAC1220_Write2Bytes                                text44       006E4
_DAC1220_Write3Bytes                                text43       00686
_EUSART_DefaultErrorHandler                         (abs)        00000
_EUSART_DefaultFramingErrorHandler                  (abs)        00000
_EUSART_DefaultOverrunErrorHandler                  (abs)        00000
_EUSART_ErrorHandler                                bssBANK0     00020
_EUSART_FramingErrorHandler                         bssBANK0     00021
_EUSART_Initialize                                  text38       0074C
_EUSART_OverrunErrorHandler                         bssBANK0     00022
_EUSART_Read                                        text1        00FC6
_EUSART_SetErrorHandler                             text39       00FAC
_EUSART_SetFramingErrorHandler                      text41       00F9E
_EUSART_SetOverrunErrorHandler                      text40       00FA5
_EUSART_Write                                       text36       007F8
_EUSART_is_rx_ready                                 text2        00F8D
_FLASH_erase                                        text21       0071A
_FLASH_read                                         text51       007D4
_FLASH_write                                        text22       00622
_HEFLASH_readBlock                                  text50       0051C
_HEFLASH_writeBlock                                 text20       00342
_INTCONbits                                         (abs)        0000B
_InitializeIO                                       text34       002C2
_InitializeSPI                                      text49       00FD1
_LATAbits                                           (abs)        0010C
_LATBbits                                           (abs)        0010D
_LATCbits                                           (abs)        0010E
_MCP3550_Read                                       text14       004AC
_OSCCONbits                                         (abs)        00099
_PIR1bits                                           (abs)        00011
_PMADR                                              (abs)        00191
_PMCON1bits                                         (abs)        00195
_PMDAT                                              (abs)        00193
_PORTBbits                                          (abs)        0000D
_PORTCbits                                          (abs)        0000E
_RCREG                                              (abs)        00199
_RCSTA                                              (abs)        0019D
_RCSTAbits                                          (abs)        0019D
_Read2BytesSPI                                      text15       00472
_ReadByteSPI                                        text19       00765
_SPBRGH                                             (abs)        0019C
_SPBRGL                                             (abs)        0019B
_SPIDelay                                           text48       00F92
_TRISAbits                                          (abs)        0008C
_TRISBbits                                          (abs)        0008D
_TRISCbits                                          (abs)        0008E
_TXREG                                              (abs)        0019A
_TXSTA                                              (abs)        0019E
_TXSTAbits                                          (abs)        0019E
_USART_Send                                         text35       00733
_WriteByteSPI                                       text45       00700
__CFG_BOREN$ON                                      (abs)        00000
__CFG_BORV$LO                                       (abs)        00000
__CFG_CLKOUTEN$OFF                                  (abs)        00000
__CFG_CP$OFF                                        (abs)        00000
__CFG_CPUDIV$NOCLKDIV                               (abs)        00000
__CFG_FCMEN$OFF                                     (abs)        00000
__CFG_FOSC$INTOSC                                   (abs)        00000
__CFG_IESO$OFF                                      (abs)        00000
__CFG_LPBOR$OFF                                     (abs)        00000
__CFG_LVP$OFF                                       (abs)        00000
__CFG_MCLRE$OFF                                     (abs)        00000
__CFG_PLLEN$ENABLED                                 (abs)        00000
__CFG_PLLMULT$3x                                    (abs)        00000
__CFG_PWRTE$OFF                                     (abs)        00000
__CFG_STVREN$ON                                     (abs)        00000
__CFG_USBLSCLK$48MHz                                (abs)        00000
__CFG_WDTE$OFF                                      (abs)        00000
__CFG_WRT$OFF                                       (abs)        00000
__Habs1                                             abs1         00000
__Hbank0                                            bank0        00000
__Hbank1                                            bank1        00000
__Hbank10                                           bank10       00000
__Hbank11                                           bank11       00000
__Hbank12                                           bank12       00000
__Hbank13                                           bank13       00000
__Hbank14                                           bank14       00000
__Hbank15                                           bank15       00000
__Hbank16                                           bank16       00000
__Hbank17                                           bank17       00000
__Hbank18                                           bank18       00000
__Hbank19                                           bank19       00000
__Hbank2                                            bank2        00000
__Hbank20                                           bank20       00000
__Hbank21                                           bank21       00000
__Hbank22                                           bank22       00000
__Hbank23                                           bank23       00000
__Hbank24                                           bank24       00000
__Hbank25                                           bank25       00000
__Hbank26                                           bank26       00000
__Hbank27                                           bank27       00000
__Hbank28                                           bank28       00000
__Hbank29                                           bank29       00000
__Hbank3                                            bank3        00000
__Hbank30                                           bank30       00000
__Hbank31                                           bank31       00000
__Hbank4                                            bank4        00000
__Hbank5                                            bank5        00000
__Hbank6                                            bank6        00000
__Hbank7                                            bank7        00000
__Hbank8                                            bank8        00000
__Hbank9                                            bank9        00000
__Hbigram                                           bigram       00000
__HbssBANK0                                         bssBANK0     00000
__HbssCOMMON                                        bssCOMMON    00000
__Hcinit                                            cinit        00018
__Hclrtext                                          clrtext      00000
__Hcode                                             code         00000
__Hcommon                                           common       00000
__Hconfig                                           config       08009
__HcstackBANK0                                      cstackBANK0  00000
__HcstackCOMMON                                     cstackCOMMON 00000
__Heeprom_data                                      eeprom_data  00000
__Hend_init                                         end_init     0000D
__Hfunctab                                          functab      00103
__Hidloc                                            idloc        00000
__Hinit                                             init         0000B
__Hintentry                                         intentry     0000B
__Hmaintext                                         maintext     00000
__Hpowerup                                          powerup      00000
__Hram                                              ram          00000
__Hreset_vec                                        reset_vec    00003
__Hsfr0                                             sfr0         00000
__Hsfr1                                             sfr1         00000
__Hsfr10                                            sfr10        00000
__Hsfr11                                            sfr11        00000
__Hsfr12                                            sfr12        00000
__Hsfr13                                            sfr13        00000
__Hsfr14                                            sfr14        00000
__Hsfr15                                            sfr15        00000
__Hsfr16                                            sfr16        00000
__Hsfr17                                            sfr17        00000
__Hsfr18                                            sfr18        00000
__Hsfr19                                            sfr19        00000
__Hsfr2                                             sfr2         00000
__Hsfr20                                            sfr20        00000
__Hsfr21                                            sfr21        00000
__Hsfr22                                            sfr22        00000
__Hsfr23                                            sfr23        00000
__Hsfr24                                            sfr24        00000
__Hsfr25                                            sfr25        00000
__Hsfr26                                            sfr26        00000
__Hsfr27                                            sfr27        00000
__Hsfr28                                            sfr28        00000
__Hsfr29                                            sfr29        00000
__Hsfr3                                             sfr3         00000
__Hsfr30                                            sfr30        00000
__Hsfr31                                            sfr31        00000
__Hsfr4                                             sfr4         00000
__Hsfr5                                             sfr5         00000
__Hsfr6                                             sfr6         00000
__Hsfr7                                             sfr7         00000
__Hsfr8                                             sfr8         00000
__Hsfr9                                             sfr9         00000
__Hstrings                                          strings      00000
__Htext                                             text         00000
__Labs1                                             abs1         00000
__Lbank0                                            bank0        00000
__Lbank1                                            bank1        00000
__Lbank10                                           bank10       00000
__Lbank11                                           bank11       00000
__Lbank12                                           bank12       00000
__Lbank13                                           bank13       00000
__Lbank14                                           bank14       00000
__Lbank15                                           bank15       00000
__Lbank16                                           bank16       00000
__Lbank17                                           bank17       00000
__Lbank18                                           bank18       00000
__Lbank19                                           bank19       00000
__Lbank2                                            bank2        00000
__Lbank20                                           bank20       00000
__Lbank21                                           bank21       00000
__Lbank22                                           bank22       00000
__Lbank23                                           bank23       00000
__Lbank24                                           bank24       00000
__Lbank25                                           bank25       00000
__Lbank26                                           bank26       00000
__Lbank27                                           bank27       00000
__Lbank28                                           bank28       00000
__Lbank29                                           bank29       00000
__Lbank3                                            bank3        00000
__Lbank30                                           bank30       00000
__Lbank31                                           bank31       00000
__Lbank4                                            bank4        00000
__Lbank5                                            bank5        00000
__Lbank6                                            bank6        00000
__Lbank7                                            bank7        00000
__Lbank8                                            bank8        00000
__Lbank9                                            bank9        00000
__Lbigram                                           bigram       00000
__LbssBANK0                                         bssBANK0     00000
__LbssCOMMON                                        bssCOMMON    00000
__Lcinit                                            cinit        0000D
__Lclrtext                                          clrtext      00000
__Lcode                                             code         00000
__Lcommon                                           common       00000
__Lconfig                                           config       08007
__LcstackBANK0                                      cstackBANK0  00000
__LcstackCOMMON                                     cstackCOMMON 00000
__Leeprom_data                                      eeprom_data  00000
__Lend_init                                         end_init     0000B
__Lfunctab                                          functab      00100
__Lidloc                                            idloc        00000
__Linit                                             init         0000B
__Lintentry                                         intentry     00004
__Lmaintext                                         maintext     00000
__Lpowerup                                          powerup      00000
__Lram                                              ram          00000
__Lreset_vec                                        reset_vec    00000
__Lsfr0                                             sfr0         00000
__Lsfr1                                             sfr1         00000
__Lsfr10                                            sfr10        00000
__Lsfr11                                            sfr11        00000
__Lsfr12                                            sfr12        00000
__Lsfr13                                            sfr13        00000
__Lsfr14                                            sfr14        00000
__Lsfr15                                            sfr15        00000
__Lsfr16                                            sfr16        00000
__Lsfr17                                            sfr17        00000
__Lsfr18                                            sfr18        00000
__Lsfr19                                            sfr19        00000
__Lsfr2                                             sfr2         00000
__Lsfr20                                            sfr20        00000
__Lsfr21                                            sfr21        00000
__Lsfr22                                            sfr22        00000
__Lsfr23                                            sfr23        00000
__Lsfr24                                            sfr24        00000
__Lsfr25                                            sfr25        00000
__Lsfr26                                            sfr26        00000
__Lsfr27                                            sfr27        00000
__Lsfr28                                            sfr28        00000
__Lsfr29                                            sfr29        00000
__Lsfr3                                             sfr3         00000
__Lsfr30                                            sfr30        00000
__Lsfr31                                            sfr31        00000
__Lsfr4                                             sfr4         00000
__Lsfr5                                             sfr5         00000
__Lsfr6                                             sfr6         00000
__Lsfr7                                             sfr7         00000
__Lsfr8                                             sfr8         00000
__Lsfr9                                             sfr9         00000
__Lstrings                                          strings      00000
__Ltext                                             text         00000
__S0                                                (abs)        08009
__S1                                                (abs)        0007D
___latbits                                          (abs)        00002
__end_of_ClockPulse                                 text46       00FC6
__end_of_DAC1220_Init                               text42       007D4
__end_of_DAC1220_Read3Bytes                         text18       00583
__end_of_DAC1220_Reset                              text47       0051C
__end_of_DAC1220_SelfCal                            text17       00100
__end_of_DAC1220_Write2Bytes                        text44       00700
__end_of_DAC1220_Write3Bytes                        text43       006A6
__end_of_EUSART_Initialize                          text38       00765
__end_of_EUSART_Read                                text1        00FD1
__end_of_EUSART_SetErrorHandler                     text39       00FB3
__end_of_EUSART_SetFramingErrorHandler              text41       00FA5
__end_of_EUSART_SetOverrunErrorHandler              text40       00FAC
__end_of_EUSART_Write                               text36       00800
__end_of_EUSART_is_rx_ready                         text2        00F92
__end_of_FLASH_erase                                text21       00733
__end_of_FLASH_read                                 text51       007E7
__end_of_FLASH_write                                text22       00644
__end_of_HEFLASH_readBlock                          text50       00551
__end_of_HEFLASH_writeBlock                         text20       003A2
__end_of_InitializeIO                               text34       00342
__end_of_InitializeSPI                              text49       00FDE
__end_of_MCP3550_Read                               text14       004E4
__end_of_Read2BytesSPI                              text15       004AC
__end_of_ReadByteSPI                                text19       0077C
__end_of_SPIDelay                                   text48       00F98
__end_of_USART_Send                                 text35       0074C
__end_of_WriteByteSPI                               text45       0071A
__end_of__fptable                                   functab      00103
__end_of__initialization                            cinit        00015
__end_of__stringdata                                strings      000D2
__end_of__stringtab                                 strings      00019
__end_of__unlock                                    text23       00FBC
__end_of_command_calibrate_dac                      text16       00472
__end_of_command_cell_off                           text30       00F83
__end_of_command_cell_on                            text31       00F7E
__end_of_command_mode_galvanostatic                 text28       00F8D
__end_of_command_mode_potentiostatic                text29       00F88
__end_of_command_range1                             text27       00FEF
__end_of_command_range2                             text26       01000
__end_of_command_range3                             text25       000F4
__end_of_command_read_adc                           text12       00622
__end_of_command_read_dac_cal                       text6        00665
__end_of_command_read_offset                        text10       006C5
__end_of_command_read_shuntcalibration              text8        00686
__end_of_command_save_offset                        text9        000E3
__end_of_command_save_shuntcalibration              text7        007F8
__end_of_command_set_dac                            text24       006E4
__end_of_command_set_dac_cal                        text5        003EB
__end_of_command_unknown                            text33       007BE
__end_of_interpret_command                          text3        002C2
__end_of_isr                                        intentry     0000B
__end_of_main                                       maintext     005B3
__end_of_memcpy                                     text11       005DB
__end_of_send_OK                                    text32       007A8
__end_of_send_WAIT                                  text13       00792
__end_of_strlen                                     text37       00600
__end_of_strncmp                                    text4        0042F
__fptable                                           functab      00100
__initialization                                    cinit        0000D
__pbssBANK0                                         bssBANK0     00020
__pbssCOMMON                                        bssCOMMON    0007C
__pcstackBANK0                                      cstackBANK0  0005B
__pcstackCOMMON                                     cstackCOMMON 00070
__pfunctab                                          functab      00100
__pintentry                                         intentry     00004
__pmaintext                                         maintext     00583
__pstrings                                          strings      00018
__ptext1                                            text1        00FC6
__ptext10                                           text10       006A6
__ptext11                                           text11       005B3
__ptext12                                           text12       00600
__ptext13                                           text13       0077C
__ptext14                                           text14       004AC
__ptext15                                           text15       00472
__ptext16                                           text16       0042F
__ptext17                                           text17       000F4
__ptext18                                           text18       00551
__ptext19                                           text19       00765
__ptext2                                            text2        00F8D
__ptext20                                           text20       00342
__ptext21                                           text21       0071A
__ptext22                                           text22       00622
__ptext23                                           text23       00FB3
__ptext24                                           text24       006C5
__ptext25                                           text25       000E3
__ptext26                                           text26       00FEF
__ptext27                                           text27       00FDE
__ptext28                                           text28       00F88
__ptext29                                           text29       00F83
__ptext3                                            text3        00103
__ptext30                                           text30       00F7E
__ptext31                                           text31       00F79
__ptext32                                           text32       00792
__ptext33                                           text33       007A8
__ptext34                                           text34       002C2
__ptext35                                           text35       00733
__ptext36                                           text36       007F8
__ptext37                                           text37       005DB
__ptext38                                           text38       0074C
__ptext39                                           text39       00FAC
__ptext4                                            text4        003EB
__ptext40                                           text40       00FA5
__ptext41                                           text41       00F9E
__ptext42                                           text42       007BE
__ptext43                                           text43       00686
__ptext44                                           text44       006E4
__ptext45                                           text45       00700
__ptext46                                           text46       00FBC
__ptext47                                           text47       004E4
__ptext48                                           text48       00F92
__ptext49                                           text49       00FD1
__ptext5                                            text5        003A2
__ptext50                                           text50       0051C
__ptext51                                           text51       007D4
__ptext6                                            text6        00644
__ptext7                                            text7        007E7
__ptext8                                            text8        00665
__ptext9                                            text9        000D2
__size_of_ClockPulse                                (abs)        00000
__size_of_DAC1220_Init                              (abs)        00000
__size_of_DAC1220_Read3Bytes                        (abs)        00000
__size_of_DAC1220_Reset                             (abs)        00000
__size_of_DAC1220_SelfCal                           (abs)        00000
__size_of_DAC1220_Write2Bytes                       (abs)        00000
__size_of_DAC1220_Write3Bytes                       (abs)        00000
__size_of_EUSART_Initialize                         (abs)        00000
__size_of_EUSART_Read                               (abs)        00000
__size_of_EUSART_SetErrorHandler                    (abs)        00000
__size_of_EUSART_SetFramingErrorHandler             (abs)        00000
__size_of_EUSART_SetOverrunErrorHandler             (abs)        00000
__size_of_EUSART_Write                              (abs)        00000
__size_of_EUSART_is_rx_ready                        (abs)        00000
__size_of_FLASH_erase                               (abs)        00000
__size_of_FLASH_read                                (abs)        00000
__size_of_FLASH_write                               (abs)        00000
__size_of_HEFLASH_readBlock                         (abs)        00000
__size_of_HEFLASH_writeBlock                        (abs)        00000
__size_of_InitializeIO                              (abs)        00000
__size_of_InitializeSPI                             (abs)        00000
__size_of_MCP3550_Read                              (abs)        00000
__size_of_Read2BytesSPI                             (abs)        00000
__size_of_ReadByteSPI                               (abs)        00000
__size_of_SPIDelay                                  (abs)        00000
__size_of_USART_Send                                (abs)        00000
__size_of_WriteByteSPI                              (abs)        00000
__size_of__fptable                                  (abs)        00000
__size_of__unlock                                   (abs)        00000
__size_of_command_calibrate_dac                     (abs)        00000
__size_of_command_cell_off                          (abs)        00000
__size_of_command_cell_on                           (abs)        00000
__size_of_command_mode_galvanostatic                (abs)        00000
__size_of_command_mode_potentiostatic               (abs)        00000
__size_of_command_range1                            (abs)        00000
__size_of_command_range2                            (abs)        00000
__size_of_command_range3                            (abs)        00000
__size_of_command_read_adc                          (abs)        00000
__size_of_command_read_dac_cal                      (abs)        00000
__size_of_command_read_offset                       (abs)        00000
__size_of_command_read_shuntcalibration             (abs)        00000
__size_of_command_save_offset                       (abs)        00000
__size_of_command_save_shuntcalibration             (abs)        00000
__size_of_command_set_dac                           (abs)        00000
__size_of_command_set_dac_cal                       (abs)        00000
__size_of_command_unknown                           (abs)        00000
__size_of_interpret_command                         (abs)        00000
__size_of_isr                                       (abs)        00000
__size_of_main                                      (abs)        00000
__size_of_memcpy                                    (abs)        00000
__size_of_send_OK                                   (abs)        00000
__size_of_send_WAIT                                 (abs)        00000
__size_of_strlen                                    (abs)        00000
__size_of_strncmp                                   (abs)        00000
__stringdata                                        strings      00019
__stringtab                                         strings      00018
__unlock                                            text23       00FB3
_command_calibrate_dac                              text16       0042F
_command_cell_off                                   text30       00F7E
_command_cell_on                                    text31       00F79
_command_mode_galvanostatic                         text28       00F88
_command_mode_potentiostatic                        text29       00F83
_command_range1                                     text27       00FDE
_command_range2                                     text26       00FEF
_command_range3                                     text25       000E3
_command_read_adc                                   text12       00600
_command_read_dac_cal                               text6        00644
_command_read_offset                                text10       006A6
_command_read_shuntcalibration                      text8        00665
_command_save_offset                                text9        000D2
_command_save_shuntcalibration                      text7        007E7
_command_set_dac                                    text24       006C5
_command_set_dac_cal                                text5        003A2
_command_unknown                                    text33       007A8
_eusartRxLastError                                  bssBANK0     00023
_heflashbuffer                                      bssBANK0     00027
_interpret_command                                  text3        00103
_isr                                                intentry     00004
_main                                               maintext     00583
_memcpy                                             text11       005B3
_received_data                                      bssBANK0     00024
_received_data_length                               bssCOMMON    0007C
_send_OK                                            text32       00792
_send_WAIT                                          text13       0077C
_strlen                                             text37       005DB
_strncmp                                            text4        003EB
_transmit_data                                      bssBANK0     00025
_transmit_data_length                               bssBANK0     00026
_uart_command                                       bssBANK0     00047
btemp                                               (abs)        0007E
clear_ram0                                          clrtext      00F98
command_calibrate_dac@data                          cstackBANK0  00061
command_read_adc@adc_data                           cstackBANK0  0005F
command_read_adc@i                                  cstackBANK0  00065
command_save_offset@offset_data                     cstackBANK0  0005F
command_save_shuntcalibration@shuntcalibration_data cstackBANK0  0005F
command_set_dac@dac_data                            cstackBANK0  00061
command_set_dac_cal@dac_cal_data                    cstackBANK0  00061
command_unknown@reply                               cstackBANK0  0005D
end_of_initialization                               cinit        00015
fpbase                                              functab      00102
fptable                                             functab      00100
fptotal                                             (abs)        00003
intlevel0                                           functab      00100
intlevel1                                           functab      00100
intlevel2                                           functab      00100
intlevel3                                           functab      00100
intlevel4                                           functab      00100
intlevel5                                           functab      00100
main@c                                              cstackBANK0  00069
main@i                                              cstackBANK0  0006A
memcpy@d                                            cstackCOMMON 00076
memcpy@d1                                           cstackCOMMON 00075
memcpy@n                                            cstackCOMMON 00072
memcpy@s                                            cstackCOMMON 00077
memcpy@s1                                           cstackCOMMON 00071
reset_vec                                           reset_vec    00000
send_OK@reply                                       cstackBANK0  0005D
send_WAIT@reply                                     cstackBANK0  0005D
start                                               init         0000B
start_initialization                                cinit        0000D
strlen@cp                                           cstackCOMMON 00078
strlen@s                                            cstackCOMMON 00077
strncmp@len                                         cstackCOMMON 00074
strncmp@s1                                          cstackCOMMON 00071
strncmp@s2                                          cstackCOMMON 00073
wtemp0                                              (abs)        0007E


FUNCTION INFORMATION:

 *************** function _main *****************
 Defined at:
		line 300 in file "main.c"
 Parameters:    Size  Location     Type
		None
 Auto vars:     Size  Location     Type
  i               1   15[BANK0 ] unsigned char 
  c               1   14[BANK0 ] unsigned char 
 Return value:  Size  Location     Type
                  2  310[COMMON] int 
 Registers used:
		wreg, fsr0l, fsr0h, fsr1l, fsr1h, status,2, status,0, pclath, cstack
 Tracked objects:
		On entry : 
		On exit  : 
		Unchanged: 
 Data sizes:     COMMON   BANK0   BANK1   BANK2   BANK3   BANK4   BANK5   BANK6   BANK7   BANK8   BANK9  BANK10  BANK11  BANK12
      Params:         0       0       0       0       0       0       0       0       0       0       0       0       0       0
      Locals:         0       2       0       0       0       0       0       0       0       0       0       0       0       0
      Temps:          0       1       0       0       0       0       0       0       0       0       0       0       0       0
      Totals:         0       3       0       0       0       0       0       0       0       0       0       0       0       0
Total ram usage:        3 bytes
 Hardware stack levels required when called:    8
 This function calls:
		_InitializeIO
		_interpret_command
		_EUSART_is_rx_ready
		_EUSART_Read
 This function is called by:
		Startup code after reset
 This function uses a non-reentrant model


 *************** function _EUSART_Read *****************
 Defined at:
		line 114 in file "eusart.c"
 Parameters:    Size  Location     Type
		None
 Auto vars:     Size  Location     Type
		None
 Return value:  Size  Location     Type
                  1    wreg      unsigned char 
 Registers used:
		wreg, status,2
 Tracked objects:
		On entry : 
		On exit  : 
		Unchanged: 
 Data sizes:     COMMON   BANK0   BANK1   BANK2   BANK3   BANK4   BANK5   BANK6   BANK7   BANK8   BANK9  BANK10  BANK11  BANK12
      Params:         0       0       0       0       0       0       0       0       0       0       0       0       0       0
      Locals:         0       0       0       0       0       0       0       0       0       0       0       0       0       0
      Temps:          0       0       0       0       0       0       0       0       0       0       0       0       0       0
      Totals:         0       0       0       0       0       0       0       0       0       0       0       0       0       0
Total ram usage:        0 bytes
 Hardware stack levels used:    1
 Hardware stack levels required when called:    1
 This function calls:
		Nothing
 This function is called by:
		_main
 This function uses a non-reentrant model


 *************** function _EUSART_is_rx_ready *****************
 Defined at:
		line 100 in file "eusart.c"
 Parameters:    Size  Location     Type
		None
 Auto vars:     Size  Location     Type
		None
 Return value:  Size  Location     Type
                  1    wreg      unsigned char 
 Registers used:
		wreg, status,2, status,0
 Tracked objects:
		On entry : 
		On exit  : 
		Unchanged: 
 Data sizes:     COMMON   BANK0   BANK1   BANK2   BANK3   BANK4   BANK5   BANK6   BANK7   BANK8   BANK9  BANK10  BANK11  BANK12
      Params:         0       0       0       0       0       0       0       0       0       0       0       0       0       0
      Locals:         0       0       0       0       0       0       0       0       0       0       0       0       0       0
      Temps:          0       0       0       0       0       0       0       0       0       0       0       0       0       0
      Totals:         0       0       0       0       0       0       0       0       0       0       0       0       0       0
Total ram usage:        0 bytes
 Hardware stack levels used:    1
 Hardware stack levels required when called:    1
 This function calls:
		Nothing
 This function is called by:
		_main
 This function uses a non-reentrant model


 *************** function _interpret_command *****************
 Defined at:
		line 261 in file "main.c"
 Parameters:    Size  Location     Type
		None
 Auto vars:     Size  Location     Type
		None
 Return value:  Size  Location     Type
		None               void
 Registers used:
		wreg, fsr0l, fsr0h, fsr1l, fsr1h, status,2, status,0, pclath, cstack
 Tracked objects:
		On entry : 
		On exit  : 
		Unchanged: 
 Data sizes:     COMMON   BANK0   BANK1   BANK2   BANK3   BANK4   BANK5   BANK6   BANK7   BANK8   BANK9  BANK10  BANK11  BANK12
      Params:         0       0       0       0       0       0       0       0       0       0       0       0       0       0
      Locals:         0       0       0       0       0       0       0       0       0       0       0       0       0       0
      Temps:          0       1       0       0       0       0       0       0       0       0       0       0       0       0
      Totals:         0       1       0       0       0       0       0       0       0       0       0       0       0       0
Total ram usage:        1 bytes
 Hardware stack levels used:    1
 Hardware stack levels required when called:    7
 This function calls:
		_command_unknown
		_command_cell_on
		_command_cell_off
		_command_mode_potentiostatic
		_command_mode_galvanostatic
		_command_range1
		_command_range2
		_command_range3
		_command_set_dac
		_command_calibrate_dac
		_command_read_adc
		_command_read_offset
		_command_save_offset
		_command_read_shuntcalibration
		_command_save_shuntcalibration
		_command_read_dac_cal
		_command_set_dac_cal
		_strncmp
 This function is called by:
		_main
 This function uses a non-reentrant model


 *************** function _strncmp *****************
 Defined at:
		line 5 in file "C:\Program Files (x86)\Microchip\xc8\v1.21\sources\common\strncmp.c"
 Parameters:    Size  Location     Type
  s1              2    1[COMMON] PTR const unsigned char 
		 -> uart_command(20), ROM(8192), 
  s2              1    3[COMMON] PTR const unsigned char 
		 -> STR_20(14), STR_19(13), STR_18(11), STR_17(10), 
		 -> STR_16(12), STR_15(11), STR_14(8), STR_13(7), 
		 -> STR_12(8), STR_11(8), STR_10(8), STR_9(8), 
		 -> STR_8(14), STR_7(15), STR_6(9), STR_5(8), 
  len             2    4[COMMON] unsigned int 
 Auto vars:     Size  Location     Type
		None
 Return value:  Size  Location     Type
                  2    1[COMMON] int 
 Registers used:
		wreg, fsr0l, fsr0h, status,2, status,0, pclath
 Tracked objects:
		On entry : 
		On exit  : 
		Unchanged: 
 Data sizes:     COMMON   BANK0   BANK1   BANK2   BANK3   BANK4   BANK5   BANK6   BANK7   BANK8   BANK9  BANK10  BANK11  BANK12
      Params:         5       0       0       0       0       0       0       0       0       0       0       0       0       0
      Locals:         0       0       0       0       0       0       0       0       0       0       0       0       0       0
      Temps:          2       0       0       0       0       0       0       0       0       0       0       0       0       0
      Totals:         7       0       0       0       0       0       0       0       0       0       0       0       0       0
Total ram usage:        7 bytes
 Hardware stack levels used:    2
 Hardware stack levels required when called:    1
 This function calls:
		Nothing
 This function is called by:
		_interpret_command
 This function uses a non-reentrant model


 *************** function _command_set_dac_cal *****************
 Defined at:
		line 254 in file "main.c"
 Parameters:    Size  Location     Type
  dac_cal_data    1    wreg     PTR const unsigned char 
		 -> ROM(8192), 
 Auto vars:     Size  Location     Type
  dac_cal_data    1    6[BANK0 ] PTR const unsigned char 
		 -> ROM(8192), 
 Return value:  Size  Location     Type
		None               void
 Registers used:
		wreg, fsr0l, fsr0h, status,2, status,0, pclath, cstack
 Tracked objects:
		On entry : 
		On exit  : 
		Unchanged: 
 Data sizes:     COMMON   BANK0   BANK1   BANK2   BANK3   BANK4   BANK5   BANK6   BANK7   BANK8   BANK9  BANK10  BANK11  BANK12
      Params:         0       0       0       0       0       0       0       0       0       0       0       0       0       0
      Locals:         0       1       0       0       0       0       0       0       0       0       0       0       0       0
      Temps:          0       3       0       0       0       0       0       0       0       0       0       0       0       0
      Totals:         0       4       0       0       0       0       0       0       0       0       0       0       0       0
Total ram usage:        4 bytes
 Hardware stack levels used:    1
 Hardware stack levels required when called:    5
 This function calls:
		_HEFLASH_writeBlock
		_DAC1220_Write3Bytes
		_send_OK
 This function is called by:
		_interpret_command
 This function uses a non-reentrant model


 *************** function _command_read_dac_cal *****************
 Defined at:
		line 247 in file "main.c"
 Parameters:    Size  Location     Type
		None
 Auto vars:     Size  Location     Type
		None
 Return value:  Size  Location     Type
		None               void
 Registers used:
		wreg, fsr1l, fsr1h, status,2, status,0, pclath, cstack
 Tracked objects:
		On entry : 
		On exit  : 
		Unchanged: 
 Data sizes:     COMMON   BANK0   BANK1   BANK2   BANK3   BANK4   BANK5   BANK6   BANK7   BANK8   BANK9  BANK10  BANK11  BANK12
      Params:         0       0       0       0       0       0       0       0       0       0       0       0       0       0
      Locals:         0       0       0       0       0       0       0       0       0       0       0       0       0       0
      Temps:          0       3       0       0       0       0       0       0       0       0       0       0       0       0
      Totals:         0       3       0       0       0       0       0       0       0       0       0       0       0       0
Total ram usage:        3 bytes
 Hardware stack levels used:    1
 Hardware stack levels required when called:    3
 This function calls:
		_HEFLASH_readBlock
		_memcpy
 This function is called by:
		_interpret_command
 This function uses a non-reentrant model


 *************** function _command_save_shuntcalibration *****************
 Defined at:
		line 241 in file "main.c"
 Parameters:    Size  Location     Type
  shuntcalibra    1    wreg     PTR const unsigned char 
		 -> ROM(8192), 
 Auto vars:     Size  Location     Type
  shuntcalibra    1    4[BANK0 ] PTR const unsigned char 
		 -> ROM(8192), 
 Return value:  Size  Location     Type
		None               void
 Registers used:
		wreg, fsr0l, fsr0h, status,2, status,0, pclath, cstack
 Tracked objects:
		On entry : 
		On exit  : 
		Unchanged: 
 Data sizes:     COMMON   BANK0   BANK1   BANK2   BANK3   BANK4   BANK5   BANK6   BANK7   BANK8   BANK9  BANK10  BANK11  BANK12
      Params:         0       0       0       0       0       0       0       0       0       0       0       0       0       0
      Locals:         0       1       0       0       0       0       0       0       0       0       0       0       0       0
      Temps:          0       1       0       0       0       0       0       0       0       0       0       0       0       0
      Totals:         0       2       0       0       0       0       0       0       0       0       0       0       0       0
Total ram usage:        2 bytes
 Hardware stack levels used:    1
 Hardware stack levels required when called:    4
 This function calls:
		_HEFLASH_writeBlock
		_send_OK
 This function is called by:
		_interpret_command
 This function uses a non-reentrant model


 *************** function _command_read_shuntcalibration *****************
 Defined at:
		line 234 in file "main.c"
 Parameters:    Size  Location     Type
		None
 Auto vars:     Size  Location     Type
		None
 Return value:  Size  Location     Type
		None               void
 Registers used:
		wreg, fsr1l, fsr1h, status,2, status,0, pclath, cstack
 Tracked objects:
		On entry : 
		On exit  : 
		Unchanged: 
 Data sizes:     COMMON   BANK0   BANK1   BANK2   BANK3   BANK4   BANK5   BANK6   BANK7   BANK8   BANK9  BANK10  BANK11  BANK12
      Params:         0       0       0       0       0       0       0       0       0       0       0       0       0       0
      Locals:         0       0       0       0       0       0       0       0       0       0       0       0       0       0
      Temps:          0       3       0       0       0       0       0       0       0       0       0       0       0       0
      Totals:         0       3       0       0       0       0       0       0       0       0       0       0       0       0
Total ram usage:        3 bytes
 Hardware stack levels used:    1
 Hardware stack levels required when called:    3
 This function calls:
		_HEFLASH_readBlock
		_memcpy
 This function is called by:
		_interpret_command
 This function uses a non-reentrant model


 *************** function _command_save_offset *****************
 Defined at:
		line 228 in file "main.c"
 Parameters:    Size  Location     Type
  offset_data     1    wreg     PTR const unsigned char 
		 -> ROM(8192), 
 Auto vars:     Size  Location     Type
  offset_data     1    4[BANK0 ] PTR const unsigned char 
		 -> ROM(8192), 
 Return value:  Size  Location     Type
		None               void
 Registers used:
		wreg, fsr0l, fsr0h, status,2, status,0, pclath, cstack
 Tracked objects:
		On entry : 
		On exit  : 
		Unchanged: 
 Data sizes:     COMMON   BANK0   BANK1   BANK2   BANK3   BANK4   BANK5   BANK6   BANK7   BANK8   BANK9  BANK10  BANK11  BANK12
      Params:         0       0       0       0       0       0       0       0       0       0       0       0       0       0
      Locals:         0       1       0       0       0       0       0       0       0       0       0       0       0       0
      Temps:          0       1       0       0       0       0       0       0       0       0       0       0       0       0
      Totals:         0       2       0       0       0       0       0       0       0       0       0       0       0       0
Total ram usage:        2 bytes
 Hardware stack levels used:    1
 Hardware stack levels required when called:    4
 This function calls:
		_HEFLASH_writeBlock
		_send_OK
 This function is called by:
		_interpret_command
 This function uses a non-reentrant model


 *************** function _command_read_offset *****************
 Defined at:
		line 221 in file "main.c"
 Parameters:    Size  Location     Type
		None
 Auto vars:     Size  Location     Type
		None
 Return value:  Size  Location     Type
		None               void
 Registers used:
		wreg, fsr1l, fsr1h, status,2, status,0, pclath, cstack
 Tracked objects:
		On entry : 
		On exit  : 
		Unchanged: 
 Data sizes:     COMMON   BANK0   BANK1   BANK2   BANK3   BANK4   BANK5   BANK6   BANK7   BANK8   BANK9  BANK10  BANK11  BANK12
      Params:         0       0       0       0       0       0       0       0       0       0       0       0       0       0
      Locals:         0       0       0       0       0       0       0       0       0       0       0       0       0       0
      Temps:          0       3       0       0       0       0       0       0       0       0       0       0       0       0
      Totals:         0       3       0       0       0       0       0       0       0       0       0       0       0       0
Total ram usage:        3 bytes
 Hardware stack levels used:    1
 Hardware stack levels required when called:    3
 This function calls:
		_HEFLASH_readBlock
		_memcpy
 This function is called by:
		_interpret_command
 This function uses a non-reentrant model


 *************** function _memcpy *****************
 Defined at:
		line 13 in file "C:\Program Files (x86)\Microchip\xc8\v1.21\sources\common\memcpy.c"
 Parameters:    Size  Location     Type
  d1              1    wreg     PTR void 
		 -> NULL(0), 
  s1              1    1[COMMON] PTR const void 
		 -> heflashbuffer(32), 
  n               2    2[COMMON] unsigned int 
 Auto vars:     Size  Location     Type
  d1              1    5[COMMON] PTR void 
		 -> NULL(0), 
  s               1    7[COMMON] PTR const unsigned char 
		 -> heflashbuffer(32), 
  d               1    6[COMMON] PTR unsigned char 
		 -> NULL(0), 
 Return value:  Size  Location     Type
                  1    wreg      PTR void 
 Registers used:
		wreg, fsr1l, fsr1h, status,2, status,0
 Tracked objects:
		On entry : 
		On exit  : 
		Unchanged: 
 Data sizes:     COMMON   BANK0   BANK1   BANK2   BANK3   BANK4   BANK5   BANK6   BANK7   BANK8   BANK9  BANK10  BANK11  BANK12
      Params:         3       0       0       0       0       0       0       0       0       0       0       0       0       0
[...]
		 -> EUSART_DefaultFramingErrorHandler(0), 
 Auto vars:     Size  Location     Type
  interruptHan    1    2[COMMON] PTR FTN()void 
		 -> EUSART_DefaultFramingErrorHandler(0), 
 Return value:  Size  Location     Type
		None               void
 Registers used:
		wreg
 Tracked objects:
		On entry : 
		On exit  : 
		Unchanged: 
 Data sizes:     COMMON   BANK0   BANK1   BANK2   BANK3   BANK4   BANK5   BANK6   BANK7   BANK8   BANK9  BANK10  BANK11  BANK12
      Params:         0       0       0       0       0       0       0       0       0       0       0       0       0       0
      Locals:         1       0       0       0       0       0       0       0       0       0       0       0       0       0
      Temps:          1       0       0       0       0       0       0       0       0       0       0       0       0       0
      Totals:         2       0       0       0       0       0       0       0       0       0       0       0       0       0
Total ram usage:        2 bytes
 Hardware stack levels used:    1
 Hardware stack levels required when called:    1
 This function calls:
		Nothing
 This function is called by:
		_EUSART_Initialize
 This function uses a non-reentrant model


 *************** function _DAC1220_Init *****************
 Defined at:
		line 121 in file "spi/spi_software.c"
 Parameters:    Size  Location     Type
		None
 Auto vars:     Size  Location     Type
		None
 Return value:  Size  Location     Type
		None               void
 Registers used:
		wreg, status,2, status,0, pclath, cstack
 Tracked objects:
		On entry : 
		On exit  : 
		Unchanged: 
 Data sizes:     COMMON   BANK0   BANK1   BANK2   BANK3   BANK4   BANK5   BANK6   BANK7   BANK8   BANK9  BANK10  BANK11  BANK12
      Params:         0       0       0       0       0       0       0       0       0       0       0       0       0       0
      Locals:         0       0       0       0       0       0       0       0       0       0       0       0       0       0
      Temps:          2       0       0       0       0       0       0       0       0       0       0       0       0       0
      Totals:         2       0       0       0       0       0       0       0       0       0       0       0       0       0
Total ram usage:        2 bytes
 Hardware stack levels used:    1
 Hardware stack levels required when called:    5
 This function calls:
		_DAC1220_Write2Bytes
		_DAC1220_Write3Bytes
 This function is called by:
		_InitializeIO
 This function uses a non-reentrant model


 *************** function _DAC1220_Write3Bytes *****************
 Defined at:
		line 78 in file "spi/spi_software.c"
 Parameters:    Size  Location     Type
  address         1    wreg     const unsigned char 
  byte1           1    5[COMMON] const unsigned char 
  byte2           1    6[COMMON] const unsigned char 
  byte3           1    7[COMMON] const unsigned char 
 Auto vars:     Size  Location     Type
  address         1    8[COMMON] const unsigned char 
 Return value:  Size  Location     Type
		None               void
 Registers used:
		wreg, status,2, status,0, pclath, cstack
 Tracked objects:
		On entry : 
		On exit  : 
		Unchanged: 
 Data sizes:     COMMON   BANK0   BANK1   BANK2   BANK3   BANK4   BANK5   BANK6   BANK7   BANK8   BANK9  BANK10  BANK11  BANK12
      Params:         3       0       0       0       0       0       0       0       0       0       0       0       0       0
      Locals:         1       0       0       0       0       0       0       0       0       0       0       0       0       0
      Temps:          0       0       0       0       0       0       0       0       0       0       0       0       0       0
      Totals:         4       0       0       0       0       0       0       0       0       0       0       0       0       0
Total ram usage:        4 bytes
 Hardware stack levels used:    1
 Hardware stack levels required when called:    4
 This function calls:
		_SPIDelay
		_WriteByteSPI
 This function is called by:
		_DAC1220_Init
		_InitializeIO
		_command_set_dac
		_command_set_dac_cal
 This function uses a non-reentrant model


 *************** function _DAC1220_Write2Bytes *****************
 Defined at:
		line 65 in file "spi/spi_software.c"
 Parameters:    Size  Location     Type
  address         1    wreg     const unsigned char 
  byte1           1    5[COMMON] const unsigned char 
  byte2           1    6[COMMON] const unsigned char 
 Auto vars:     Size  Location     Type
  address         1    7[COMMON] const unsigned char 
 Return value:  Size  Location     Type
		None               void
 Registers used:
		wreg, status,2, status,0, pclath, cstack
 Tracked objects:
		On entry : 
		On exit  : 
		Unchanged: 
 Data sizes:     COMMON   BANK0   BANK1   BANK2   BANK3   BANK4   BANK5   BANK6   BANK7   BANK8   BANK9  BANK10  BANK11  BANK12
      Params:         2       0       0       0       0       0       0       0       0       0       0       0       0       0
      Locals:         1       0       0       0       0       0       0       0       0       0       0       0       0       0
      Temps:          0       0       0       0       0       0       0       0       0       0       0       0       0       0
      Totals:         3       0       0       0       0       0       0       0       0       0       0       0       0       0
Total ram usage:        3 bytes
 Hardware stack levels used:    1
 Hardware stack levels required when called:    4
 This function calls:
		_SPIDelay
		_WriteByteSPI
 This function is called by:
		_DAC1220_Init
		_DAC1220_SelfCal
 This function uses a non-reentrant model


 *************** function _WriteByteSPI *****************
 Defined at:
		line 166 in file "spi/spi_software.c"
 Parameters:    Size  Location     Type
  data_byte       1    wreg     unsigned char 
 Auto vars:     Size  Location     Type
  data_byte       1    3[COMMON] unsigned char 
  bit_counter     1    4[COMMON] unsigned char 
 Return value:  Size  Location     Type
		None               void
 Registers used:
		wreg, status,2, status,0, pclath, cstack
 Tracked objects:
		On entry : 
		On exit  : 
		Unchanged: 
 Data sizes:     COMMON   BANK0   BANK1   BANK2   BANK3   BANK4   BANK5   BANK6   BANK7   BANK8   BANK9  BANK10  BANK11  BANK12
      Params:         0       0       0       0       0       0       0       0       0       0       0       0       0       0
      Locals:         2       0       0       0       0       0       0       0       0       0       0       0       0       0
      Temps:          1       0       0       0       0       0       0       0       0       0       0       0       0       0
      Totals:         3       0       0       0       0       0       0       0       0       0       0       0       0       0
Total ram usage:        3 bytes
 Hardware stack levels used:    1
 Hardware stack levels required when called:    3
 This function calls:
		_ClockPulse
 This function is called by:
		_DAC1220_Write2Bytes
		_DAC1220_Write3Bytes
		_DAC1220_Read3Bytes
		_DAC1220_Read2Bytes
 This function uses a non-reentrant model


 *************** function _ClockPulse *****************
 Defined at:
		line 177 in file "spi/spi_software.c"
 Parameters:    Size  Location     Type
		None
 Auto vars:     Size  Location     Type
		None
 Return value:  Size  Location     Type
		None               void
 Registers used:
		wreg, status,2, status,0, pclath, cstack
 Tracked objects:
		On entry : 
		On exit  : 
		Unchanged: 
 Data sizes:     COMMON   BANK0   BANK1   BANK2   BANK3   BANK4   BANK5   BANK6   BANK7   BANK8   BANK9  BANK10  BANK11  BANK12
      Params:         0       0       0       0       0       0       0       0       0       0       0       0       0       0
      Locals:         0       0       0       0       0       0       0       0       0       0       0       0       0       0
      Temps:          0       0       0       0       0       0       0       0       0       0       0       0       0       0
      Totals:         0       0       0       0       0       0       0       0       0       0       0       0       0       0
Total ram usage:        0 bytes
 Hardware stack levels used:    1
 Hardware stack levels required when called:    2
 This function calls:
		_SPIDelay
 This function is called by:
		_Read2BytesSPI
		_ReadByteSPI
		_WriteByteSPI
 This function uses a non-reentrant model


 *************** function _DAC1220_Reset *****************
 Defined at:
		line 45 in file "spi/spi_software.c"
 Parameters:    Size  Location     Type
		None
 Auto vars:     Size  Location     Type
		None
 Return value:  Size  Location     Type
		None               void
 Registers used:
		wreg, status,2, status,0, pclath, cstack
 Tracked objects:
		On entry : 
		On exit  : 
		Unchanged: 
 Data sizes:     COMMON   BANK0   BANK1   BANK2   BANK3   BANK4   BANK5   BANK6   BANK7   BANK8   BANK9  BANK10  BANK11  BANK12
      Params:         0       0       0       0       0       0       0       0       0       0       0       0       0       0
      Locals:         0       0       0       0       0       0       0       0       0       0       0       0       0       0
      Temps:          2       0       0       0       0       0       0       0       0       0       0       0       0       0
      Totals:         2       0       0       0       0       0       0       0       0       0       0       0       0       0
Total ram usage:        2 bytes
 Hardware stack levels used:    1
 Hardware stack levels required when called:    2
 This function calls:
		_SPIDelay
 This function is called by:
		_InitializeIO
 This function uses a non-reentrant model


 *************** function _SPIDelay *****************
 Defined at:
		line 186 in file "spi/spi_software.c"
 Parameters:    Size  Location     Type
		None
 Auto vars:     Size  Location     Type
		None
 Return value:  Size  Location     Type
		None               void
 Registers used:
		wreg
 Tracked objects:
		On entry : 
		On exit  : 
		Unchanged: 
 Data sizes:     COMMON   BANK0   BANK1   BANK2   BANK3   BANK4   BANK5   BANK6   BANK7   BANK8   BANK9  BANK10  BANK11  BANK12
      Params:         0       0       0       0       0       0       0       0       0       0       0       0       0       0
      Locals:         0       0       0       0       0       0       0       0       0       0       0       0       0       0
      Temps:          1       0       0       0       0       0       0       0       0       0       0       0       0       0
      Totals:         1       0       0       0       0       0       0       0       0       0       0       0       0       0
Total ram usage:        1 bytes
 Hardware stack levels used:    1
 Hardware stack levels required when called:    1
 This function calls:
		Nothing
 This function is called by:
		_MCP3550_Read
		_DAC1220_Reset
		_DAC1220_Write2Bytes
		_DAC1220_Write3Bytes
		_DAC1220_Read3Bytes
		_ClockPulse
		_DAC1220_Read2Bytes
 This function uses a non-reentrant model


 *************** function _InitializeSPI *****************
 Defined at:
		line 6 in file "spi/spi_software.c"
 Parameters:    Size  Location     Type
		None
 Auto vars:     Size  Location     Type
		None
 Return value:  Size  Location     Type
		None               void
 Registers used:
		None
 Tracked objects:
		On entry : 
		On exit  : 
		Unchanged: 
 Data sizes:     COMMON   BANK0   BANK1   BANK2   BANK3   BANK4   BANK5   BANK6   BANK7   BANK8   BANK9  BANK10  BANK11  BANK12
      Params:         0       0       0       0       0       0       0       0       0       0       0       0       0       0
      Locals:         0       0       0       0       0       0       0       0       0       0       0       0       0       0
      Temps:          0       0       0       0       0       0       0       0       0       0       0       0       0       0
      Totals:         0       0       0       0       0       0       0       0       0       0       0       0       0       0
Total ram usage:        0 bytes
 Hardware stack levels used:    1
 Hardware stack levels required when called:    1
 This function calls:
		Nothing
 This function is called by:
		_InitializeIO
 This function uses a non-reentrant model


 *************** function _HEFLASH_readBlock *****************
 Defined at:
		line 50 in file "heflash/HEFlash.c"
 Parameters:    Size  Location     Type
  buffer          1    wreg     PTR unsigned char 
		 -> heflashbuffer(32), 
  radd            1    3[COMMON] unsigned char 
  count           1    4[COMMON] unsigned char 
 Auto vars:     Size  Location     Type
  buffer          1    7[COMMON] PTR unsigned char 
		 -> heflashbuffer(32), 
  add             2    8[COMMON] unsigned int 
 Return value:  Size  Location     Type
                  1    wreg      unsigned char 
 Registers used:
		wreg, fsr1l, fsr1h, status,2, status,0, pclath, cstack
 Tracked objects:
		On entry : 
		On exit  : 
		Unchanged: 
 Data sizes:     COMMON   BANK0   BANK1   BANK2   BANK3   BANK4   BANK5   BANK6   BANK7   BANK8   BANK9  BANK10  BANK11  BANK12
      Params:         2       0       0       0       0       0       0       0       0       0       0       0       0       0
      Locals:         3       0       0       0       0       0       0       0       0       0       0       0       0       0
      Temps:          2       0       0       0       0       0       0       0       0       0       0       0       0       0
      Totals:         7       0       0       0       0       0       0       0       0       0       0       0       0       0
Total ram usage:        7 bytes
 Hardware stack levels used:    1
 Hardware stack levels required when called:    2
 This function calls:
		_FLASH_read
 This function is called by:
		_InitializeIO
		_command_read_offset
		_command_read_shuntcalibration
		_command_read_dac_cal
 This function uses a non-reentrant model


 *************** function _FLASH_read *****************
 Defined at:
		line 32 in file "heflash/Flash.c"
 Parameters:    Size  Location     Type
  address         2    1[COMMON] unsigned int 
 Auto vars:     Size  Location     Type
		None
 Return value:  Size  Location     Type
                  2    1[COMMON] unsigned int 
 Registers used:
		wreg, status,2, status,0
 Tracked objects:
		On entry : 
		On exit  : 
		Unchanged: 
 Data sizes:     COMMON   BANK0   BANK1   BANK2   BANK3   BANK4   BANK5   BANK6   BANK7   BANK8   BANK9  BANK10  BANK11  BANK12
      Params:         2       0       0       0       0       0       0       0       0       0       0       0       0       0
      Locals:         0       0       0       0       0       0       0       0       0       0       0       0       0       0
      Temps:          0       0       0       0       0       0       0       0       0       0       0       0       0       0
      Totals:         2       0       0       0       0       0       0       0       0       0       0       0       0       0
Total ram usage:        2 bytes
 Hardware stack levels used:    1
 Hardware stack levels required when called:    1
 This function calls:
		Nothing
 This function is called by:
		_HEFLASH_readBlock
		_FLASH_readBlock
		_HEFLASH_readByte
 This function uses a non-reentrant model


 *************** function _isr *****************
 Defined at:
		line 348 in file "main.c"
 Parameters:    Size  Location     Type
		None
 Auto vars:     Size  Location     Type
		None
 Return value:  Size  Location     Type
		None               void
 Registers used:
		None
 Tracked objects:
		On entry : 
		On exit  : 
		Unchanged: 
 Data sizes:     COMMON   BANK0   BANK1   BANK2   BANK3   BANK4   BANK5   BANK6   BANK7   BANK8   BANK9  BANK10  BANK11  BANK12
      Params:         0       0       0       0       0       0       0       0       0       0       0       0       0       0
      Locals:         0       0       0       0       0       0       0       0       0       0       0       0       0       0
      Temps:          1       0       0       0       0       0       0       0       0       0       0       0       0       0
      Totals:         1       0       0       0       0       0       0       0       0       0       0       0       0       0
Total ram usage:        1 bytes
 Hardware stack levels used:    1
 This function calls:
		Nothing
 This function is called by:
		Interrupt level 1
 This function uses a non-reentrant model



MODULE INFORMATION

Module		Function		Class		Link	Load	Size
shared
		__stringtab    		STRING         	0018	0000	1
		__stringdata   		STRING         	0019	0000	185
		__initializatio		CODE           	000D	0000	8
		__fptable      		CODE           	0100	0000	3

shared estimated size: 197

main.c
		_command_cell_o		CODE           	0F7E	0000	5
		_interpret_comm		CODE           	0103	0000	447
		_command_mode_p		CODE           	0F83	0000	5
		_command_mode_g		CODE           	0F88	0000	5
		_command_range1		CODE           	0FDE	0000	17
		_command_range2		CODE           	0FEF	0000	17
		_command_range3		CODE           	00E3	0000	17
		_main          		CODE           	0583	0000	48
		_command_read_o		CODE           	06A6	0000	31
		_command_save_o		CODE           	00D2	0000	17
		_command_set_da		CODE           	06C5	0000	31
		_command_cell_o		CODE           	0F79	0000	5
		_InitializeIO  		CODE           	02C2	0000	128
		_command_unknow		CODE           	07A8	0000	22
		_command_read_d		CODE           	0644	0000	33
		_isr           		CODE           	0004	0000	7
		_command_read_s		CODE           	0665	0000	33
		_command_save_s		CODE           	07E7	0000	17
		_command_set_da		CODE           	03A2	0000	73
		_send_WAIT     		CODE           	077C	0000	22
		_command_calibr		CODE           	042F	0000	67
		_send_OK       		CODE           	0792	0000	22
		_command_read_a		CODE           	0600	0000	34

main.c estimated size: 1103

eusart.c
		_EUSART_Read   		CODE           	0FC6	0000	11
		_EUSART_Write  		CODE           	07F8	0000	8
		_EUSART_Initial		CODE           	074C	0000	25
		_EUSART_SetFram		CODE           	0F9E	0000	7
		_EUSART_SetErro		CODE           	0FAC	0000	7
		_EUSART_SetOver		CODE           	0FA5	0000	7
		_USART_Send    		CODE           	0733	0000	25
		_EUSART_is_rx_r		CODE           	0F8D	0000	5

eusart.c estimated size: 95

C:\Program Files (x86)\Microchip\xc8\v1.21\sources\common\strlen.c
		_strlen        		CODE           	05DB	0000	37

C:\Program Files (x86)\Microchip\xc8\v1.21\sources\common\strlen.c estimated size: 37

C:\Program Files (x86)\Microchip\xc8\v1.21\sources\common\strncmp.c
		_strncmp       		CODE           	03EB	0000	68

C:\Program Files (x86)\Microchip\xc8\v1.21\sources\common\strncmp.c estimated size: 68

C:\Program Files (x86)\Microchip\xc8\v1.21\sources\common\memcpy.c
		_memcpy        		CODE           	05B3	0000	40

C:\Program Files (x86)\Microchip\xc8\v1.21\sources\common\memcpy.c estimated size: 40

spi/spi_software.c
		_DAC1220_Init  		CODE           	07BE	0000	22
		_DAC1220_Reset 		CODE           	04E4	0000	56
		_WriteByteSPI  		CODE           	0700	0000	26
		_DAC1220_Write2		CODE           	06E4	0000	28
		_DAC1220_Write3		CODE           	0686	0000	32
		_InitializeSPI 		CODE           	0FD1	0000	13
		_Read2BytesSPI 		CODE           	0472	0000	58
		_MCP3550_Read  		CODE           	04AC	0000	56
		_DAC1220_SelfCa		CODE           	00F4	0000	12
		_ReadByteSPI   		CODE           	0765	0000	23
		_DAC1220_Read3B		CODE           	0551	0000	50
		_ClockPulse    		CODE           	0FBC	0000	10
		_SPIDelay      		CODE           	0F92	0000	6

spi/spi_software.c estimated size: 392

heflash/HEFlash.c
		_HEFLASH_readBl		CODE           	051C	0000	53
		_HEFLASH_writeB		CODE           	0342	0000	96

heflash/HEFlash.c estimated size: 149

heflash/Flash.c
		_FLASH_write   		CODE           	0622	0000	34
		__unlock       		CODE           	0FB3	0000	9
		_FLASH_read    		CODE           	07D4	0000	19
		_FLASH_erase   		CODE           	071A	0000	25

heflash/Flash.c estimated size: 87

