Microchip MPLAB XC8 Compiler V1.21 ()

Linker command line:

-W-3 --edf=C:\Program Files (x86)\Microchip\xc8\v1.21\dat\en_msgs.txt -cs \
  -h+dist/default/production\Potenciostat.X.production.sym \
  --cmf=dist/default/production\Potenciostat.X.production.cmf -z -Q16F1459 \
  -oC:\Users\david\AppData\Local\Temp\s95g.6 \
  -Mdist/default/production/Potenciostat.X.production.map -E1 -ver=XC8 \
  -ACONST=00h-0FFhx32 -ACODE=00h-07FFhx4 -ASTRCODE=00h-01FFFh \
  -AENTRY=00h-0FFhx32 -ASTRING=00h-0FFhx32 -ACOMMON=070h-07Fh \
  -ABANK0=020h-06Fh -ABANK1=0A0h-0EFh -ABANK2=0120h-016Fh \
  -ABANK3=01A0h-01EFh -ABANK4=0220h-026Fh -ABANK5=02A0h-02EFh \
  -ABANK6=0320h-036Fh -ABANK7=03A0h-03EFh -ABANK8=0420h-046Fh \
  -ABANK9=04A0h-04EFh -ABANK10=0520h-056Fh -ABANK11=05A0h-05EFh \
  -ABANK12=0620h-064Fh -ABIGRAM=02000h-023EFh \
  -ARAM=020h-06Fh,0A0h-0EFh,0120h-016Fh,01A0h-01EFh,0220h-026Fh,02A0h-02EFh,0320h-036Fh,03A0h-03EFh,0420h-046Fh,04A0h-04EFh,0520h-056Fh,05A0h-05EFh,0620h-064Fh \
  -AABS1=020h-07Fh,0A0h-0EFh,0120h-016Fh,01A0h-01EFh,0220h-026Fh,02A0h-02EFh,0320h-036Fh,03A0h-03EFh,0420h-046Fh,04A0h-04EFh,0520h-056Fh,05A0h-05EFh,0620h-064Fh \
  -ASFR0=00h-01Fh -ASFR1=080h-09Fh -ASFR2=0100h-011Fh -ASFR3=0180h-019Fh \
  -ASFR4=0200h-021Fh -ASFR5=0280h-029Fh -ASFR6=0300h-031Fh \
  -ASFR7=0380h-039Fh -ASFR8=0400h-041Fh -ASFR9=0480h-049Fh \
  -ASFR10=0500h-051Fh -ASFR11=0580h-059Fh -ASFR12=0600h-061Fh \
  -ASFR13=0680h-06EFh -ASFR14=0700h-076Fh -ASFR15=0780h-07EFh \
  -ASFR16=0800h-086Fh -ASFR17=0880h-08EFh -ASFR18=0900h-096Fh \
  -ASFR19=0980h-09EFh -ASFR20=0A00h-0A6Fh -ASFR21=0A80h-0AEFh \
  -ASFR22=0B00h-0B6Fh -ASFR23=0B80h-0BEFh -ASFR24=0C00h-0C6Fh \
  -ASFR25=0C80h-0CEFh -ASFR26=0D00h-0D6Fh -ASFR27=0D80h-0DEFh \
  -ASFR28=0E00h-0E6Fh -ASFR29=0E80h-0EEFh -ASFR30=0F00h-0F6Fh \
  -ASFR31=0F80h-0FEFh -preset_vec=00h,intentry=04h,init,end_init \
  -ppowerup=CODE -pcinit=CODE -pfunctab=CODE -ACONFIG=08007h-08008h \
  -pconfig=CONFIG -DCONFIG=2 -AIDLOC=08000h-08003h -pidloc=IDLOC -DIDLOC=2 \
  -DCODE=2 -DSTRCODE=2 -DSTRING=2 -DCONST=2 -DENTRY=2 -k \
  C:\Users\david\AppData\Local\Temp\s95g.obj \
  dist/default/production\Potenciostat.X.production.obj 

Object code version is 3.11

Machine type is 16F1459



                Name                               Link     Load   Length Selector   Space Scale
C:\Users\david\AppData\Local\Temp\s95g.obj
                end_init                              B        B        2        8       0
                reset_vec                             0        0        2        0       0
                config                             8007     8007        2    1000E       0
dist/default/production\Potenciostat.X.production.obj
                cinit                                 D        D       32        8       0
                functab                             100      100        3        2       0
                intentry                              4        4        7        8       0
                text51                              EE6      EE6       13     1DCC       0
                text50                              6E7      6E7       36      8E0       0
                text49                              E85      E85        D     1D0A       0
                text48                              E20      E20        6     1C40       0
                text47                              6AF      6AF       38      8E0       0
                text46                              E4C      E4C        A     1C98       0
                text45                              F6D      F6D       1A     1EDA       0
                text44                              F87      F87       1C     1F0E       0
                text43                               C9       C9       20        8       0
                text42                              F0E      F0E       16     1E1C       0
                text41                              470      470       75      8E0       0
                text40                               A8       A8       21        8       0
                text39                              E3B      E3B        8     1C76       0
                text38                              F24      F24       17     1E48       0
                text37                              FA3      FA3       1F     1F46       0
                text36                              FC2      FC2       1F     1F84       0
                text35                              E07      E07        5     1C0E       0
                text34                              E0C      E0C        5     1C18       0
                text33                              E11      E11        5     1C22       0
                text32                              E16      E16        5     1C2C       0
                text31                              E92      E92       10     1D24       0
                text30                              EA2      EA2       10     1D44       0
                text29                              EB2      EB2       10     1D64       0
                text28                              782      782       2E      8E0       0
                text27                              E43      E43        9     1C86       0
                text26                              2DD      2DD       22        2       0
                text25                              F3B      F3B       19     1E76       0
                text24                              554      554       60      8E0       0
                text23                               E9       E9       17        8       0
                text22                              750      750       32      8E0       0
                text21                              E61      E61        C     1CC2       0
                text20                              5FA      5FA       43      8E0       0
                text19                              63D      63D       3A      8E0       0
                text18                              677      677       38      8E0       0
                text17                              7B0      7B0       2D      8E0       0
                text16                              FE1      FE1       1F     1FC2       0
                text15                               87       87       21        8       0
                text14                              7DD      7DD       22      8E0       0
                text13                              EC2      EC2       12     1D84       0
                text12                               63       63       24        8       0
                text11                              ED4      ED4       12     1DA8       0
                text10                               3F       3F       24        8       0
                text9                               4E5      4E5       6F      8E0       0
                text8                               5B4      5B4       46      8E0       0
                text7                               103      103      1DA        2       0
                text6                               E26      E26        7     1C4C       0
                text5                               E2D      E2D        7     1C5A       0
                text4                               E34      E34        7     1C68       0
                text3                               F54      F54       19     1EA8       0
                text2                               E1B      E1B        5     1C36       0
                text1                               E56      E56        B     1CAC       0
                maintext                            71D      71D       33      8E0       0
                cstackBANK0                          5C       5C       11       30       1
                cstackCOMMON                         70       70        C       70       1
                inittext                            E6D      E6D        C     1CDA       0
                clrtext                             E79      E79        C     1CF2       0
                bssBANK3                            1C0      1C0       20      1C0       1
                bssBANK1                             A0       A0       14       A0       1
                dataBANK0                            47       47       15       30       1
                bssBANK0                             30       30       17       30       1
                bssCOMMON                            7C       7C        1       70       1
                stringtext                          300      300      170        6       0
                idataBANK0                          EF9      EF9       15     1DF2       0

TOTAL           Name                               Link     Load   Length     Space
        CLASS   CONST          

        CLASS   CODE           
                end_init                              B        B        2         0
                cinit                                 D        D       32         0
                functab                             100      100        3         0
                intentry                              4        4        7         0
                reset_vec                             0        0        2         0
                text51                              EE6      EE6       13         0
                text50                              6E7      6E7       36         0
                text49                              E85      E85        D         0
                text48                              E20      E20        6         0
                text47                              6AF      6AF       38         0
                text46                              E4C      E4C        A         0
                text45                              F6D      F6D       1A         0
                text44                              F87      F87       1C         0
                text43                               C9       C9       20         0
                text42                              F0E      F0E       16         0
                text41                              470      470       75         0
                text40                               A8       A8       21         0
                text39                              E3B      E3B        8         0
                text38                              F24      F24       17         0
                text37                              FA3      FA3       1F         0
                text36                              FC2      FC2       1F         0
                text35                              E07      E07        5         0
                text34                              E0C      E0C        5         0
                text33                              E11      E11        5         0
                text32                              E16      E16        5         0
                text31                              E92      E92       10         0
                text30                              EA2      EA2       10         0
                text29                              EB2      EB2       10         0
                text28                              782      782       2E         0
                text27                              E43      E43        9         0
                text26                              2DD      2DD       22         0
                text25                              F3B      F3B       19         0
                text24                              554      554       60         0
                text23                               E9       E9       17         0
                text22                              750      750       32         0
                text21                              E61      E61        C         0
                text20                              5FA      5FA       43         0
                text19                              63D      63D       3A         0
                text18                              677      677       38         0
                text17                              7B0      7B0       2D         0
                text16                              FE1      FE1       1F         0
                text15                               87       87       21         0
                text14                              7DD      7DD       22         0
                text13                              EC2      EC2       12         0
                text12                               63       63       24         0
                text11                              ED4      ED4       12         0
                text10                               3F       3F       24         0
                text9                               4E5      4E5       6F         0
                text8                               5B4      5B4       46         0
                text7                               103      103      1DA         0
                text6                               E26      E26        7         0
                text5                               E2D      E2D        7         0
                text4                               E34      E34        7         0
                text3                               F54      F54       19         0
                text2                               E1B      E1B        5         0
                text1                               E56      E56        B         0
                maintext                            71D      71D       33         0
                inittext                            E6D      E6D        C         0
                clrtext                             E79      E79        C         0
                idataBANK0                          EF9      EF9       15         0

        CLASS   STRCODE        
                stringtext                          300      300      170         0

        CLASS   ENTRY          

        CLASS   STRING         

        CLASS   COMMON         
                cstackCOMMON                         70       70        C         1
                bssCOMMON                            7C       7C        1         1

        CLASS   BANK0          
                cstackBANK0                          5C       5C       11         1
                dataBANK0                            47       47       15         1
                bssBANK0                             30       30       17         1

        CLASS   BANK1          
                bssBANK1                             A0       A0       14         1

        CLASS   BANK2          

        CLASS   BANK3          
                bssBANK3                            1C0      1C0       20         1

        CLASS   BANK4          

        CLASS   BANK5          

        CLASS   BANK6          

        CLASS   BANK7          

        CLASS   BANK8          

        CLASS   BANK9          

        CLASS   BANK10         

        CLASS   BANK11         

        CLASS   BANK12         

        CLASS   BIGRAM         

        CLASS   RAM            

        CLASS   ABS1           
                abs_s1                               20       20       10         1
                abs_s1                               7E       7E        2         1
                abs_s1                               D0       D0       20         1
                abs_s1                              120      120       50         1
                abs_s1                              1A0      1A0       20         1

        CLASS   SFR0           

        CLASS   SFR1           

        CLASS   SFR2           

        CLASS   SFR3           

        CLASS   SFR4           

        CLASS   SFR5           

        CLASS   SFR6           

        CLASS   SFR7           

        CLASS   SFR8           

        CLASS   SFR9           

        CLASS   SFR10          

        CLASS   SFR11          

        CLASS   SFR12          

        CLASS   SFR13          

        CLASS   SFR14          

        CLASS   SFR15          

        CLASS   SFR16          

        CLASS   SFR17          

        CLASS   SFR18          

        CLASS   SFR19          

        CLASS   SFR20          

        CLASS   SFR21          

        CLASS   SFR22          

        CLASS   SFR23          

        CLASS   SFR24          

        CLASS   SFR25          

        CLASS   SFR26          

        CLASS   SFR27          

        CLASS   SFR28          

        CLASS   SFR29          

        CLASS   SFR30          

        CLASS   SFR31          

        CLASS   CONFIG         
                config                             8007     8007        2         0

        CLASS   IDLOC          

        CLASS   BANK31         

        CLASS   BANK30         

        CLASS   BANK29         

        CLASS   BANK28         

        CLASS   BANK27         

        CLASS   BANK26         

        CLASS   BANK25         

        CLASS   BANK24         

        CLASS   BANK23         

        CLASS   BANK22         

        CLASS   BANK21         

        CLASS   BANK20         

        CLASS   BANK19         

        CLASS   BANK18         

        CLASS   BANK17         

        CLASS   BANK16         

        CLASS   BANK15         

        CLASS   BANK14         

        CLASS   BANK13         

        CLASS   EEDATA         



SEGMENTS        Name                           Load    Length   Top    Selector   Space  Class     Delta

                reset_vec                      000000  000002  000002         0       0  CODE        2
                intentry                       000004  0000FC  000100         8       0  CODE        2
                bssBANK0                       000030  00003D  00006D        30       1  BANK0       1
                cstackCOMMON                   000070  00000D  00007D        70       1  COMMON      1
                bssBANK1                       0000A0  000014  0000B4        A0       1  BANK1       1
                bssBANK3                       0001C0  000020  0001E0       1C0       1  BANK3       1
                functab                        000100  0001FF  0002FF         2       0  CODE        2
                stringtext                     000300  000170  000470         6       0  STRCODE     2
                text41                         000470  00038F  0007FF       8E0       0  CODE        2
                text35                         000E07  000005  000E0C      1C0E       0  CODE        2
                text34                         000E0C  000005  000E11      1C18       0  CODE        2
                text33                         000E11  000005  000E16      1C22       0  CODE        2
                text32                         000E16  000005  000E1B      1C2C       0  CODE        2
                text2                          000E1B  000005  000E20      1C36       0  CODE        2
                text48                         000E20  000006  000E26      1C40       0  CODE        2
                text6                          000E26  000007  000E2D      1C4C       0  CODE        2
                text5                          000E2D  000007  000E34      1C5A       0  CODE        2
                text4                          000E34  000007  000E3B      1C68       0  CODE        2
                text39                         000E3B  000008  000E43      1C76       0  CODE        2
                text27                         000E43  000009  000E4C      1C86       0  CODE        2
                text46                         000E4C  00000A  000E56      1C98       0  CODE        2
                text1                          000E56  00000B  000E61      1CAC       0  CODE        2
                text21                         000E61  00000C  000E6D      1CC2       0  CODE        2
                inittext                       000E6D  00000C  000E79      1CDA       0  CODE        2
                clrtext                        000E79  00000C  000E85      1CF2       0  CODE        2
                text49                         000E85  00000D  000E92      1D0A       0  CODE        2
                text31                         000E92  000010  000EA2      1D24       0  CODE        2
                text30                         000EA2  000010  000EB2      1D44       0  CODE        2
                text29                         000EB2  000010  000EC2      1D64       0  CODE        2
                text13                         000EC2  000012  000ED4      1D84       0  CODE        2
                text11                         000ED4  000012  000EE6      1DA8       0  CODE        2
                text51                         000EE6  000013  000EF9      1DCC       0  CODE        2
                idataBANK0                     000EF9  000015  000F0E      1DF2       0  CODE        2
                text42                         000F0E  000016  000F24      1E1C       0  CODE        2
                text38                         000F24  000017  000F3B      1E48       0  CODE        2
                text25                         000F3B  000019  000F54      1E76       0  CODE        2
                text3                          000F54  000019  000F6D      1EA8       0  CODE        2
                text45                         000F6D  00001A  000F87      1EDA       0  CODE        2
                text44                         000F87  00001C  000FA3      1F0E       0  CODE        2
                text37                         000FA3  00001F  000FC2      1F46       0  CODE        2
                text36                         000FC2  00001F  000FE1      1F84       0  CODE        2
                text16                         000FE1  00001F  001000      1FC2       0  CODE        2
                config                         008007  000002  008009     1000E       0  CONFIG      2


UNUSED ADDRESS RANGES

        Name                Unused          Largest block    Delta
        BANK0            0006D-0006F               3           1
        BANK1            000B4-000CF              1C           1
        BANK10           00520-0056F              50           1
        BANK11           005A0-005EF              50           1
        BANK12           00620-0064F              30           1
        BANK3            001E0-001EF              10           1
        BANK4            00220-0026F              50           1
        BANK5            002A0-002EF              50           1
        BANK6            00320-0036F              50           1
        BANK7            003A0-003EF              50           1
        BANK8            00420-0046F              50           1
        BANK9            004A0-004EF              50           1
        BIGRAM           02000-023EF             3F0           1
        CODE             00002-00003               2           2
                         002FF-002FF               1
                         007FF-00E06               1
                         01000-01FFF             800
        COMMON           0007D-0007D               1           1
        CONST            00002-00003               2           2
                         002FF-002FF               1
                         007FF-00E06             100
                         01000-01FFF             100
        ENTRY            00002-00003               2           2
                         002FF-002FF               1
                         007FF-00E06             100
                         01000-01FFF             100
        IDLOC            08000-08003               4           2
        RAM              0006D-0006F               3           1
                         000B4-000CF              1C
                         001E0-001EF              10
                         00220-0026F              50
                         002A0-002EF              50
                         00320-0036F              50
                         003A0-003EF              50
                         00420-0046F              50
                         004A0-004EF              50
                         00520-0056F              50
                         005A0-005EF              50
                         00620-0064F              30
        SFR0             00000-0001F              20           1
        SFR1             00080-0009F              20           1
        SFR10            00500-0051F              20           1
        SFR11            00580-0059F              20           1
        SFR12            00600-0061F              20           1
        SFR13            00680-006EF              70           1
        SFR14            00700-0076F              70           1
        SFR15            00780-007EF              70           1
        SFR16            00800-0086F              70           1
        SFR17            00880-008EF              70           1
        SFR18            00900-0096F              70           1
        SFR19            00980-009EF              70           1
        SFR2             00100-0011F              20           1
        SFR20            00A00-00A6F              70           1
        SFR21            00A80-00AEF              70           1
        SFR22            00B00-00B6F              70           1
        SFR23            00B80-00BEF              70           1
        SFR24            00C00-00C6F              70           1
        SFR25            00C80-00CEF              70           1
        SFR26            00D00-00D6F              70           1
        SFR27            00D80-00DEF              70           1
        SFR28            00E00-00E6F              70           1
        SFR29            00E80-00EEF              70           1
        SFR3             00180-0019F              20           1
        SFR30            00F00-00F6F              70           1
        SFR31            00F80-00FEF              70           1
        SFR4             00200-0021F              20           1
        SFR5             00280-0029F              20           1
        SFR6             00300-0031F              20           1
        SFR7             00380-0039F              20           1
        SFR8             00400-0041F              20           1
        SFR9             00480-0049F              20           1
        STRCODE          00002-00003               2           2
                         002FF-002FF               1
                         007FF-00E06             608
                         01000-01FFF            1000
        STRING           00002-00003               2           2
                         002FF-002FF               1
                         007FF-00E06             100
                         01000-01FFF             100

                                  Symbol Table

?_DAC1220_Read3Bytes                                cstackCOMMON 00075
?_DAC1220_Write2Bytes                               cstackCOMMON 00075
?_DAC1220_Write3Bytes                               cstackCOMMON 00075
?_FLASH_erase                                       cstackCOMMON 00071
?_FLASH_read                                        cstackCOMMON 00071
?_FLASH_write                                       cstackCOMMON 00071
?_HEFLASH_readBlock                                 cstackCOMMON 00073
?_HEFLASH_writeBlock                                cstackCOMMON 00077
?_Read2BytesSPI                                     cstackCOMMON 00072
?_USART_Send                                        cstackCOMMON 00072
?_command_save_offset                               cstackBANK0  0005F
?_command_save_shuntcalibration                     cstackBANK0  0005F
?_command_set_dac                                   cstackCOMMON 0007A
?_command_set_dac_cal                               cstackBANK0  0005F
?_memcpy                                            cstackCOMMON 00071
?_strlen                                            cstackCOMMON 00071
?_strncmp                                           cstackCOMMON 00071
DAC1220_Read3Bytes@address                          cstackCOMMON 00079
DAC1220_Read3Bytes@byte1                            cstackCOMMON 00075
DAC1220_Read3Bytes@byte2                            cstackCOMMON 00076
DAC1220_Read3Bytes@byte3                            cstackCOMMON 00077
DAC1220_Write2Bytes@address                         cstackCOMMON 00077
DAC1220_Write2Bytes@byte1                           cstackCOMMON 00075
DAC1220_Write2Bytes@byte2                           cstackCOMMON 00076
DAC1220_Write3Bytes@address                         cstackCOMMON 00078
DAC1220_Write3Bytes@byte1                           cstackCOMMON 00075
DAC1220_Write3Bytes@byte2                           cstackCOMMON 00076
DAC1220_Write3Bytes@byte3                           cstackCOMMON 00077
EUSART_SetErrorHandler@interruptHandler             cstackCOMMON 00072
EUSART_SetFramingErrorHandler@interruptHandler      cstackCOMMON 00072
EUSART_SetOverrunErrorHandler@interruptHandler      cstackCOMMON 00072
EUSART_Write@txData                                 cstackCOMMON 00071
FLASH_erase@address                                 cstackCOMMON 00071
FLASH_erase@temp                                    cstackCOMMON 00073
FLASH_read@address                                  cstackCOMMON 00071
FLASH_write@address                                 cstackCOMMON 00071
FLASH_write@data                                    cstackCOMMON 00073
FLASH_write@latch                                   cstackCOMMON 00075
FLASH_write@temp                                    cstackCOMMON 00076
HEFLASH_readBlock@add                               cstackCOMMON 00077
HEFLASH_readBlock@buffer                            cstackCOMMON 00079
HEFLASH_readBlock@count                             cstackCOMMON 00074
HEFLASH_readBlock@radd                              cstackCOMMON 00073
HEFLASH_writeBlock@add                              cstackBANK0  0005D
HEFLASH_writeBlock@count                            cstackCOMMON 00079
HEFLASH_writeBlock@data                             cstackCOMMON 00077
HEFLASH_writeBlock@radd                             cstackBANK0  0005C
MCP3550_Read@adc_data                               cstackCOMMON 00078
MCP3550_Read@data_ready                             cstackCOMMON 00077
Read2BytesSPI@bit_counter                           cstackCOMMON 00074
Read2BytesSPI@data1_byte                            cstackCOMMON 00075
Read2BytesSPI@data2_byte                            cstackCOMMON 00072
ReadByteSPI@bit_counter                             cstackCOMMON 00073
ReadByteSPI@data_byte                               cstackCOMMON 00074
USART_Send@dataLength                               cstackCOMMON 00074
USART_Send@dataToSend                               cstackCOMMON 00072
USART_Send@i                                        cstackCOMMON 00076
WriteByteSPI@bit_counter                            cstackCOMMON 00074
WriteByteSPI@data_byte                              cstackCOMMON 00073
_ACTCONbits                                         (abs)        0039B
_ANSELA                                             (abs)        0018C
_ANSELB                                             (abs)        0018D
_ANSELC                                             (abs)        0018E
_APFCON                                             (abs)        0011D
_BAUDCON                                            (abs)        0019F
_ClockPulse                                         text46       00E4C
_DAC1220_Init                                       text42       00F0E
_DAC1220_Read3Bytes                                 text22       00750
_DAC1220_Reset                                      text47       006AF
_DAC1220_SelfCal                                    text21       00E61
_DAC1220_Write2Bytes                                text44       00F87
_DAC1220_Write3Bytes                                text43       000C9
_EUSART_DefaultErrorHandler                         (abs)        00000
_EUSART_DefaultFramingErrorHandler                  (abs)        00000
_EUSART_DefaultOverrunErrorHandler                  (abs)        00000
_EUSART_ErrorHandler                                bssBANK0     00036
_EUSART_FramingErrorHandler                         bssBANK0     00037
_EUSART_Initialize                                  text3        00F54
_EUSART_OverrunErrorHandler                         bssBANK0     00038
_EUSART_Read                                        text1        00E56
_EUSART_SetErrorHandler                             text4        00E34
_EUSART_SetFramingErrorHandler                      text6        00E26
_EUSART_SetOverrunErrorHandler                      text5        00E2D
_EUSART_Write                                       text39       00E3B
_EUSART_is_rx_ready                                 text2        00E1B
_FLASH_erase                                        text25       00F3B
_FLASH_read                                         text51       00EE6
_FLASH_write                                        text26       002DD
_HEFLASH_readBlock                                  text50       006E7
_HEFLASH_writeBlock                                 text24       00554
_INTCONbits                                         (abs)        0000B
_InitializeIO                                       text41       00470
_InitializeSPI                                      text49       00E85
_LATAbits                                           (abs)        0010C
_LATBbits                                           (abs)        0010D
_LATCbits                                           (abs)        0010E
_MCP3550_Read                                       text18       00677
_OSCCONbits                                         (abs)        00099
_PIE2bits                                           (abs)        00092
_PIR1bits                                           (abs)        00011
_PIR2bits                                           (abs)        00012
_PMADR                                              (abs)        00191
_PMCON1bits                                         (abs)        00195
_PMDAT                                              (abs)        00193
_PORTBbits                                          (abs)        0000D
_PORTCbits                                          (abs)        0000E
_RCREG                                              (abs)        00199
_RCSTA                                              (abs)        0019D
_RCSTAbits                                          (abs)        0019D
_Read2BytesSPI                                      text19       0063D
_ReadByteSPI                                        text23       000E9
_SPBRGH                                             (abs)        0019C
_SPBRGL                                             (abs)        0019B
_SPIDelay                                           text48       00E20
_TRISAbits                                          (abs)        0008C
_TRISBbits                                          (abs)        0008D
_TRISCbits                                          (abs)        0008E
_TXREG                                              (abs)        0019A
_TXSTA                                              (abs)        0019E
_TXSTAbits                                          (abs)        0019E
_UADDR                                              (abs)        00E96
_UCFGbits                                           (abs)        00E91
_UCONbits                                           (abs)        00E8E
_UEIE                                               (abs)        00E97
_UEP0                                               (abs)        00E98
_UIE                                                (abs)        00E92
_UIEbits                                            (abs)        00E92
_UIR                                                (abs)        00E90
_UIRbits                                            (abs)        00E90
_USART_Send                                         text38       00F24
_USTATbits                                          (abs)        00E8F
_WriteByteSPI                                       text45       00F6D
__CFG_BOREN$ON                                      (abs)        00000
__CFG_BORV$LO                                       (abs)        00000
__CFG_CLKOUTEN$OFF                                  (abs)        00000
__CFG_CP$OFF                                        (abs)        00000
__CFG_CPUDIV$NOCLKDIV                               (abs)        00000
__CFG_FCMEN$OFF                                     (abs)        00000
__CFG_FOSC$INTOSC                                   (abs)        00000
__CFG_IESO$OFF                                      (abs)        00000
__CFG_LPBOR$OFF                                     (abs)        00000
__CFG_LVP$OFF                                       (abs)        00000
__CFG_MCLRE$OFF                                     (abs)        00000
__CFG_PLLEN$ENABLED                                 (abs)        00000
__CFG_PLLMULT$3x                                    (abs)        00000
__CFG_PWRTE$OFF                                     (abs)        00000
__CFG_STVREN$ON                                     (abs)        00000
__CFG_USBLSCLK$48MHz                                (abs)        00000
__CFG_WDTE$OFF                                      (abs)        00000
__CFG_WRT$OFF                                       (abs)        00000
__Habs1                                             abs1         00000
__Hbank0                                            bank0        00000
__Hbank1                                            bank1        00000
__Hbank10                                           bank10       00000
__Hbank11                                           bank11       00000
__Hbank12                                           bank12       00000
__Hbank13                                           bank13       00000
__Hbank14                                           bank14       00000
__Hbank15                                           bank15       00000
__Hbank16                                           bank16       00000
__Hbank17                                           bank17       00000
__Hbank18                                           bank18       00000
__Hbank19                                           bank19       00000
__Hbank2                                            bank2        00000
__Hbank20                                           bank20       00000
__Hbank21                                           bank21       00000
__Hbank22                                           bank22       00000
__Hbank23                                           bank23       00000
__Hbank24                                           bank24       00000
__Hbank25                                           bank25       00000
__Hbank26                                           bank26       00000
__Hbank27                                           bank27       00000
__Hbank28                                           bank28       00000
__Hbank29                                           bank29       00000
__Hbank3                                            bank3        00000
__Hbank30                                           bank30       00000
__Hbank31                                           bank31       00000
__Hbank4                                            bank4        00000
__Hbank5                                            bank5        00000
__Hbank6                                            bank6        00000
__Hbank7                                            bank7        00000
__Hbank8                                            bank8        00000
__Hbank9                                            bank9        00000
__Hbigram                                           bigram       00000
__HbssBANK0                                         bssBANK0     00000
__HbssBANK1                                         bssBANK1     00000
__HbssBANK3                                         bssBANK3     00000
__HbssCOMMON                                        bssCOMMON    00000
__Hcinit                                            cinit        0003F
__Hclrtext                                          clrtext      00000
__Hcode                                             code         00000
__Hcommon                                           common       00000
__Hconfig                                           config       08009
__HcstackBANK0                                      cstackBANK0  00000
__HcstackCOMMON                                     cstackCOMMON 00000
__HdataBANK0                                        dataBANK0    00000
__Heeprom_data                                      eeprom_data  00000
__Hend_init                                         end_init     0000D
__Hfunctab                                          functab      00103
__HidataBANK0                                       idataBANK0   00000
__Hidloc                                            idloc        00000
__Hinit                                             init         0000B
__Hinittext                                         inittext     00000
__Hintentry                                         intentry     0000B
__Hmaintext                                         maintext     00000
__Hpowerup                                          powerup      00000
__Hram                                              ram          00000
__Hreset_vec                                        reset_vec    00002
__Hsfr0                                             sfr0         00000
__Hsfr1                                             sfr1         00000
__Hsfr10                                            sfr10        00000
__Hsfr11                                            sfr11        00000
__Hsfr12                                            sfr12        00000
__Hsfr13                                            sfr13        00000
__Hsfr14                                            sfr14        00000
__Hsfr15                                            sfr15        00000
__Hsfr16                                            sfr16        00000
__Hsfr17                                            sfr17        00000
__Hsfr18                                            sfr18        00000
__Hsfr19                                            sfr19        00000
__Hsfr2                                             sfr2         00000
__Hsfr20                                            sfr20        00000
__Hsfr21                                            sfr21        00000
__Hsfr22                                            sfr22        00000
__Hsfr23                                            sfr23        00000
__Hsfr24                                            sfr24        00000
__Hsfr25                                            sfr25        00000
__Hsfr26                                            sfr26        00000
__Hsfr27                                            sfr27        00000
__Hsfr28                                            sfr28        00000
__Hsfr29                                            sfr29        00000
__Hsfr3                                             sfr3         00000
__Hsfr30                                            sfr30        00000
__Hsfr31                                            sfr31        00000
__Hsfr4                                             sfr4         00000
__Hsfr5                                             sfr5         00000
__Hsfr6                                             sfr6         00000
__Hsfr7                                             sfr7         00000
__Hsfr8                                             sfr8         00000
__Hsfr9                                             sfr9         00000
__Hstrings                                          strings      00000
__Hstringtext                                       stringtext   00000
__Htext                                             text         00000
__Labs1                                             abs1         00000
__Lbank0                                            bank0        00000
__Lbank1                                            bank1        00000
__Lbank10                                           bank10       00000
__Lbank11                                           bank11       00000
__Lbank12                                           bank12       00000
__Lbank13                                           bank13       00000
__Lbank14                                           bank14       00000
__Lbank15                                           bank15       00000
__Lbank16                                           bank16       00000
__Lbank17                                           bank17       00000
__Lbank18                                           bank18       00000
__Lbank19                                           bank19       00000
__Lbank2                                            bank2        00000
__Lbank20                                           bank20       00000
__Lbank21                                           bank21       00000
__Lbank22                                           bank22       00000
__Lbank23                                           bank23       00000
__Lbank24                                           bank24       00000
__Lbank25                                           bank25       00000
__Lbank26                                           bank26       00000
__Lbank27                                           bank27       00000
__Lbank28                                           bank28       00000
__Lbank29                                           bank29       00000
__Lbank3                                            bank3        00000
__Lbank30                                           bank30       00000
__Lbank31                                           bank31       00000
__Lbank4                                            bank4        00000
__Lbank5                                            bank5        00000
__Lbank6                                            bank6        00000
__Lbank7                                            bank7        00000
__Lbank8                                            bank8        00000
__Lbank9                                            bank9        00000
__Lbigram                                           bigram       00000
__LbssBANK0                                         bssBANK0     00000
__LbssBANK1                                         bssBANK1     00000
__LbssBANK3                                         bssBANK3     00000
__LbssCOMMON                                        bssCOMMON    00000
__Lcinit                                            cinit        0000D
__Lclrtext                                          clrtext      00000
__Lcode                                             code         00000
__Lcommon                                           common       00000
__Lconfig                                           config       08007
__LcstackBANK0                                      cstackBANK0  00000
__LcstackCOMMON                                     cstackCOMMON 00000
__LdataBANK0                                        dataBANK0    00000
__Leeprom_data                                      eeprom_data  00000
__Lend_init                                         end_init     0000B
__Lfunctab                                          functab      00100
__LidataBANK0                                       idataBANK0   00000
__Lidloc                                            idloc        00000
__Linit                                             init         0000B
__Linittext                                         inittext     00000
__Lintentry                                         intentry     00004
__Lmaintext                                         maintext     00000
__Lpowerup                                          powerup      00000
__Lram                                              ram          00000
__Lreset_vec                                        reset_vec    00000
__Lsfr0                                             sfr0         00000
__Lsfr1                                             sfr1         00000
__Lsfr10                                            sfr10        00000
__Lsfr11                                            sfr11        00000
__Lsfr12                                            sfr12        00000
__Lsfr13                                            sfr13        00000
__Lsfr14                                            sfr14        00000
__Lsfr15                                            sfr15        00000
__Lsfr16                                            sfr16        00000
__Lsfr17                                            sfr17        00000
__Lsfr18                                            sfr18        00000
__Lsfr19                                            sfr19        00000
__Lsfr2                                             sfr2         00000
__Lsfr20                                            sfr20        00000
__Lsfr21                                            sfr21        00000
__Lsfr22                                            sfr22        00000
__Lsfr23                                            sfr23        00000
__Lsfr24                                            sfr24        00000
__Lsfr25                                            sfr25        00000
__Lsfr26                                            sfr26        00000
__Lsfr27                                            sfr27        00000
__Lsfr28                                            sfr28        00000
__Lsfr29                                            sfr29        00000
__Lsfr3                                             sfr3         00000
__Lsfr30                                            sfr30        00000
__Lsfr31                                            sfr31        00000
__Lsfr4                                             sfr4         00000
__Lsfr5                                             sfr5         00000
__Lsfr6                                             sfr6         00000
__Lsfr7                                             sfr7         00000
__Lsfr8                                             sfr8         00000
__Lsfr9                                             sfr9         00000
__Lstrings                                          strings      00000
__Lstringtext                                       stringtext   00000
__Ltext                                             text         00000
__S0                                                (abs)        08009
__S1                                                (abs)        001E0
___latbits                                          (abs)        00002
__end_of_ClockPulse                                 text46       00E56
__end_of_DAC1220_Init                               text42       00F24
__end_of_DAC1220_Read3Bytes                         text22       00782
__end_of_DAC1220_Reset                              text47       006E7
__end_of_DAC1220_SelfCal                            text21       00E6D
__end_of_DAC1220_Write2Bytes                        text44       00FA3
__end_of_DAC1220_Write3Bytes                        text43       000E9
__end_of_EUSART_Initialize                          text3        00F6D
__end_of_EUSART_Read                                text1        00E61
__end_of_EUSART_SetErrorHandler                     text4        00E3B
__end_of_EUSART_SetFramingErrorHandler              text6        00E2D
__end_of_EUSART_SetOverrunErrorHandler              text5        00E34
__end_of_EUSART_Write                               text39       00E43
__end_of_EUSART_is_rx_ready                         text2        00E20
__end_of_FLASH_erase                                text25       00F54
__end_of_FLASH_read                                 text51       00EF9
__end_of_FLASH_write                                text26       002FF
__end_of_HEFLASH_readBlock                          text50       0071D
__end_of_HEFLASH_writeBlock                         text24       005B4
__end_of_InitializeIO                               text41       004E5
__end_of_InitializeSPI                              text49       00E92
__end_of_MCP3550_Read                               text18       006AF
__end_of_Read2BytesSPI                              text19       00677
__end_of_ReadByteSPI                                text23       00100
__end_of_SPIDelay                                   text48       00E26
__end_of_USART_Send                                 text38       00F3B
__end_of_WriteByteSPI                               text45       00F87
__end_of__fptable                                   functab      00103
__end_of__initialization                            cinit        0003C
__end_of__stringdata                                stringtext   00470
__end_of__stringtab                                 stringtext   00301
__end_of__unlock                                    text27       00E4C
__end_of_command_calibrate_dac                      text20       0063D
__end_of_command_cell_off                           text34       00E11
__end_of_command_cell_on                            text35       00E0C
__end_of_command_mode_galvanostatic                 text32       00E1B
__end_of_command_mode_potentiostatic                text33       00E16
__end_of_command_range1                             text31       00EA2
__end_of_command_range2                             text30       00EB2
__end_of_command_range3                             text29       00EC2
__end_of_command_read_adc                           text15       000A8
__end_of_command_read_dac_cal                       text10       00063
__end_of_command_read_offset                        text14       007FF
__end_of_command_read_shuntcalibration              text12       00087
__end_of_command_save_offset                        text13       00ED4
__end_of_command_save_shuntcalibration              text11       00EE6
__end_of_command_set_dac                            text28       007B0
__end_of_command_set_dac_cal                        text9        00554
__end_of_command_unknown                            text37       00FC2
__end_of_configuration_1                            stringtext   0039F
__end_of_interface_string                           stringtext   00319
__end_of_interpret_command                          text7        002DD
__end_of_isr                                        intentry     0000B
__end_of_main                                       maintext     00750
__end_of_memcpy                                     text17       007DD
__end_of_product_string                             stringtext   00353
__end_of_send_OK                                    text36       00FE1
__end_of_send_WAIT                                  text16       01000
__end_of_serial_string                              stringtext   003BB
__end_of_str00                                      stringtext   003BF
__end_of_strlen                                     text40       000C9
__end_of_strncmp                                    text8        005FA
__end_of_this_device_descriptor                     stringtext   003B1
__end_of_vendor_string                              stringtext   0037F
__fptable                                           functab      00100
__initialization                                    cinit        0000D
__pbssBANK0                                         bssBANK0     00030
__pbssBANK1                                         bssBANK1     000A0
__pbssBANK3                                         bssBANK3     001C0
__pbssCOMMON                                        bssCOMMON    0007C
__pcstackBANK0                                      cstackBANK0  0005C
__pcstackCOMMON                                     cstackCOMMON 00070
__pdataBANK0                                        dataBANK0    00047
__pfunctab                                          functab      00100
__pidataBANK0                                       idataBANK0   00EF9
__pintentry                                         intentry     00004
__pmaintext                                         maintext     0071D
__pstringtext                                       stringtext   00300
__ptext1                                            text1        00E56
__ptext10                                           text10       0003F
__ptext11                                           text11       00ED4
__ptext12                                           text12       00063
__ptext13                                           text13       00EC2
__ptext14                                           text14       007DD
__ptext15                                           text15       00087
__ptext16                                           text16       00FE1
__ptext17                                           text17       007B0
__ptext18                                           text18       00677
__ptext19                                           text19       0063D
__ptext2                                            text2        00E1B
__ptext20                                           text20       005FA
__ptext21                                           text21       00E61
__ptext22                                           text22       00750
__ptext23                                           text23       000E9
__ptext24                                           text24       00554
__ptext25                                           text25       00F3B
__ptext26                                           text26       002DD
__ptext27                                           text27       00E43
__ptext28                                           text28       00782
__ptext29                                           text29       00EB2
__ptext3                                            text3        00F54
__ptext30                                           text30       00EA2
__ptext31                                           text31       00E92
__ptext32                                           text32       00E16
__ptext33                                           text33       00E11
__ptext34                                           text34       00E0C
__ptext35                                           text35       00E07
__ptext36                                           text36       00FC2
__ptext37                                           text37       00FA3
__ptext38                                           text38       00F24
__ptext39                                           text39       00E3B
__ptext4                                            text4        00E34
__ptext40                                           text40       000A8
__ptext41                                           text41       00470
__ptext42                                           text42       00F0E
__ptext43                                           text43       000C9
__ptext44                                           text44       00F87
__ptext45                                           text45       00F6D
__ptext46                                           text46       00E4C
__ptext47                                           text47       006AF
__ptext48                                           text48       00E20
__ptext49                                           text49       00E85
__ptext5                                            text5        00E2D
__ptext50                                           text50       006E7
__ptext51                                           text51       00EE6
__ptext6                                            text6        00E26
__ptext7                                            text7        00103
__ptext8                                            text8        005B4
__ptext9                                            text9        004E5
__size_of_ClockPulse                                (abs)        00000
__size_of_DAC1220_Init                              (abs)        00000
__size_of_DAC1220_Read3Bytes                        (abs)        00000
__size_of_DAC1220_Reset                             (abs)        00000
__size_of_DAC1220_SelfCal                           (abs)        00000
__size_of_DAC1220_Write2Bytes                       (abs)        00000
__size_of_DAC1220_Write3Bytes                       (abs)        00000
__size_of_EUSART_Initialize                         (abs)        00000
__size_of_EUSART_Read                               (abs)        00000
__size_of_EUSART_SetErrorHandler                    (abs)        00000
__size_of_EUSART_SetFramingErrorHandler             (abs)        00000
__size_of_EUSART_SetOverrunErrorHandler             (abs)        00000
__size_of_EUSART_Write                              (abs)        00000
__size_of_EUSART_is_rx_ready                        (abs)        00000
__size_of_FLASH_erase                               (abs)        00000
__size_of_FLASH_read                                (abs)        00000
__size_of_FLASH_write                               (abs)        00000
__size_of_HEFLASH_readBlock                         (abs)        00000
__size_of_HEFLASH_writeBlock                        (abs)        00000
__size_of_InitializeIO                              (abs)        00000
__size_of_InitializeSPI                             (abs)        00000
__size_of_MCP3550_Read                              (abs)        00000
__size_of_Read2BytesSPI                             (abs)        00000
__size_of_ReadByteSPI                               (abs)        00000
__size_of_SPIDelay                                  (abs)        00000
__size_of_USART_Send                                (abs)        00000
__size_of_WriteByteSPI                              (abs)        00000
__size_of__fptable                                  (abs)        00000
__size_of__unlock                                   (abs)        00000
__size_of_command_calibrate_dac                     (abs)        00000
__size_of_command_cell_off                          (abs)        00000
__size_of_command_cell_on                           (abs)        00000
__size_of_command_mode_galvanostatic                (abs)        00000
__size_of_command_mode_potentiostatic               (abs)        00000
__size_of_command_range1                            (abs)        00000
__size_of_command_range2                            (abs)        00000
__size_of_command_range3                            (abs)        00000
__size_of_command_read_adc                          (abs)        00000
__size_of_command_read_dac_cal                      (abs)        00000
__size_of_command_read_offset                       (abs)        00000
__size_of_command_read_shuntcalibration             (abs)        00000
__size_of_command_save_offset                       (abs)        00000
__size_of_command_save_shuntcalibration             (abs)        00000
__size_of_command_set_dac                           (abs)        00000
__size_of_command_set_dac_cal                       (abs)        00000
__size_of_command_unknown                           (abs)        00000
__size_of_interpret_command                         (abs)        00000
__size_of_isr                                       (abs)        00000
__size_of_main                                      (abs)        00000
__size_of_memcpy                                    (abs)        00000
__size_of_send_OK                                   (abs)        00000
__size_of_send_WAIT                                 (abs)        00000
__size_of_strlen                                    (abs)        00000
__size_of_strncmp                                   (abs)        00000
__stringdata                                        stringtext   003BF
__stringtab                                         stringtext   00300
__unlock                                            text27       00E43
_addr                                               bssBANK0     00039
_addr_pending                                       bssBANK0     0003A
_bds                                                (abs)        00020
_command_calibrate_dac                              text20       005FA
_command_cell_off                                   text34       00E0C
_command_cell_on                                    text35       00E07
_command_mode_galvanostatic                         text32       00E16
_command_mode_potentiostatic                        text33       00E11
_command_range1                                     text31       00E92
_command_range2                                     text30       00EA2
_command_range3                                     text29       00EB2
_command_read_adc                                   text15       00087
_command_read_dac_cal                               text10       0003F
_command_read_offset                                text14       007DD
_command_read_shuntcalibration                      text12       00063
_command_save_offset                                text13       00EC2
_command_save_shuntcalibration                      text11       00ED4
_command_set_dac                                    text28       00782
_command_set_dac_cal                                text9        004E5
_command_unknown                                    text37       00FA3
_configuration_1                                    stringtext   0037F
_control_need_zlp                                   bssBANK0     0003B
_ep0_buf                                            dataBANK0    00055
_ep0_data_stage_buf_remaining                       bssBANK0     00030
_ep0_data_stage_callback                            bssBANK0     0003C
_ep0_data_stage_context                             bssBANK0     0003D
_ep0_data_stage_direc                               bssBANK0     0003E
_ep0_data_stage_in_buffer                           bssBANK0     00032
_ep0_data_stage_out_buffer                          bssBANK0     0003F
_ep_buf                                             dataBANK0    00047
_ep_buffers                                         (abs)        02080
_eusartRxLastError                                  bssBANK0     00040
_g_configuration                                    bssBANK0     00046
_heflashbuffer                                      bssBANK3     001C0
_interface_string                                   stringtext   00301
_interpret_command                                  text7        00103
_isr                                                intentry     00004
_main                                               maintext     0071D
_memcpy                                             text17       007B0
_product_string                                     stringtext   00319
_received_data                                      bssBANK0     00034
_received_data_length                               bssCOMMON    0007C
_returning_short                                    bssBANK0     00041
_send_OK                                            text36       00FC2
_send_WAIT                                          text16       00FE1
_serial_string                                      stringtext   003B1
_str00                                              stringtext   003BB
_strlen                                             text40       000A8
_strncmp                                            text8        005B4
_this_device_descriptor                             stringtext   0039F
_transfer_data                                      bssBANK0     00042
_transfer_interface                                 bssBANK0     00043
_transmit_data                                      bssBANK0     00044
_transmit_data_length                               bssBANK0     00045
_uart_command                                       bssBANK1     000A0
_usb_application_config_descs                       dataBANK0    0005A
_vendor_string                                      stringtext   00353
btemp                                               (abs)        0007E
clear_ram0                                          clrtext      00E79
command_calibrate_dac@data                          cstackBANK0  00062
command_read_adc@adc_data                           cstackBANK0  0005E
command_save_offset@offset_data                     cstackBANK0  0005F
command_save_shuntcalibration@shuntcalibration_data cstackBANK0  0005F
command_set_dac@dac_data                            cstackCOMMON 0007A
command_set_dac_cal@dac_cal_data                    cstackBANK0  0005F
command_unknown@reply                               cstackCOMMON 00078
end_of_initialization                               cinit        0003C
fpbase                                              functab      00102
fptable                                             functab      00100
fptotal                                             (abs)        00003
init_ram                                            inittext     00E6D
intlevel0                                           functab      00100
intlevel1                                           functab      00100
intlevel2                                           functab      00100
intlevel3                                           functab      00100
intlevel4                                           functab      00100
intlevel5                                           functab      00100
main@c                                              cstackBANK0  0006B
main@i                                              cstackBANK0  0006C
memcpy@d                                            cstackCOMMON 00078
memcpy@d1                                           cstackCOMMON 00071
memcpy@n                                            cstackCOMMON 00075
memcpy@s                                            cstackCOMMON 0007A
memcpy@s1                                           cstackCOMMON 00073
reset_vec                                           reset_vec    00000
send_OK@reply                                       cstackCOMMON 00078
send_WAIT@reply                                     cstackCOMMON 00078
start                                               init         0000B
start_initialization                                cinit        0000D
strlen@cp                                           cstackCOMMON 00075
strlen@s                                            cstackCOMMON 00071
strncmp@len                                         cstackCOMMON 00075
strncmp@s1                                          cstackCOMMON 00071
strncmp@s2                                          cstackCOMMON 00073
wtemp0                                              (abs)        0007E


FUNCTION INFORMATION:

 *************** function _main *****************
 Defined at:
		line 288 in file "main.c"
 Parameters:    Size  Location     Type
		None
 Auto vars:     Size  Location     Type
  i               1   16[BANK0 ] unsigned char 
  c               1   15[BANK0 ] unsigned char 
 Return value:  Size  Location     Type
                  2  678[COMMON] int 
 Registers used:
		wreg, fsr0l, fsr0h, fsr1l, fsr1h, fsr1l, fsr1h, status,2, status,0, btemp+1, pclath, cstack
 Tracked objects:
		On entry : 
		On exit  : 
		Unchanged: 
 Data sizes:     COMMON   BANK0   BANK1   BANK2   BANK3   BANK4   BANK5   BANK6   BANK7   BANK8   BANK9  BANK10  BANK11  BANK12
      Params:         0       0       0       0       0       0       0       0       0       0       0       0       0       0
      Locals:         0       2       0       0       0       0       0       0       0       0       0       0       0       0
      Temps:          0       1       0       0       0       0       0       0       0       0       0       0       0       0
      Totals:         0       3       0       0       0       0       0       0       0       0       0       0       0       0
Total ram usage:        3 bytes
 Hardware stack levels required when called:    8
 This function calls:
		_InitializeIO
		_interpret_command
		_EUSART_Initialize
		_EUSART_is_rx_ready
		_EUSART_Read
 This function is called by:
		Startup code after reset
 This function uses a non-reentrant model


 *************** function _EUSART_Read *****************
 Defined at:
		line 114 in file "eusart.c"
 Parameters:    Size  Location     Type
		None
 Auto vars:     Size  Location     Type
		None
 Return value:  Size  Location     Type
                  1    wreg      unsigned char 
 Registers used:
		wreg, status,2
 Tracked objects:
		On entry : 
		On exit  : 
		Unchanged: 
 Data sizes:     COMMON   BANK0   BANK1   BANK2   BANK3   BANK4   BANK5   BANK6   BANK7   BANK8   BANK9  BANK10  BANK11  BANK12
      Params:         0       0       0       0       0       0       0       0       0       0       0       0       0       0
      Locals:         0       0       0       0       0       0       0       0       0       0       0       0       0       0
      Temps:          0       0       0       0       0       0       0       0       0       0       0       0       0       0
      Totals:         0       0       0       0       0       0       0       0       0       0       0       0       0       0
Total ram usage:        0 bytes
 Hardware stack levels used:    1
 Hardware stack levels required when called:    1
 This function calls:
		Nothing
 This function is called by:
		_main
 This function uses a non-reentrant model


 *************** function _EUSART_is_rx_ready *****************
 Defined at:
		line 100 in file "eusart.c"
 Parameters:    Size  Location     Type
		None
 Auto vars:     Size  Location     Type
		None
 Return value:  Size  Location     Type
                  1    wreg      unsigned char 
 Registers used:
		wreg, status,2, status,0
 Tracked objects:
		On entry : 
		On exit  : 
		Unchanged: 
 Data sizes:     COMMON   BANK0   BANK1   BANK2   BANK3   BANK4   BANK5   BANK6   BANK7   BANK8   BANK9  BANK10  BANK11  BANK12
      Params:         0       0       0       0       0       0       0       0       0       0       0       0       0       0
      Locals:         0       0       0       0       0       0       0       0       0       0       0       0       0       0
      Temps:          0       0       0       0       0       0       0       0       0       0       0       0       0       0
      Totals:         0       0       0       0       0       0       0       0       0       0       0       0       0       0
Total ram usage:        0 bytes
 Hardware stack levels used:    1
 Hardware stack levels required when called:    1
 This function calls:
		Nothing
 This function is called by:
		_main
 This function uses a non-reentrant model


 *************** function _EUSART_Initialize *****************
 Defined at:
		line 67 in file "eusart.c"
 Parameters:    Size  Location     Type
		None
 Auto vars:     Size  Location     Type
		None
 Return value:  Size  Location     Type
		None               void
 Registers used:
		wreg, status,2, status,0, pclath, cstack
 Tracked objects:
		On entry : 
		On exit  : 
		Unchanged: 
 Data sizes:     COMMON   BANK0   BANK1   BANK2   BANK3   BANK4   BANK5   BANK6   BANK7   BANK8   BANK9  BANK10  BANK11  BANK12
      Params:         0       0       0       0       0       0       0       0       0       0       0       0       0       0
      Locals:         0       0       0       0       0       0       0       0       0       0       0       0       0       0
      Temps:          0       0       0       0       0       0       0       0       0       0       0       0       0       0
      Totals:         0       0       0       0       0       0       0       0       0       0       0       0       0       0
Total ram usage:        0 bytes
 Hardware stack levels used:    1
 Hardware stack levels required when called:    2
 This function calls:
		_EUSART_SetFramingErrorHandler
		_EUSART_SetOverrunErrorHandler
		_EUSART_SetErrorHandler
 This function is called by:
		_main
 This function uses a non-reentrant model


 *************** function _EUSART_SetErrorHandler *****************
 Defined at:
		line 180 in file "eusart.c"
 Parameters:    Size  Location     Type
  interruptHan    1    wreg     PTR FTN()void 
		 -> EUSART_DefaultErrorHandler(0), 
 Auto vars:     Size  Location     Type
  interruptHan    1    2[COMMON] PTR FTN()void 
		 -> EUSART_DefaultErrorHandler(0), 
 Return value:  Size  Location     Type
		None               void
 Registers used:
		wreg
 Tracked objects:
		On entry : 
		On exit  : 
		Unchanged: 
 Data sizes:     COMMON   BANK0   BANK1   BANK2   BANK3   BANK4   BANK5   BANK6   BANK7   BANK8   BANK9  BANK10  BANK11  BANK12
      Params:         0       0       0       0       0       0       0       0       0       0       0       0       0       0
      Locals:         1       0       0       0       0       0       0       0       0       0       0       0       0       0
      Temps:          1       0       0       0       0       0       0       0       0       0       0       0       0       0
      Totals:         2       0       0       0       0       0       0       0       0       0       0       0       0       0
Total ram usage:        2 bytes
 Hardware stack levels used:    1
 Hardware stack levels required when called:    1
 This function calls:
		Nothing
 This function is called by:
		_EUSART_Initialize
 This function uses a non-reentrant model


 *************** function _EUSART_SetOverrunErrorHandler *****************
 Defined at:
		line 176 in file "eusart.c"
 Parameters:    Size  Location     Type
  interruptHan    1    wreg     PTR FTN()void 
		 -> EUSART_DefaultOverrunErrorHandler(0), 
 Auto vars:     Size  Location     Type
  interruptHan    1    2[COMMON] PTR FTN()void 
		 -> EUSART_DefaultOverrunErrorHandler(0), 
 Return value:  Size  Location     Type
		None               void
 Registers used:
		wreg
 Tracked objects:
		On entry : 
		On exit  : 
		Unchanged: 
 Data sizes:     COMMON   BANK0   BANK1   BANK2   BANK3   BANK4   BANK5   BANK6   BANK7   BANK8   BANK9  BANK10  BANK11  BANK12
      Params:         0       0       0       0       0       0       0       0       0       0       0       0       0       0
      Locals:         1       0       0       0       0       0       0       0       0       0       0       0       0       0
      Temps:          1       0       0       0       0       0       0       0       0       0       0       0       0       0
      Totals:         2       0       0       0       0       0       0       0       0       0       0       0       0       0
Total ram usage:        2 bytes
 Hardware stack levels used:    1
 Hardware stack levels required when called:    1
 This function calls:
		Nothing
 This function is called by:
		_EUSART_Initialize
 This function uses a non-reentrant model


 *************** function _EUSART_SetFramingErrorHandler *****************
 Defined at:
		line 172 in file "eusart.c"
 Parameters:    Size  Location     Type
  interruptHan    1    wreg     PTR FTN()void 
		 -> EUSART_DefaultFramingErrorHandler(0), 
 Auto vars:     Size  Location     Type
  interruptHan    1    2[COMMON] PTR FTN()void 
		 -> EUSART_DefaultFramingErrorHandler(0), 
 Return value:  Size  Location     Type
		None               void
 Registers used:
		wreg
 Tracked objects:
		On entry : 
		On exit  : 
		Unchanged: 
 Data sizes:     COMMON   BANK0   BANK1   BANK2   BANK3   BANK4   BANK5   BANK6   BANK7   BANK8   BANK9  BANK10  BANK11  BANK12
      Params:         0       0       0       0       0       0       0       0       0       0       0       0       0       0
[...]
      Locals:         0       0       0       0       0       0       0       0       0       0       0       0       0       0
      Temps:          0       3       0       0       0       0       0       0       0       0       0       0       0       0
      Totals:         0       3       0       0       0       0       0       0       0       0       0       0       0       0
Total ram usage:        3 bytes
 Hardware stack levels used:    1
 Hardware stack levels required when called:    6
 This function calls:
		_HEFLASH_readBlock
		_InitializeSPI
		_DAC1220_Reset
		_DAC1220_Write3Bytes
		_DAC1220_Init
 This function is called by:
		_main
 This function uses a non-reentrant model


 *************** function _DAC1220_Init *****************
 Defined at:
		line 121 in file "spi/spi_software.c"
 Parameters:    Size  Location     Type
		None
 Auto vars:     Size  Location     Type
		None
 Return value:  Size  Location     Type
		None               void
 Registers used:
		wreg, fsr0l, fsr0h, fsr1l, fsr1h, fsr1l, fsr1h, status,2, status,0, btemp+1, pclath, cstack
 Tracked objects:
		On entry : 
		On exit  : 
		Unchanged: 
 Data sizes:     COMMON   BANK0   BANK1   BANK2   BANK3   BANK4   BANK5   BANK6   BANK7   BANK8   BANK9  BANK10  BANK11  BANK12
      Params:         0       0       0       0       0       0       0       0       0       0       0       0       0       0
      Locals:         0       0       0       0       0       0       0       0       0       0       0       0       0       0
      Temps:          2       0       0       0       0       0       0       0       0       0       0       0       0       0
      Totals:         2       0       0       0       0       0       0       0       0       0       0       0       0       0
Total ram usage:        2 bytes
 Hardware stack levels used:    1
 Hardware stack levels required when called:    5
 This function calls:
		_DAC1220_Write2Bytes
		_DAC1220_Write3Bytes
 This function is called by:
		_InitializeIO
 This function uses a non-reentrant model


 *************** function _DAC1220_Write3Bytes *****************
 Defined at:
		line 78 in file "spi/spi_software.c"
 Parameters:    Size  Location     Type
  address         1    wreg     const unsigned char 
  byte1           1    5[COMMON] const unsigned char 
  byte2           1    6[COMMON] const unsigned char 
  byte3           1    7[COMMON] const unsigned char 
 Auto vars:     Size  Location     Type
  address         1    8[COMMON] const unsigned char 
 Return value:  Size  Location     Type
		None               void
 Registers used:
		wreg, status,2, status,0, pclath, cstack
 Tracked objects:
		On entry : 
		On exit  : 
		Unchanged: 
 Data sizes:     COMMON   BANK0   BANK1   BANK2   BANK3   BANK4   BANK5   BANK6   BANK7   BANK8   BANK9  BANK10  BANK11  BANK12
      Params:         3       0       0       0       0       0       0       0       0       0       0       0       0       0
      Locals:         1       0       0       0       0       0       0       0       0       0       0       0       0       0
      Temps:          0       0       0       0       0       0       0       0       0       0       0       0       0       0
      Totals:         4       0       0       0       0       0       0       0       0       0       0       0       0       0
Total ram usage:        4 bytes
 Hardware stack levels used:    1
 Hardware stack levels required when called:    4
 This function calls:
		_SPIDelay
		_WriteByteSPI
 This function is called by:
		_DAC1220_Init
		_InitializeIO
		_command_set_dac
		_command_set_dac_cal
 This function uses a non-reentrant model


 *************** function _DAC1220_Write2Bytes *****************
 Defined at:
		line 65 in file "spi/spi_software.c"
 Parameters:    Size  Location     Type
  address         1    wreg     const unsigned char 
  byte1           1    5[COMMON] const unsigned char 
  byte2           1    6[COMMON] const unsigned char 
 Auto vars:     Size  Location     Type
  address         1    7[COMMON] const unsigned char 
 Return value:  Size  Location     Type
		None               void
 Registers used:
		wreg, fsr0l, fsr0h, fsr1l, fsr1h, fsr1l, fsr1h, status,2, status,0, btemp+1, pclath, cstack
 Tracked objects:
		On entry : 
		On exit  : 
		Unchanged: 
 Data sizes:     COMMON   BANK0   BANK1   BANK2   BANK3   BANK4   BANK5   BANK6   BANK7   BANK8   BANK9  BANK10  BANK11  BANK12
      Params:         2       0       0       0       0       0       0       0       0       0       0       0       0       0
      Locals:         1       0       0       0       0       0       0       0       0       0       0       0       0       0
      Temps:          0       0       0       0       0       0       0       0       0       0       0       0       0       0
      Totals:         3       0       0       0       0       0       0       0       0       0       0       0       0       0
Total ram usage:        3 bytes
 Hardware stack levels used:    1
 Hardware stack levels required when called:    4
 This function calls:
		_SPIDelay
		_WriteByteSPI
 This function is called by:
		_DAC1220_Init
		_DAC1220_SelfCal
 This function uses a non-reentrant model


 *************** function _WriteByteSPI *****************
 Defined at:
		line 166 in file "spi/spi_software.c"
 Parameters:    Size  Location     Type
  data_byte       1    wreg     unsigned char 
 Auto vars:     Size  Location     Type
  data_byte       1    3[COMMON] unsigned char 
  bit_counter     1    4[COMMON] unsigned char 
 Return value:  Size  Location     Type
		None               void
 Registers used:
		wreg, status,2, status,0, pclath, cstack
 Tracked objects:
		On entry : 
		On exit  : 
		Unchanged: 
 Data sizes:     COMMON   BANK0   BANK1   BANK2   BANK3   BANK4   BANK5   BANK6   BANK7   BANK8   BANK9  BANK10  BANK11  BANK12
      Params:         0       0       0       0       0       0       0       0       0       0       0       0       0       0
      Locals:         2       0       0       0       0       0       0       0       0       0       0       0       0       0
      Temps:          1       0       0       0       0       0       0       0       0       0       0       0       0       0
      Totals:         3       0       0       0       0       0       0       0       0       0       0       0       0       0
Total ram usage:        3 bytes
 Hardware stack levels used:    1
 Hardware stack levels required when called:    3
 This function calls:
		_ClockPulse
 This function is called by:
		_DAC1220_Write2Bytes
		_DAC1220_Write3Bytes
		_DAC1220_Read3Bytes
		_DAC1220_Read2Bytes
 This function uses a non-reentrant model


 *************** function _ClockPulse *****************
 Defined at:
		line 177 in file "spi/spi_software.c"
 Parameters:    Size  Location     Type
		None
 Auto vars:     Size  Location     Type
		None
 Return value:  Size  Location     Type
		None               void
 Registers used:
		wreg, status,2, status,0, pclath, cstack
 Tracked objects:
		On entry : 
		On exit  : 
		Unchanged: 
 Data sizes:     COMMON   BANK0   BANK1   BANK2   BANK3   BANK4   BANK5   BANK6   BANK7   BANK8   BANK9  BANK10  BANK11  BANK12
      Params:         0       0       0       0       0       0       0       0       0       0       0       0       0       0
      Locals:         0       0       0       0       0       0       0       0       0       0       0       0       0       0
      Temps:          0       0       0       0       0       0       0       0       0       0       0       0       0       0
      Totals:         0       0       0       0       0       0       0       0       0       0       0       0       0       0
Total ram usage:        0 bytes
 Hardware stack levels used:    1
 Hardware stack levels required when called:    2
 This function calls:
		_SPIDelay
 This function is called by:
		_Read2BytesSPI
		_ReadByteSPI
		_WriteByteSPI
 This function uses a non-reentrant model


 *************** function _DAC1220_Reset *****************
 Defined at:
		line 45 in file "spi/spi_software.c"
 Parameters:    Size  Location     Type
		None
 Auto vars:     Size  Location     Type
		None
 Return value:  Size  Location     Type
		None               void
 Registers used:
		wreg, status,2, status,0, pclath, cstack
 Tracked objects:
		On entry : 
		On exit  : 
		Unchanged: 
 Data sizes:     COMMON   BANK0   BANK1   BANK2   BANK3   BANK4   BANK5   BANK6   BANK7   BANK8   BANK9  BANK10  BANK11  BANK12
      Params:         0       0       0       0       0       0       0       0       0       0       0       0       0       0
      Locals:         0       0       0       0       0       0       0       0       0       0       0       0       0       0
      Temps:          2       0       0       0       0       0       0       0       0       0       0       0       0       0
      Totals:         2       0       0       0       0       0       0       0       0       0       0       0       0       0
Total ram usage:        2 bytes
 Hardware stack levels used:    1
 Hardware stack levels required when called:    2
 This function calls:
		_SPIDelay
 This function is called by:
		_InitializeIO
 This function uses a non-reentrant model


 *************** function _SPIDelay *****************
 Defined at:
		line 186 in file "spi/spi_software.c"
 Parameters:    Size  Location     Type
		None
 Auto vars:     Size  Location     Type
		None
 Return value:  Size  Location     Type
		None               void
 Registers used:
		wreg
 Tracked objects:
		On entry : 
		On exit  : 
		Unchanged: 
 Data sizes:     COMMON   BANK0   BANK1   BANK2   BANK3   BANK4   BANK5   BANK6   BANK7   BANK8   BANK9  BANK10  BANK11  BANK12
      Params:         0       0       0       0       0       0       0       0       0       0       0       0       0       0
      Locals:         0       0       0       0       0       0       0       0       0       0       0       0       0       0
      Temps:          1       0       0       0       0       0       0       0       0       0       0       0       0       0
      Totals:         1       0       0       0       0       0       0       0       0       0       0       0       0       0
Total ram usage:        1 bytes
 Hardware stack levels used:    1
 Hardware stack levels required when called:    1
 This function calls:
		Nothing
 This function is called by:
		_MCP3550_Read
		_DAC1220_Reset
		_DAC1220_Write2Bytes
		_DAC1220_Write3Bytes
		_DAC1220_Read3Bytes
		_ClockPulse
		_DAC1220_Read2Bytes
 This function uses a non-reentrant model


 *************** function _InitializeSPI *****************
 Defined at:
		line 6 in file "spi/spi_software.c"
 Parameters:    Size  Location     Type
		None
 Auto vars:     Size  Location     Type
		None
 Return value:  Size  Location     Type
		None               void
 Registers used:
		None
 Tracked objects:
		On entry : 
		On exit  : 
		Unchanged: 
 Data sizes:     COMMON   BANK0   BANK1   BANK2   BANK3   BANK4   BANK5   BANK6   BANK7   BANK8   BANK9  BANK10  BANK11  BANK12
      Params:         0       0       0       0       0       0       0       0       0       0       0       0       0       0
      Locals:         0       0       0       0       0       0       0       0       0       0       0       0       0       0
      Temps:          0       0       0       0       0       0       0       0       0       0       0       0       0       0
      Totals:         0       0       0       0       0       0       0       0       0       0       0       0       0       0
Total ram usage:        0 bytes
 Hardware stack levels used:    1
 Hardware stack levels required when called:    1
 This function calls:
		Nothing
 This function is called by:
		_InitializeIO
 This function uses a non-reentrant model


 *************** function _HEFLASH_readBlock *****************
 Defined at:
		line 50 in file "heflash/HEFlash.c"
 Parameters:    Size  Location     Type
  buffer          1    wreg     PTR unsigned char 
		 -> heflashbuffer(32), 
  radd            1    3[COMMON] unsigned char 
  count           1    4[COMMON] unsigned char 
 Auto vars:     Size  Location     Type
  buffer          1    9[COMMON] PTR unsigned char 
		 -> heflashbuffer(32), 
  add             2    7[COMMON] unsigned int 
 Return value:  Size  Location     Type
                  1    wreg      unsigned char 
 Registers used:
		wreg, fsr1l, fsr1h, status,2, status,0, pclath, cstack
 Tracked objects:
		On entry : 
		On exit  : 
		Unchanged: 
 Data sizes:     COMMON   BANK0   BANK1   BANK2   BANK3   BANK4   BANK5   BANK6   BANK7   BANK8   BANK9  BANK10  BANK11  BANK12
      Params:         2       0       0       0       0       0       0       0       0       0       0       0       0       0
      Locals:         3       0       0       0       0       0       0       0       0       0       0       0       0       0
      Temps:          2       0       0       0       0       0       0       0       0       0       0       0       0       0
      Totals:         7       0       0       0       0       0       0       0       0       0       0       0       0       0
Total ram usage:        7 bytes
 Hardware stack levels used:    1
 Hardware stack levels required when called:    2
 This function calls:
		_FLASH_read
 This function is called by:
		_InitializeIO
		_command_read_offset
		_command_read_shuntcalibration
		_command_read_dac_cal
 This function uses a non-reentrant model


 *************** function _FLASH_read *****************
 Defined at:
		line 32 in file "heflash/Flash.c"
 Parameters:    Size  Location     Type
  address         2    1[COMMON] unsigned int 
 Auto vars:     Size  Location     Type
		None
 Return value:  Size  Location     Type
                  2    1[COMMON] unsigned int 
 Registers used:
		wreg, status,2, status,0
 Tracked objects:
		On entry : 
		On exit  : 
		Unchanged: 
 Data sizes:     COMMON   BANK0   BANK1   BANK2   BANK3   BANK4   BANK5   BANK6   BANK7   BANK8   BANK9  BANK10  BANK11  BANK12
      Params:         2       0       0       0       0       0       0       0       0       0       0       0       0       0
      Locals:         0       0       0       0       0       0       0       0       0       0       0       0       0       0
      Temps:          0       0       0       0       0       0       0       0       0       0       0       0       0       0
      Totals:         2       0       0       0       0       0       0       0       0       0       0       0       0       0
Total ram usage:        2 bytes
 Hardware stack levels used:    1
 Hardware stack levels required when called:    1
 This function calls:
		Nothing
 This function is called by:
		_HEFLASH_readBlock
		_FLASH_readBlock
		_HEFLASH_readByte
 This function uses a non-reentrant model


 *************** function _isr *****************
 Defined at:
		line 336 in file "main.c"
 Parameters:    Size  Location     Type
		None
 Auto vars:     Size  Location     Type
		None
 Return value:  Size  Location     Type
		None               void
 Registers used:
		None
 Tracked objects:
		On entry : 
		On exit  : 
		Unchanged: 
 Data sizes:     COMMON   BANK0   BANK1   BANK2   BANK3   BANK4   BANK5   BANK6   BANK7   BANK8   BANK9  BANK10  BANK11  BANK12
      Params:         0       0       0       0       0       0       0       0       0       0       0       0       0       0
      Locals:         0       0       0       0       0       0       0       0       0       0       0       0       0       0
      Temps:          1       0       0       0       0       0       0       0       0       0       0       0       0       0
      Totals:         1       0       0       0       0       0       0       0       0       0       0       0       0       0
Total ram usage:        1 bytes
 Hardware stack levels used:    1
 This function calls:
		Nothing
 This function is called by:
		Interrupt level 1
 This function uses a non-reentrant model



MODULE INFORMATION

Module		Function		Class		Link	Load	Size
shared
		_str00         		STRCODE        	03BB	0000	4
		__stringtab    		STRCODE        	0300	0000	1
		__stringdata   		STRCODE        	03BF	0000	177
		_product_string		STRCODE        	0319	0000	58
		_configuration_		STRCODE        	037F	0000	32
		__initializatio		CODE           	000D	0000	47
		_vendor_string 		STRCODE        	0353	0000	44
		_serial_string 		STRCODE        	03B1	0000	10
		__fptable      		CODE           	0100	0000	3
		_interface_stri		STRCODE        	0301	0000	24
		_this_device_de		STRCODE        	039F	0000	18

shared estimated size: 418

main.c
		_command_cell_o		CODE           	0E0C	0000	5
		_interpret_comm		CODE           	0103	0000	474
		_command_mode_p		CODE           	0E11	0000	5
		_command_mode_g		CODE           	0E16	0000	5
		_command_range1		CODE           	0E92	0000	16
		_command_range2		CODE           	0EA2	0000	16
		_command_range3		CODE           	0EB2	0000	16
		_main          		CODE           	071D	0000	51
		_command_read_o		CODE           	07DD	0000	34
		_command_save_o		CODE           	0EC2	0000	18
		_command_set_da		CODE           	0782	0000	46
		_command_cell_o		CODE           	0E07	0000	5
		_InitializeIO  		CODE           	0470	0000	117
		_command_unknow		CODE           	0FA3	0000	31
		_command_read_d		CODE           	003F	0000	36
		_isr           		CODE           	0004	0000	7
		_command_read_s		CODE           	0063	0000	36
		_command_save_s		CODE           	0ED4	0000	18
		_command_set_da		CODE           	04E5	0000	111
		_send_WAIT     		CODE           	0FE1	0000	31
		_command_calibr		CODE           	05FA	0000	67
		_send_OK       		CODE           	0FC2	0000	31
		_command_read_a		CODE           	0087	0000	33

main.c estimated size: 1209

eusart.c
		_EUSART_Read   		CODE           	0E56	0000	11
		_EUSART_Write  		CODE           	0E3B	0000	8
		_EUSART_Initial		CODE           	0F54	0000	25
		_EUSART_SetFram		CODE           	0E26	0000	7
		_EUSART_SetErro		CODE           	0E34	0000	7
		_EUSART_SetOver		CODE           	0E2D	0000	7
		_USART_Send    		CODE           	0F24	0000	23
		_EUSART_is_rx_r		CODE           	0E1B	0000	5

eusart.c estimated size: 93

C:\Program Files (x86)\Microchip\xc8\v1.21\sources\common\strlen.c
		_strlen        		CODE           	00A8	0000	33

C:\Program Files (x86)\Microchip\xc8\v1.21\sources\common\strlen.c estimated size: 33

C:\Program Files (x86)\Microchip\xc8\v1.21\sources\common\strncmp.c
		_strncmp       		CODE           	05B4	0000	70

C:\Program Files (x86)\Microchip\xc8\v1.21\sources\common\strncmp.c estimated size: 70

C:\Program Files (x86)\Microchip\xc8\v1.21\sources\common\memcpy.c
		_memcpy        		CODE           	07B0	0000	45

C:\Program Files (x86)\Microchip\xc8\v1.21\sources\common\memcpy.c estimated size: 45

spi/spi_software.c
		_DAC1220_Init  		CODE           	0F0E	0000	22
		_DAC1220_Reset 		CODE           	06AF	0000	56
		_WriteByteSPI  		CODE           	0F6D	0000	26
		_DAC1220_Write2		CODE           	0F87	0000	28
		_DAC1220_Write3		CODE           	00C9	0000	32
		_InitializeSPI 		CODE           	0E85	0000	13
		_Read2BytesSPI 		CODE           	063D	0000	58
		_MCP3550_Read  		CODE           	0677	0000	56
		_DAC1220_SelfCa		CODE           	0E61	0000	12
		_ReadByteSPI   		CODE           	00E9	0000	23
		_DAC1220_Read3B		CODE           	0750	0000	50
		_ClockPulse    		CODE           	0E4C	0000	10
		_SPIDelay      		CODE           	0E20	0000	6

spi/spi_software.c estimated size: 392

heflash/HEFlash.c
		_HEFLASH_readBl		CODE           	06E7	0000	54
		_HEFLASH_writeB		CODE           	0554	0000	96

heflash/HEFlash.c estimated size: 150

heflash/Flash.c
		_FLASH_write   		CODE           	02DD	0000	34
		__unlock       		CODE           	0E43	0000	9
		_FLASH_read    		CODE           	0EE6	0000	19
		_FLASH_erase   		CODE           	0F3B	0000	25

heflash/Flash.c estimated size: 87

