Microchip MPLAB XC8 Compiler V1.21 ()

Linker command line:

-W-3 --edf=C:\Program Files (x86)\Microchip\xc8\v1.21\dat\en_msgs.txt -cs \
  -h+dist/default/production\Potenciostat_bez_USB.X.production.sym \
  --cmf=dist/default/production\Potenciostat_bez_USB.X.production.cmf -z \
  -Q16F1459 -oC:\Users\david\AppData\Local\Temp\sh5s.6 \
  -Mdist/default/production/Potenciostat_bez_USB.X.production.map -E1 \
  -ver=XC8 -ACONST=00h-0FFhx32 -ACODE=00h-07FFhx4 -ASTRCODE=00h-01FFFh \
  -AENTRY=00h-0FFhx32 -ASTRING=00h-0FFhx32 -ACOMMON=070h-07Fh \
  -ABANK0=020h-06Fh -ABANK1=0A0h-0EFh -ABANK2=0120h-016Fh \
  -ABANK3=01A0h-01EFh -ABANK4=0220h-026Fh -ABANK5=02A0h-02EFh \
  -ABANK6=0320h-036Fh -ABANK7=03A0h-03EFh -ABANK8=0420h-046Fh \
  -ABANK9=04A0h-04EFh -ABANK10=0520h-056Fh -ABANK11=05A0h-05EFh \
  -ABANK12=0620h-064Fh -ABIGRAM=02000h-023EFh \
  -ARAM=020h-06Fh,0A0h-0EFh,0120h-016Fh,01A0h-01EFh,0220h-026Fh,02A0h-02EFh,0320h-036Fh,03A0h-03EFh,0420h-046Fh,04A0h-04EFh,0520h-056Fh,05A0h-05EFh,0620h-064Fh \
  -AABS1=020h-07Fh,0A0h-0EFh,0120h-016Fh,01A0h-01EFh,0220h-026Fh,02A0h-02EFh,0320h-036Fh,03A0h-03EFh,0420h-046Fh,04A0h-04EFh,0520h-056Fh,05A0h-05EFh,0620h-064Fh \
  -ASFR0=00h-01Fh -ASFR1=080h-09Fh -ASFR2=0100h-011Fh -ASFR3=0180h-019Fh \
  -ASFR4=0200h-021Fh -ASFR5=0280h-029Fh -ASFR6=0300h-031Fh \
  -ASFR7=0380h-039Fh -ASFR8=0400h-041Fh -ASFR9=0480h-049Fh \
  -ASFR10=0500h-051Fh -ASFR11=0580h-059Fh -ASFR12=0600h-061Fh \
  -ASFR13=0680h-06EFh -ASFR14=0700h-076Fh -ASFR15=0780h-07EFh \
  -ASFR16=0800h-086Fh -ASFR17=0880h-08EFh -ASFR18=0900h-096Fh \
  -ASFR19=0980h-09EFh -ASFR20=0A00h-0A6Fh -ASFR21=0A80h-0AEFh \
  -ASFR22=0B00h-0B6Fh -ASFR23=0B80h-0BEFh -ASFR24=0C00h-0C6Fh \
  -ASFR25=0C80h-0CEFh -ASFR26=0D00h-0D6Fh -ASFR27=0D80h-0DEFh \
  -ASFR28=0E00h-0E6Fh -ASFR29=0E80h-0EEFh -ASFR30=0F00h-0F6Fh \
  -ASFR31=0F80h-0FEFh -preset_vec=00h,intentry=04h,init,end_init \
  -ppowerup=CODE -pcinit=CODE -pfunctab=CODE -ACONFIG=08007h-08008h \
  -pconfig=CONFIG -DCONFIG=2 -AIDLOC=08000h-08003h -pidloc=IDLOC -DIDLOC=2 \
  -DCODE=2 -DSTRCODE=2 -DSTRING=2 -DCONST=2 -DENTRY=2 -k \
  C:\Users\david\AppData\Local\Temp\sh5s.obj \
  dist/default/production\Potenciostat_bez_USB.X.production.obj 

Object code version is 3.11

Machine type is 16F1459



                Name                               Link     Load   Length Selector   Space Scale
C:\Users\david\AppData\Local\Temp\sh5s.obj
                end_init                              B        B        2        8       0
                reset_vec                             0        0        2        0       0
                config                             8007     8007        2    1000E       0
dist/default/production\Potenciostat_bez_USB.X.production.obj
                cinit                                 D        D        B        8       0
                functab                             100      100        3        2       0
                intentry                              4        4        7        8       0
                text51                              6F4      6F4       13        2       0
                text50                              4D2      4D2       35        2       0
                text49                              798      798        D        2       0
                text48                              7F2      7F2        6        2       0
                text47                              49A      49A       38        2       0
                text46                              7BC      7BC        A        2       0
                text45                              60A      60A       1A        2       0
                text44                              5D4      5D4       1C        2       0
                text43                              5B4      5B4       20        2       0
                text42                              6DE      6DE       16        2       0
                text41                              7E5      7E5        7        2       0
                text40                              7DE      7DE        7        2       0
                text39                              7D7      7D7        7        2       0
                text38                              656      656       19        2       0
                text37                              56D      56D       25        2       0
                text36                              7CF      7CF        8        2       0
                text35                              63D      63D       19        2       0
                text34                              28A      28A       80        2       0
                text33                              6C8      6C8       16        2       0
                text32                              6B2      6B2       16        2       0
                text31                               E1       E1        5      1A4       0
                text30                               DC       DC        5      1A4       0
                text29                               D7       D7        5      1A4       0
                text28                               D2       D2        5      1A4       0
                text27                              74B      74B       11        2       0
                text26                              73A      73A       11        2       0
                text25                              729      729       11        2       0
                text24                              5F0      5F0       1A        2       0
                text23                              7C6      7C6        9        2       0
                text22                              592      592       22        2       0
                text21                              624      624       19        2       0
                text20                              30A      30A       5E        2       0
                text19                              66F      66F       17        2       0
                text18                              53B      53B       32        2       0
                text17                              7A5      7A5        C        2       0
                text16                              368      368       43        2       0
                text15                              428      428       3A        2       0
                text14                              462      462       38        2       0
                text13                              69C      69C       16        2       0
                text12                              686      686       16        2       0
                text11                              78A      78A        E        2       0
                text10                              77C      77C        E        2       0
                text9                               718      718       11        2       0
                text8                               76C      76C       10        2       0
                text7                               707      707       11        2       0
                text6                               75C      75C       10        2       0
                text5                               3ED      3ED       3B        2       0
                text4                               3AB      3AB       42        2       0
                text3                               103      103      187        2       0
                text2                               7F8      7F8        5        2       0
                text1                               7B1      7B1        B        2       0
                maintext                            507      507       34        2       0
                cstackBANK0                          59       59       10       20       1
                cstackCOMMON                         70       70        C       70       1
                clrtext                             7EC      7EC        6        2       0
                bssBANK0                             20       20       39       20       1
                bssCOMMON                            7C       7C        1       70       1
                strings                              18       18       BA       30       0

TOTAL           Name                               Link     Load   Length     Space
        CLASS   CONST          

        CLASS   CODE           
                end_init                              B        B        2         0
                cinit                                 D        D        B         0
                functab                             100      100        3         0
                intentry                              4        4        7         0
                reset_vec                             0        0        2         0
                text51                              6F4      6F4       13         0
                text50                              4D2      4D2       35         0
                text49                              798      798        D         0
                text48                              7F2      7F2        6         0
                text47                              49A      49A       38         0
                text46                              7BC      7BC        A         0
                text45                              60A      60A       1A         0
                text44                              5D4      5D4       1C         0
                text43                              5B4      5B4       20         0
                text42                              6DE      6DE       16         0
                text41                              7E5      7E5        7         0
                text40                              7DE      7DE        7         0
                text39                              7D7      7D7        7         0
                text38                              656      656       19         0
                text37                              56D      56D       25         0
                text36                              7CF      7CF        8         0
                text35                              63D      63D       19         0
                text34                              28A      28A       80         0
                text33                              6C8      6C8       16         0
                text32                              6B2      6B2       16         0
                text31                               E1       E1        5         0
                text30                               DC       DC        5         0
                text29                               D7       D7        5         0
                text28                               D2       D2        5         0
                text27                              74B      74B       11         0
                text26                              73A      73A       11         0
                text25                              729      729       11         0
                text24                              5F0      5F0       1A         0
                text23                              7C6      7C6        9         0
                text22                              592      592       22         0
                text21                              624      624       19         0
                text20                              30A      30A       5E         0
                text19                              66F      66F       17         0
                text18                              53B      53B       32         0
                text17                              7A5      7A5        C         0
                text16                              368      368       43         0
                text15                              428      428       3A         0
                text14                              462      462       38         0
                text13                              69C      69C       16         0
                text12                              686      686       16         0
                text11                              78A      78A        E         0
                text10                              77C      77C        E         0
                text9                               718      718       11         0
                text8                               76C      76C       10         0
                text7                               707      707       11         0
                text6                               75C      75C       10         0
                text5                               3ED      3ED       3B         0
                text4                               3AB      3AB       42         0
                text3                               103      103      187         0
                text2                               7F8      7F8        5         0
                text1                               7B1      7B1        B         0
                maintext                            507      507       34         0
                clrtext                             7EC      7EC        6         0

        CLASS   STRCODE        

        CLASS   ENTRY          

        CLASS   STRING         
                strings                              18       18       BA         0

        CLASS   COMMON         
                cstackCOMMON                         70       70        C         1
                bssCOMMON                            7C       7C        1         1

        CLASS   BANK0          
                cstackBANK0                          59       59       10         1
                bssBANK0                             20       20       39         1

        CLASS   BANK1          

        CLASS   BANK2          

        CLASS   BANK3          

        CLASS   BANK4          

        CLASS   BANK5          

        CLASS   BANK6          

        CLASS   BANK7          

        CLASS   BANK8          

        CLASS   BANK9          

        CLASS   BANK10         

        CLASS   BANK11         

        CLASS   BANK12         

        CLASS   BIGRAM         

        CLASS   RAM            

        CLASS   ABS1           
                abs_s1                               7E       7E        2         1

        CLASS   SFR0           

        CLASS   SFR1           

        CLASS   SFR2           

        CLASS   SFR3           

        CLASS   SFR4           

        CLASS   SFR5           

        CLASS   SFR6           

        CLASS   SFR7           

        CLASS   SFR8           

        CLASS   SFR9           

        CLASS   SFR10          

        CLASS   SFR11          

        CLASS   SFR12          

        CLASS   SFR13          

        CLASS   SFR14          

        CLASS   SFR15          

        CLASS   SFR16          

        CLASS   SFR17          

        CLASS   SFR18          

        CLASS   SFR19          

        CLASS   SFR20          

        CLASS   SFR21          

        CLASS   SFR22          

        CLASS   SFR23          

        CLASS   SFR24          

        CLASS   SFR25          

        CLASS   SFR26          

        CLASS   SFR27          

        CLASS   SFR28          

        CLASS   SFR29          

        CLASS   SFR30          

        CLASS   SFR31          

        CLASS   CONFIG         
                config                             8007     8007        2         0

        CLASS   IDLOC          

        CLASS   BANK31         

        CLASS   BANK30         

        CLASS   BANK29         

        CLASS   BANK28         

        CLASS   BANK27         

        CLASS   BANK26         

        CLASS   BANK25         

        CLASS   BANK24         

        CLASS   BANK23         

        CLASS   BANK22         

        CLASS   BANK21         

        CLASS   BANK20         

        CLASS   BANK19         

        CLASS   BANK18         

        CLASS   BANK17         

        CLASS   BANK16         

        CLASS   BANK15         

        CLASS   BANK14         

        CLASS   BANK13         

        CLASS   EEDATA         



SEGMENTS        Name                           Load    Length   Top    Selector   Space  Class     Delta

                reset_vec                      000000  000002  000002         0       0  CODE        2
                intentry                       000004  000014  000018         8       0  CODE        2
                bssBANK0                       000020  000049  000069        20       1  BANK0       1
                strings                        000018  0000BA  0000D2        30       0  STRING      2
                cstackCOMMON                   000070  00000D  00007D        70       1  COMMON      1
                text28                         0000D2  000014  0000E6       1A4       0  CODE        2
                functab                        000100  0006FD  0007FD         2       0  CODE        2
                config                         008007  000002  008009     1000E       0  CONFIG      2


UNUSED ADDRESS RANGES

        Name                Unused          Largest block    Delta
        BANK0            00069-0006F               7           1
        BANK1            000A0-000EF              50           1
        BANK10           00520-0056F              50           1
        BANK11           005A0-005EF              50           1
        BANK12           00620-0064F              30           1
        BANK2            00120-0016F              50           1
        BANK3            001A0-001EF              50           1
        BANK4            00220-0026F              50           1
        BANK5            002A0-002EF              50           1
        BANK6            00320-0036F              50           1
        BANK7            003A0-003EF              50           1
        BANK8            00420-0046F              50           1
        BANK9            004A0-004EF              50           1
        BIGRAM           02000-023EF             3F0           1
        CODE             00002-00003               2           2
                         000E6-000FF              1A
                         007FD-01FFF             800
        COMMON           0007D-0007D               1           1
        CONST            00002-00003               2           2
                         000E6-000FF              1A
                         007FD-01FFF             100
        ENTRY            00002-00003               2           2
                         000E6-000FF              1A
                         007FD-01FFF             100
        IDLOC            08000-08003               4           2
        RAM              00069-0006F               7           1
                         000A0-000EF              50
                         00120-0016F              50
                         001A0-001EF              50
                         00220-0026F              50
                         002A0-002EF              50
                         00320-0036F              50
                         003A0-003EF              50
                         00420-0046F              50
                         004A0-004EF              50
                         00520-0056F              50
                         005A0-005EF              50
                         00620-0064F              30
        SFR0             00000-0001F              20           1
        SFR1             00080-0009F              20           1
        SFR10            00500-0051F              20           1
        SFR11            00580-0059F              20           1
        SFR12            00600-0061F              20           1
        SFR13            00680-006EF              70           1
        SFR14            00700-0076F              70           1
        SFR15            00780-007EF              70           1
        SFR16            00800-0086F              70           1
        SFR17            00880-008EF              70           1
        SFR18            00900-0096F              70           1
        SFR19            00980-009EF              70           1
        SFR2             00100-0011F              20           1
        SFR20            00A00-00A6F              70           1
        SFR21            00A80-00AEF              70           1
        SFR22            00B00-00B6F              70           1
        SFR23            00B80-00BEF              70           1
        SFR24            00C00-00C6F              70           1
        SFR25            00C80-00CEF              70           1
        SFR26            00D00-00D6F              70           1
        SFR27            00D80-00DEF              70           1
        SFR28            00E00-00E6F              70           1
        SFR29            00E80-00EEF              70           1
        SFR3             00180-0019F              20           1
        SFR30            00F00-00F6F              70           1
        SFR31            00F80-00FEF              70           1
        SFR4             00200-0021F              20           1
        SFR5             00280-0029F              20           1
        SFR6             00300-0031F              20           1
        SFR7             00380-0039F              20           1
        SFR8             00400-0041F              20           1
        SFR9             00480-0049F              20           1
        STRCODE          00002-00003               2           2
                         000E6-000FF              1A
                         007FD-01FFF            1803
        STRING           00002-00003               2           2
                         000E6-000FF              1A
                         007FD-01FFF             100

                                  Symbol Table

?_DAC1220_Read3Bytes                                cstackCOMMON 00075
?_DAC1220_Write2Bytes                               cstackCOMMON 00075
?_DAC1220_Write3Bytes                               cstackCOMMON 00075
?_FLASH_erase                                       cstackCOMMON 00071
?_FLASH_read                                        cstackCOMMON 00071
?_FLASH_write                                       cstackCOMMON 00071
?_HEFLASH_readBlock                                 cstackCOMMON 00073
?_HEFLASH_writeBlock                                cstackCOMMON 00077
?_Read2BytesSPI                                     cstackCOMMON 00072
?_USART_Send                                        cstackCOMMON 00079
?_strlen                                            cstackCOMMON 00071
?_strncmp                                           cstackCOMMON 00071
DAC1220_Read3Bytes@address                          cstackCOMMON 00079
DAC1220_Read3Bytes@byte1                            cstackCOMMON 00075
DAC1220_Read3Bytes@byte2                            cstackCOMMON 00076
DAC1220_Read3Bytes@byte3                            cstackCOMMON 00077
DAC1220_Write2Bytes@address                         cstackCOMMON 00077
DAC1220_Write2Bytes@byte1                           cstackCOMMON 00075
DAC1220_Write2Bytes@byte2                           cstackCOMMON 00076
DAC1220_Write3Bytes@address                         cstackCOMMON 00078
DAC1220_Write3Bytes@byte1                           cstackCOMMON 00075
DAC1220_Write3Bytes@byte2                           cstackCOMMON 00076
DAC1220_Write3Bytes@byte3                           cstackCOMMON 00077
EUSART_SetErrorHandler@interruptHandler             cstackCOMMON 00072
EUSART_SetFramingErrorHandler@interruptHandler      cstackCOMMON 00072
EUSART_SetOverrunErrorHandler@interruptHandler      cstackCOMMON 00072
EUSART_Write@txData                                 cstackCOMMON 00071
FLASH_erase@address                                 cstackCOMMON 00071
FLASH_erase@temp                                    cstackCOMMON 00073
FLASH_read@address                                  cstackCOMMON 00071
FLASH_write@address                                 cstackCOMMON 00071
FLASH_write@data                                    cstackCOMMON 00073
FLASH_write@latch                                   cstackCOMMON 00075
FLASH_write@temp                                    cstackCOMMON 00076
HEFLASH_readBlock@add                               cstackCOMMON 00078
HEFLASH_readBlock@buffer                            cstackCOMMON 00077
HEFLASH_readBlock@count                             cstackCOMMON 00074
HEFLASH_readBlock@radd                              cstackCOMMON 00073
HEFLASH_writeBlock@add                              cstackBANK0  0005A
HEFLASH_writeBlock@count                            cstackCOMMON 00078
HEFLASH_writeBlock@data                             cstackCOMMON 00077
HEFLASH_writeBlock@radd                             cstackBANK0  00059
InitializeIO@startReply                             cstackCOMMON 0007B
MCP3550_Read@adc_data                               cstackCOMMON 00078
MCP3550_Read@data_ready                             cstackCOMMON 00077
Read2BytesSPI@bit_counter                           cstackCOMMON 00074
Read2BytesSPI@data1_byte                            cstackCOMMON 00075
Read2BytesSPI@data2_byte                            cstackCOMMON 00072
ReadByteSPI@bit_counter                             cstackCOMMON 00073
ReadByteSPI@data_byte                               cstackCOMMON 00074
USART_Send@dataLength                               cstackCOMMON 00079
USART_Send@dataToSend                               cstackBANK0  00059
USART_Send@i                                        cstackBANK0  0005A
USART_Send_6bytes@dataToSend                        cstackCOMMON 00073
USART_Send_6bytes@i                                 cstackCOMMON 00074
WriteByteSPI@bit_counter                            cstackCOMMON 00074
WriteByteSPI@data_byte                              cstackCOMMON 00073
_ACTCONbits                                         (abs)        0039B
_ANSELA                                             (abs)        0018C
_ANSELB                                             (abs)        0018D
_ANSELC                                             (abs)        0018E
_APFCON                                             (abs)        0011D
_BAUDCON                                            (abs)        0019F
_ClockPulse                                         text46       007BC
_DAC1220_Init                                       text42       006DE
_DAC1220_Read3Bytes                                 text18       0053B
_DAC1220_Reset                                      text47       0049A
_DAC1220_SelfCal                                    text17       007A5
_DAC1220_Write2Bytes                                text44       005D4
_DAC1220_Write3Bytes                                text43       005B4
_EUSART_DefaultErrorHandler                         (abs)        00000
_EUSART_DefaultFramingErrorHandler                  (abs)        00000
_EUSART_DefaultOverrunErrorHandler                  (abs)        00000
_EUSART_ErrorHandler                                bssBANK0     00020
_EUSART_FramingErrorHandler                         bssBANK0     00021
_EUSART_Initialize                                  text38       00656
_EUSART_OverrunErrorHandler                         bssBANK0     00022
_EUSART_Read                                        text1        007B1
_EUSART_SetErrorHandler                             text39       007D7
_EUSART_SetFramingErrorHandler                      text41       007E5
_EUSART_SetOverrunErrorHandler                      text40       007DE
_EUSART_Write                                       text36       007CF
_EUSART_is_rx_ready                                 text2        007F8
_FLASH_erase                                        text21       00624
_FLASH_read                                         text51       006F4
_FLASH_write                                        text22       00592
_HEFLASH_readBlock                                  text50       004D2
_HEFLASH_writeBlock                                 text20       0030A
_INTCONbits                                         (abs)        0000B
_InitializeIO                                       text34       0028A
_InitializeSPI                                      text49       00798
_LATAbits                                           (abs)        0010C
_LATBbits                                           (abs)        0010D
_LATCbits                                           (abs)        0010E
_MCP3550_Read                                       text14       00462
_OSCCONbits                                         (abs)        00099
_PIR1bits                                           (abs)        00011
_PMADR                                              (abs)        00191
_PMCON1bits                                         (abs)        00195
_PMDAT                                              (abs)        00193
_PORTBbits                                          (abs)        0000D
_PORTCbits                                          (abs)        0000E
_RCREG                                              (abs)        00199
_RCSTA                                              (abs)        0019D
_RCSTAbits                                          (abs)        0019D
_Read2BytesSPI                                      text15       00428
_ReadByteSPI                                        text19       0066F
_SPBRGH                                             (abs)        0019C
_SPBRGL                                             (abs)        0019B
_SPIDelay                                           text48       007F2
_TRISAbits                                          (abs)        0008C
_TRISBbits                                          (abs)        0008D
_TRISCbits                                          (abs)        0008E
_TXREG                                              (abs)        0019A
_TXSTA                                              (abs)        0019E
_TXSTAbits                                          (abs)        0019E
_USART_Send                                         text35       0063D
_USART_Send_6bytes                                  text12       00686
_WriteByteSPI                                       text45       0060A
__CFG_BOREN$ON                                      (abs)        00000
__CFG_BORV$LO                                       (abs)        00000
__CFG_CLKOUTEN$OFF                                  (abs)        00000
__CFG_CP$OFF                                        (abs)        00000
__CFG_CPUDIV$NOCLKDIV                               (abs)        00000
__CFG_FCMEN$OFF                                     (abs)        00000
__CFG_FOSC$INTOSC                                   (abs)        00000
__CFG_IESO$OFF                                      (abs)        00000
__CFG_LPBOR$OFF                                     (abs)        00000
__CFG_LVP$OFF                                       (abs)        00000
__CFG_MCLRE$OFF                                     (abs)        00000
__CFG_PLLEN$ENABLED                                 (abs)        00000
__CFG_PLLMULT$3x                                    (abs)        00000
__CFG_PWRTE$OFF                                     (abs)        00000
__CFG_STVREN$ON                                     (abs)        00000
__CFG_USBLSCLK$48MHz                                (abs)        00000
__CFG_WDTE$OFF                                      (abs)        00000
__CFG_WRT$OFF                                       (abs)        00000
__Habs1                                             abs1         00000
__Hbank0                                            bank0        00000
__Hbank1                                            bank1        00000
__Hbank10                                           bank10       00000
__Hbank11                                           bank11       00000
__Hbank12                                           bank12       00000
__Hbank13                                           bank13       00000
__Hbank14                                           bank14       00000
__Hbank15                                           bank15       00000
__Hbank16                                           bank16       00000
__Hbank17                                           bank17       00000
__Hbank18                                           bank18       00000
__Hbank19                                           bank19       00000
__Hbank2                                            bank2        00000
__Hbank20                                           bank20       00000
__Hbank21                                           bank21       00000
__Hbank22                                           bank22       00000
__Hbank23                                           bank23       00000
__Hbank24                                           bank24       00000
__Hbank25                                           bank25       00000
__Hbank26                                           bank26       00000
__Hbank27                                           bank27       00000
__Hbank28                                           bank28       00000
__Hbank29                                           bank29       00000
__Hbank3                                            bank3        00000
__Hbank30                                           bank30       00000
__Hbank31                                           bank31       00000
__Hbank4                                            bank4        00000
__Hbank5                                            bank5        00000
__Hbank6                                            bank6        00000
__Hbank7                                            bank7        00000
__Hbank8                                            bank8        00000
__Hbank9                                            bank9        00000
__Hbigram                                           bigram       00000
__HbssBANK0                                         bssBANK0     00000
__HbssCOMMON                                        bssCOMMON    00000
__Hcinit                                            cinit        00018
__Hclrtext                                          clrtext      00000
__Hcode                                             code         00000
__Hcommon                                           common       00000
__Hconfig                                           config       08009
__HcstackBANK0                                      cstackBANK0  00000
__HcstackCOMMON                                     cstackCOMMON 00000
__Heeprom_data                                      eeprom_data  00000
__Hend_init                                         end_init     0000D
__Hfunctab                                          functab      00103
__Hidloc                                            idloc        00000
__Hinit                                             init         0000B
__Hintentry                                         intentry     0000B
__Hmaintext                                         maintext     00000
__Hpowerup                                          powerup      00000
__Hram                                              ram          00000
__Hreset_vec                                        reset_vec    00002
__Hsfr0                                             sfr0         00000
__Hsfr1                                             sfr1         00000
__Hsfr10                                            sfr10        00000
__Hsfr11                                            sfr11        00000
__Hsfr12                                            sfr12        00000
__Hsfr13                                            sfr13        00000
__Hsfr14                                            sfr14        00000
__Hsfr15                                            sfr15        00000
__Hsfr16                                            sfr16        00000
__Hsfr17                                            sfr17        00000
__Hsfr18                                            sfr18        00000
__Hsfr19                                            sfr19        00000
__Hsfr2                                             sfr2         00000
__Hsfr20                                            sfr20        00000
__Hsfr21                                            sfr21        00000
__Hsfr22                                            sfr22        00000
__Hsfr23                                            sfr23        00000
__Hsfr24                                            sfr24        00000
__Hsfr25                                            sfr25        00000
__Hsfr26                                            sfr26        00000
__Hsfr27                                            sfr27        00000
__Hsfr28                                            sfr28        00000
__Hsfr29                                            sfr29        00000
__Hsfr3                                             sfr3         00000
__Hsfr30                                            sfr30        00000
__Hsfr31                                            sfr31        00000
__Hsfr4                                             sfr4         00000
__Hsfr5                                             sfr5         00000
__Hsfr6                                             sfr6         00000
__Hsfr7                                             sfr7         00000
__Hsfr8                                             sfr8         00000
__Hsfr9                                             sfr9         00000
__Hstrings                                          strings      00000
__Htext                                             text         00000
__Labs1                                             abs1         00000
__Lbank0                                            bank0        00000
__Lbank1                                            bank1        00000
__Lbank10                                           bank10       00000
__Lbank11                                           bank11       00000
__Lbank12                                           bank12       00000
__Lbank13                                           bank13       00000
__Lbank14                                           bank14       00000
__Lbank15                                           bank15       00000
__Lbank16                                           bank16       00000
__Lbank17                                           bank17       00000
__Lbank18                                           bank18       00000
__Lbank19                                           bank19       00000
__Lbank2                                            bank2        00000
__Lbank20                                           bank20       00000
__Lbank21                                           bank21       00000
__Lbank22                                           bank22       00000
__Lbank23                                           bank23       00000
__Lbank24                                           bank24       00000
__Lbank25                                           bank25       00000
__Lbank26                                           bank26       00000
__Lbank27                                           bank27       00000
__Lbank28                                           bank28       00000
__Lbank29                                           bank29       00000
__Lbank3                                            bank3        00000
__Lbank30                                           bank30       00000
__Lbank31                                           bank31       00000
__Lbank4                                            bank4        00000
__Lbank5                                            bank5        00000
__Lbank6                                            bank6        00000
__Lbank7                                            bank7        00000
__Lbank8                                            bank8        00000
__Lbank9                                            bank9        00000
__Lbigram                                           bigram       00000
__LbssBANK0                                         bssBANK0     00000
__LbssCOMMON                                        bssCOMMON    00000
__Lcinit                                            cinit        0000D
__Lclrtext                                          clrtext      00000
__Lcode                                             code         00000
__Lcommon                                           common       00000
__Lconfig                                           config       08007
__LcstackBANK0                                      cstackBANK0  00000
__LcstackCOMMON                                     cstackCOMMON 00000
__Leeprom_data                                      eeprom_data  00000
__Lend_init                                         end_init     0000B
__Lfunctab                                          functab      00100
__Lidloc                                            idloc        00000
__Linit                                             init         0000B
__Lintentry                                         intentry     00004
__Lmaintext                                         maintext     00000
__Lpowerup                                          powerup      00000
__Lram                                              ram          00000
__Lreset_vec                                        reset_vec    00000
__Lsfr0                                             sfr0         00000
__Lsfr1                                             sfr1         00000
__Lsfr10                                            sfr10        00000
__Lsfr11                                            sfr11        00000
__Lsfr12                                            sfr12        00000
__Lsfr13                                            sfr13        00000
__Lsfr14                                            sfr14        00000
__Lsfr15                                            sfr15        00000
__Lsfr16                                            sfr16        00000
__Lsfr17                                            sfr17        00000
__Lsfr18                                            sfr18        00000
__Lsfr19                                            sfr19        00000
__Lsfr2                                             sfr2         00000
__Lsfr20                                            sfr20        00000
__Lsfr21                                            sfr21        00000
__Lsfr22                                            sfr22        00000
__Lsfr23                                            sfr23        00000
__Lsfr24                                            sfr24        00000
__Lsfr25                                            sfr25        00000
__Lsfr26                                            sfr26        00000
__Lsfr27                                            sfr27        00000
__Lsfr28                                            sfr28        00000
__Lsfr29                                            sfr29        00000
__Lsfr3                                             sfr3         00000
__Lsfr30                                            sfr30        00000
__Lsfr31                                            sfr31        00000
__Lsfr4                                             sfr4         00000
__Lsfr5                                             sfr5         00000
__Lsfr6                                             sfr6         00000
__Lsfr7                                             sfr7         00000
__Lsfr8                                             sfr8         00000
__Lsfr9                                             sfr9         00000
__Lstrings                                          strings      00000
__Ltext                                             text         00000
__S0                                                (abs)        08009
__S1                                                (abs)        0007D
___latbits                                          (abs)        00002
__end_of_ClockPulse                                 text46       007C6
__end_of_DAC1220_Init                               text42       006F4
__end_of_DAC1220_Read3Bytes                         text18       0056D
__end_of_DAC1220_Reset                              text47       004D2
__end_of_DAC1220_SelfCal                            text17       007B1
__end_of_DAC1220_Write2Bytes                        text44       005F0
__end_of_DAC1220_Write3Bytes                        text43       005D4
__end_of_EUSART_Initialize                          text38       0066F
__end_of_EUSART_Read                                text1        007BC
__end_of_EUSART_SetErrorHandler                     text39       007DE
__end_of_EUSART_SetFramingErrorHandler              text41       007EC
__end_of_EUSART_SetOverrunErrorHandler              text40       007E5
__end_of_EUSART_Write                               text36       007D7
__end_of_EUSART_is_rx_ready                         text2        007FD
__end_of_FLASH_erase                                text21       0063D
__end_of_FLASH_read                                 text51       00707
__end_of_FLASH_write                                text22       005B4
__end_of_HEFLASH_readBlock                          text50       00507
__end_of_HEFLASH_writeBlock                         text20       00368
__end_of_InitializeIO                               text34       0030A
__end_of_InitializeSPI                              text49       007A5
__end_of_MCP3550_Read                               text14       0049A
__end_of_Read2BytesSPI                              text15       00462
__end_of_ReadByteSPI                                text19       00686
__end_of_SPIDelay                                   text48       007F8
__end_of_USART_Send                                 text35       00656
__end_of_USART_Send_6bytes                          text12       0069C
__end_of_WriteByteSPI                               text45       00624
__end_of__fptable                                   functab      00103
__end_of__initialization                            cinit        00015
__end_of__stringdata                                strings      000D2
__end_of__stringtab                                 strings      00019
__end_of__unlock                                    text23       007CF
__end_of_command_calibrate_dac                      text16       003AB
__end_of_command_cell_off                           text30       000E1
__end_of_command_cell_on                            text31       000E6
__end_of_command_mode_galvanostatic                 text28       000D7
__end_of_command_mode_potentiostatic                text29       000DC
__end_of_command_range1                             text27       0075C
__end_of_command_range2                             text26       0074B
__end_of_command_range3                             text25       0073A
__end_of_command_read_adc                           text11       00798
__end_of_command_read_dac_cal                       text6        0076C
__end_of_command_read_offset                        text10       0078A
__end_of_command_read_shuntcalibration              text8        0077C
__end_of_command_save_offset                        text9        00729
__end_of_command_save_shuntcalibration              text7        00718
__end_of_command_set_dac                            text24       0060A
__end_of_command_set_dac_cal                        text5        00428
__end_of_command_unknown                            text33       006DE
__end_of_interpret_command                          text3        0028A
__end_of_isr                                        intentry     0000B
__end_of_main                                       maintext     0053B
__end_of_send_OK                                    text32       006C8
__end_of_send_WAIT                                  text13       006B2
__end_of_strlen                                     text37       00592
__end_of_strncmp                                    text4        003ED
__fptable                                           functab      00100
__initialization                                    cinit        0000D
__pbssBANK0                                         bssBANK0     00020
__pbssCOMMON                                        bssCOMMON    0007C
__pcstackBANK0                                      cstackBANK0  00059
__pcstackCOMMON                                     cstackCOMMON 00070
__pfunctab                                          functab      00100
__pintentry                                         intentry     00004
__pmaintext                                         maintext     00507
__pstrings                                          strings      00018
__ptext1                                            text1        007B1
__ptext10                                           text10       0077C
__ptext11                                           text11       0078A
__ptext12                                           text12       00686
__ptext13                                           text13       0069C
__ptext14                                           text14       00462
__ptext15                                           text15       00428
__ptext16                                           text16       00368
__ptext17                                           text17       007A5
__ptext18                                           text18       0053B
__ptext19                                           text19       0066F
__ptext2                                            text2        007F8
__ptext20                                           text20       0030A
__ptext21                                           text21       00624
__ptext22                                           text22       00592
__ptext23                                           text23       007C6
__ptext24                                           text24       005F0
__ptext25                                           text25       00729
__ptext26                                           text26       0073A
__ptext27                                           text27       0074B
__ptext28                                           text28       000D2
__ptext29                                           text29       000D7
__ptext3                                            text3        00103
__ptext30                                           text30       000DC
__ptext31                                           text31       000E1
__ptext32                                           text32       006B2
__ptext33                                           text33       006C8
__ptext34                                           text34       0028A
__ptext35                                           text35       0063D
__ptext36                                           text36       007CF
__ptext37                                           text37       0056D
__ptext38                                           text38       00656
__ptext39                                           text39       007D7
__ptext4                                            text4        003AB
__ptext40                                           text40       007DE
__ptext41                                           text41       007E5
__ptext42                                           text42       006DE
__ptext43                                           text43       005B4
__ptext44                                           text44       005D4
__ptext45                                           text45       0060A
__ptext46                                           text46       007BC
__ptext47                                           text47       0049A
__ptext48                                           text48       007F2
__ptext49                                           text49       00798
__ptext5                                            text5        003ED
__ptext50                                           text50       004D2
__ptext51                                           text51       006F4
__ptext6                                            text6        0075C
__ptext7                                            text7        00707
__ptext8                                            text8        0076C
__ptext9                                            text9        00718
__size_of_ClockPulse                                (abs)        00000
__size_of_DAC1220_Init                              (abs)        00000
__size_of_DAC1220_Read3Bytes                        (abs)        00000
__size_of_DAC1220_Reset                             (abs)        00000
__size_of_DAC1220_SelfCal                           (abs)        00000
__size_of_DAC1220_Write2Bytes                       (abs)        00000
__size_of_DAC1220_Write3Bytes                       (abs)        00000
__size_of_EUSART_Initialize                         (abs)        00000
__size_of_EUSART_Read                               (abs)        00000
__size_of_EUSART_SetErrorHandler                    (abs)        00000
__size_of_EUSART_SetFramingErrorHandler             (abs)        00000
__size_of_EUSART_SetOverrunErrorHandler             (abs)        00000
__size_of_EUSART_Write                              (abs)        00000
__size_of_EUSART_is_rx_ready                        (abs)        00000
__size_of_FLASH_erase                               (abs)        00000
__size_of_FLASH_read                                (abs)        00000
__size_of_FLASH_write                               (abs)        00000
__size_of_HEFLASH_readBlock                         (abs)        00000
__size_of_HEFLASH_writeBlock                        (abs)        00000
__size_of_InitializeIO                              (abs)        00000
__size_of_InitializeSPI                             (abs)        00000
__size_of_MCP3550_Read                              (abs)        00000
__size_of_Read2BytesSPI                             (abs)        00000
__size_of_ReadByteSPI                               (abs)        00000
__size_of_SPIDelay                                  (abs)        00000
__size_of_USART_Send                                (abs)        00000
__size_of_USART_Send_6bytes                         (abs)        00000
__size_of_WriteByteSPI                              (abs)        00000
__size_of__fptable                                  (abs)        00000
__size_of__unlock                                   (abs)        00000
__size_of_command_calibrate_dac                     (abs)        00000
__size_of_command_cell_off                          (abs)        00000
__size_of_command_cell_on                           (abs)        00000
__size_of_command_mode_galvanostatic                (abs)        00000
__size_of_command_mode_potentiostatic               (abs)        00000
__size_of_command_range1                            (abs)        00000
__size_of_command_range2                            (abs)        00000
__size_of_command_range3                            (abs)        00000
__size_of_command_read_adc                          (abs)        00000
__size_of_command_read_dac_cal                      (abs)        00000
__size_of_command_read_offset                       (abs)        00000
__size_of_command_read_shuntcalibration             (abs)        00000
__size_of_command_save_offset                       (abs)        00000
__size_of_command_save_shuntcalibration             (abs)        00000
__size_of_command_set_dac                           (abs)        00000
__size_of_command_set_dac_cal                       (abs)        00000
__size_of_command_unknown                           (abs)        00000
__size_of_interpret_command                         (abs)        00000
__size_of_isr                                       (abs)        00000
__size_of_main                                      (abs)        00000
__size_of_send_OK                                   (abs)        00000
__size_of_send_WAIT                                 (abs)        00000
__size_of_strlen                                    (abs)        00000
__size_of_strncmp                                   (abs)        00000
__stringdata                                        strings      00019
__stringtab                                         strings      00018
__unlock                                            text23       007C6
_command_calibrate_dac                              text16       00368
_command_cell_off                                   text30       000DC
_command_cell_on                                    text31       000E1
_command_mode_galvanostatic                         text28       000D2
_command_mode_potentiostatic                        text29       000D7
_command_range1                                     text27       0074B
_command_range2                                     text26       0073A
_command_range3                                     text25       00729
_command_read_adc                                   text11       0078A
_command_read_dac_cal                               text6        0075C
_command_read_offset                                text10       0077C
_command_read_shuntcalibration                      text8        0076C
_command_save_offset                                text9        00718
_command_save_shuntcalibration                      text7        00707
_command_set_dac                                    text24       005F0
_command_set_dac_cal                                text5        003ED
_command_unknown                                    text33       006C8
_eusartRxLastError                                  bssBANK0     00023
_heflashbuffer                                      bssBANK0     00025
_interpret_command                                  text3        00103
_isr                                                intentry     00004
_main                                               maintext     00507
_received_data_length                               bssCOMMON    0007C
_send_OK                                            text32       006B2
_send_WAIT                                          text13       0069C
_strlen                                             text37       0056D
_strncmp                                            text4        003AB
_transmit_data_length                               bssBANK0     00024
_uart_command                                       bssBANK0     00045
btemp                                               (abs)        0007E
clear_ram0                                          clrtext      007EC
command_calibrate_dac@data                          cstackBANK0  0005F
command_read_adc@adc_data                           cstackBANK0  0005C
command_save_offset@offset_data                     cstackBANK0  0005E
command_save_shuntcalibration@shuntcalibration_data cstackBANK0  0005E
command_set_dac@dac_data                            cstackBANK0  0005D
command_set_dac_cal@dac_cal_data                    cstackBANK0  0005E
command_unknown@reply                               cstackBANK0  0005B
end_of_initialization                               cinit        00015
fpbase                                              functab      00102
fptable                                             functab      00100
fptotal                                             (abs)        00003
intlevel0                                           functab      00100
intlevel1                                           functab      00100
intlevel2                                           functab      00100
intlevel3                                           functab      00100
intlevel4                                           functab      00100
intlevel5                                           functab      00100
main@c                                              cstackBANK0  00068
main@i                                              cstackBANK0  00067
reset_vec                                           reset_vec    00000
send_OK@reply                                       cstackBANK0  0005B
send_WAIT@reply                                     cstackBANK0  0005B
start                                               init         0000B
start_initialization                                cinit        0000D
strlen@cp                                           cstackCOMMON 00078
strlen@s                                            cstackCOMMON 00077
strncmp@len                                         cstackCOMMON 00072
strncmp@s1                                          cstackCOMMON 00076
strncmp@s2                                          cstackCOMMON 00071
wtemp0                                              (abs)        0007E


FUNCTION INFORMATION:

 *************** function _main *****************
 Defined at:
		line 290 in file "main.c"
 Parameters:    Size  Location     Type
		None
 Auto vars:     Size  Location     Type
  c               1   15[BANK0 ] unsigned char 
  i               1   14[BANK0 ] unsigned char 
 Return value:  Size  Location     Type
                  2  301[COMMON] int 
 Registers used:
		wreg, fsr1l, fsr1h, status,2, status,0, pclath, cstack
 Tracked objects:
		On entry : 
		On exit  : 
		Unchanged: 
 Data sizes:     COMMON   BANK0   BANK1   BANK2   BANK3   BANK4   BANK5   BANK6   BANK7   BANK8   BANK9  BANK10  BANK11  BANK12
      Params:         0       0       0       0       0       0       0       0       0       0       0       0       0       0
      Locals:         0       2       0       0       0       0       0       0       0       0       0       0       0       0
      Temps:          0       1       0       0       0       0       0       0       0       0       0       0       0       0
      Totals:         0       3       0       0       0       0       0       0       0       0       0       0       0       0
Total ram usage:        3 bytes
 Hardware stack levels required when called:    8
 This function calls:
		_InitializeIO
		_interpret_command
		_EUSART_is_rx_ready
		_EUSART_Read
 This function is called by:
		Startup code after reset
 This function uses a non-reentrant model


 *************** function _EUSART_Read *****************
 Defined at:
		line 114 in file "eusart.c"
 Parameters:    Size  Location     Type
		None
 Auto vars:     Size  Location     Type
		None
 Return value:  Size  Location     Type
                  1    wreg      unsigned char 
 Registers used:
		wreg, status,2
 Tracked objects:
		On entry : 
		On exit  : 
		Unchanged: 
 Data sizes:     COMMON   BANK0   BANK1   BANK2   BANK3   BANK4   BANK5   BANK6   BANK7   BANK8   BANK9  BANK10  BANK11  BANK12
      Params:         0       0       0       0       0       0       0       0       0       0       0       0       0       0
      Locals:         0       0       0       0       0       0       0       0       0       0       0       0       0       0
      Temps:          0       0       0       0       0       0       0       0       0       0       0       0       0       0
      Totals:         0       0       0       0       0       0       0       0       0       0       0       0       0       0
Total ram usage:        0 bytes
 Hardware stack levels used:    1
 Hardware stack levels required when called:    1
 This function calls:
		Nothing
 This function is called by:
		_main
 This function uses a non-reentrant model


 *************** function _EUSART_is_rx_ready *****************
 Defined at:
		line 100 in file "eusart.c"
 Parameters:    Size  Location     Type
		None
 Auto vars:     Size  Location     Type
		None
 Return value:  Size  Location     Type
                  1    wreg      unsigned char 
 Registers used:
		wreg, status,2, status,0
 Tracked objects:
		On entry : 
		On exit  : 
		Unchanged: 
 Data sizes:     COMMON   BANK0   BANK1   BANK2   BANK3   BANK4   BANK5   BANK6   BANK7   BANK8   BANK9  BANK10  BANK11  BANK12
      Params:         0       0       0       0       0       0       0       0       0       0       0       0       0       0
      Locals:         0       0       0       0       0       0       0       0       0       0       0       0       0       0
      Temps:          0       0       0       0       0       0       0       0       0       0       0       0       0       0
      Totals:         0       0       0       0       0       0       0       0       0       0       0       0       0       0
Total ram usage:        0 bytes
 Hardware stack levels used:    1
 Hardware stack levels required when called:    1
 This function calls:
		Nothing
 This function is called by:
		_main
 This function uses a non-reentrant model


 *************** function _interpret_command *****************
 Defined at:
		line 251 in file "main.c"
 Parameters:    Size  Location     Type
		None
 Auto vars:     Size  Location     Type
		None
 Return value:  Size  Location     Type
		None               void
 Registers used:
		wreg, fsr1l, fsr1h, status,2, status,0, pclath, cstack
 Tracked objects:
		On entry : 
		On exit  : 
		Unchanged: 
 Data sizes:     COMMON   BANK0   BANK1   BANK2   BANK3   BANK4   BANK5   BANK6   BANK7   BANK8   BANK9  BANK10  BANK11  BANK12
      Params:         0       0       0       0       0       0       0       0       0       0       0       0       0       0
      Locals:         0       0       0       0       0       0       0       0       0       0       0       0       0       0
      Temps:          0       1       0       0       0       0       0       0       0       0       0       0       0       0
      Totals:         0       1       0       0       0       0       0       0       0       0       0       0       0       0
Total ram usage:        1 bytes
 Hardware stack levels used:    1
 Hardware stack levels required when called:    7
 This function calls:
		_command_unknown
		_command_cell_on
		_command_cell_off
		_command_mode_potentiostatic
		_command_mode_galvanostatic
		_command_range1
		_command_range2
		_command_range3
		_command_set_dac
		_command_calibrate_dac
		_command_read_adc
		_command_read_offset
		_command_save_offset
		_command_read_shuntcalibration
		_command_save_shuntcalibration
		_command_read_dac_cal
		_command_set_dac_cal
		_strncmp
 This function is called by:
		_main
 This function uses a non-reentrant model


 *************** function _strncmp *****************
 Defined at:
		line 5 in file "C:\Program Files (x86)\Microchip\xc8\v1.21\sources\common\strncmp.c"
 Parameters:    Size  Location     Type
  s1              1    wreg     PTR const unsigned char 
		 -> uart_command(20), 
  s2              1    1[COMMON] PTR const unsigned char 
		 -> STR_20(14), STR_19(13), STR_18(11), STR_17(10), 
		 -> STR_16(12), STR_15(11), STR_14(8), STR_13(7), 
		 -> STR_12(8), STR_11(8), STR_10(8), STR_9(8), 
		 -> STR_8(14), STR_7(15), STR_6(9), STR_5(8), 
  len             2    2[COMMON] unsigned int 
 Auto vars:     Size  Location     Type
  s1              1    6[COMMON] PTR const unsigned char 
		 -> uart_command(20), 
 Return value:  Size  Location     Type
                  2    1[COMMON] int 
 Registers used:
		wreg, fsr1l, fsr1h, status,2, status,0
 Tracked objects:
		On entry : 
		On exit  : 
		Unchanged: 
 Data sizes:     COMMON   BANK0   BANK1   BANK2   BANK3   BANK4   BANK5   BANK6   BANK7   BANK8   BANK9  BANK10  BANK11  BANK12
      Params:         3       0       0       0       0       0       0       0       0       0       0       0       0       0
      Locals:         1       0       0       0       0       0       0       0       0       0       0       0       0       0
      Temps:          2       0       0       0       0       0       0       0       0       0       0       0       0       0
      Totals:         6       0       0       0       0       0       0       0       0       0       0       0       0       0
Total ram usage:        6 bytes
 Hardware stack levels used:    2
 Hardware stack levels required when called:    1
 This function calls:
		Nothing
 This function is called by:
		_interpret_command
 This function uses a non-reentrant model


 *************** function _command_set_dac_cal *****************
 Defined at:
		line 244 in file "main.c"
 Parameters:    Size  Location     Type
  dac_cal_data    1    wreg     PTR const unsigned char 
		 -> uart_command(20), 
 Auto vars:     Size  Location     Type
  dac_cal_data    1    5[BANK0 ] PTR const unsigned char 
		 -> uart_command(20), 
 Return value:  Size  Location     Type
		None               void
 Registers used:
		wreg, fsr1l, fsr1h, status,2, status,0, pclath, cstack
 Tracked objects:
		On entry : 
		On exit  : 
		Unchanged: 
 Data sizes:     COMMON   BANK0   BANK1   BANK2   BANK3   BANK4   BANK5   BANK6   BANK7   BANK8   BANK9  BANK10  BANK11  BANK12
      Params:         0       0       0       0       0       0       0       0       0       0       0       0       0       0
      Locals:         0       1       0       0       0       0       0       0       0       0       0       0       0       0
      Temps:          0       2       0       0       0       0       0       0       0       0       0       0       0       0
      Totals:         0       3       0       0       0       0       0       0       0       0       0       0       0       0
Total ram usage:        3 bytes
 Hardware stack levels used:    1
 Hardware stack levels required when called:    5
 This function calls:
		_HEFLASH_writeBlock
		_DAC1220_Write3Bytes
		_send_OK
 This function is called by:
		_interpret_command
 This function uses a non-reentrant model


 *************** function _command_read_dac_cal *****************
 Defined at:
		line 238 in file "main.c"
 Parameters:    Size  Location     Type
		None
 Auto vars:     Size  Location     Type
		None
 Return value:  Size  Location     Type
		None               void
 Registers used:
		wreg, fsr1l, fsr1h, status,2, status,0, pclath, cstack
 Tracked objects:
		On entry : 
		On exit  : 
		Unchanged: 
 Data sizes:     COMMON   BANK0   BANK1   BANK2   BANK3   BANK4   BANK5   BANK6   BANK7   BANK8   BANK9  BANK10  BANK11  BANK12
      Params:         0       0       0       0       0       0       0       0       0       0       0       0       0       0
      Locals:         0       0       0       0       0       0       0       0       0       0       0       0       0       0
      Temps:          2       0       0       0       0       0       0       0       0       0       0       0       0       0
      Totals:         2       0       0       0       0       0       0       0       0       0       0       0       0       0
Total ram usage:        2 bytes
 Hardware stack levels used:    1
 Hardware stack levels required when called:    3
 This function calls:
		_HEFLASH_readBlock
		_USART_Send_6bytes
 This function is called by:
		_interpret_command
 This function uses a non-reentrant model


 *************** function _command_save_shuntcalibration *****************
 Defined at:
		line 232 in file "main.c"
 Parameters:    Size  Location     Type
  shuntcalibra    1    wreg     PTR const unsigned char 
		 -> uart_command(20), 
 Auto vars:     Size  Location     Type
  shuntcalibra    1    5[BANK0 ] PTR const unsigned char 
		 -> uart_command(20), 
 Return value:  Size  Location     Type
		None               void
 Registers used:
		wreg, fsr1l, fsr1h, status,2, status,0, pclath, cstack
 Tracked objects:
		On entry : 
		On exit  : 
		Unchanged: 
 Data sizes:     COMMON   BANK0   BANK1   BANK2   BANK3   BANK4   BANK5   BANK6   BANK7   BANK8   BANK9  BANK10  BANK11  BANK12
      Params:         0       0       0       0       0       0       0       0       0       0       0       0       0       0
      Locals:         0       1       0       0       0       0       0       0       0       0       0       0       0       0
      Temps:          0       2       0       0       0       0       0       0       0       0       0       0       0       0
      Totals:         0       3       0       0       0       0       0       0       0       0       0       0       0       0
Total ram usage:        3 bytes
 Hardware stack levels used:    1
 Hardware stack levels required when called:    4
 This function calls:
		_HEFLASH_writeBlock
		_send_OK
 This function is called by:
		_interpret_command
 This function uses a non-reentrant model


 *************** function _command_read_shuntcalibration *****************
 Defined at:
		line 226 in file "main.c"
 Parameters:    Size  Location     Type
		None
 Auto vars:     Size  Location     Type
		None
 Return value:  Size  Location     Type
		None               void
 Registers used:
		wreg, fsr1l, fsr1h, status,2, status,0, pclath, cstack
 Tracked objects:
		On entry : 
		On exit  : 
		Unchanged: 
 Data sizes:     COMMON   BANK0   BANK1   BANK2   BANK3   BANK4   BANK5   BANK6   BANK7   BANK8   BANK9  BANK10  BANK11  BANK12
      Params:         0       0       0       0       0       0       0       0       0       0       0       0       0       0
      Locals:         0       0       0       0       0       0       0       0       0       0       0       0       0       0
      Temps:          2       0       0       0       0       0       0       0       0       0       0       0       0       0
      Totals:         2       0       0       0       0       0       0       0       0       0       0       0       0       0
Total ram usage:        2 bytes
 Hardware stack levels used:    1
 Hardware stack levels required when called:    3
 This function calls:
		_HEFLASH_readBlock
		_USART_Send_6bytes
 This function is called by:
		_interpret_command
 This function uses a non-reentrant model


 *************** function _command_save_offset *****************
 Defined at:
		line 220 in file "main.c"
 Parameters:    Size  Location     Type
  offset_data     1    wreg     PTR const unsigned char 
		 -> uart_command(20), 
 Auto vars:     Size  Location     Type
  offset_data     1    5[BANK0 ] PTR const unsigned char 
		 -> uart_command(20), 
 Return value:  Size  Location     Type
		None               void
 Registers used:
		wreg, fsr1l, fsr1h, status,2, status,0, pclath, cstack
 Tracked objects:
		On entry : 
		On exit  : 
		Unchanged: 
 Data sizes:     COMMON   BANK0   BANK1   BANK2   BANK3   BANK4   BANK5   BANK6   BANK7   BANK8   BANK9  BANK10  BANK11  BANK12
      Params:         0       0       0       0       0       0       0       0       0       0       0       0       0       0
      Locals:         0       1       0       0       0       0       0       0       0       0       0       0       0       0
      Temps:          0       2       0       0       0       0       0       0       0       0       0       0       0       0
      Totals:         0       3       0       0       0       0       0       0       0       0       0       0       0       0
Total ram usage:        3 bytes
 Hardware stack levels used:    1
 Hardware stack levels required when called:    4
 This function calls:
		_HEFLASH_writeBlock
		_send_OK
 This function is called by:
		_interpret_command
 This function uses a non-reentrant model


 *************** function _command_read_offset *****************
 Defined at:
		line 214 in file "main.c"
 Parameters:    Size  Location     Type
		None
 Auto vars:     Size  Location     Type
		None
 Return value:  Size  Location     Type
		None               void
 Registers used:
		wreg, fsr1l, fsr1h, status,2, status,0, pclath, cstack
 Tracked objects:
		On entry : 
		On exit  : 
		Unchanged: 
 Data sizes:     COMMON   BANK0   BANK1   BANK2   BANK3   BANK4   BANK5   BANK6   BANK7   BANK8   BANK9  BANK10  BANK11  BANK12
      Params:         0       0       0       0       0       0       0       0       0       0       0       0       0       0
      Locals:         0       0       0       0       0       0       0       0       0       0       0       0       0       0
      Temps:          1       0       0       0       0       0       0       0       0       0       0       0       0       0
      Totals:         1       0       0       0       0       0       0       0       0       0       0       0       0       0
Total ram usage:        1 bytes
 Hardware stack levels used:    1
 Hardware stack levels required when called:    3
 This function calls:
		_HEFLASH_readBlock
		_USART_Send_6bytes
 This function is called by:
		_interpret_command
 This function uses a non-reentrant model


 *************** function _command_read_adc *****************
 Defined at:
		line 201 in file "main.c"
 Parameters:    Size  Location     Type
		None
 Auto vars:     Size  Location     Type
  adc_data        6    3[BANK0 ] unsigned char [6]
 Return value:  Size  Location     Type
		None               void
 Registers used:
		wreg, fsr1l, fsr1h, status,2, status,0, pclath, cstack
 Tracked objects:
		On entry : 
		On exit  : 
		Unchanged: 
 Data sizes:     COMMON   BANK0   BANK1   BANK2   BANK3   BANK4   BANK5   BANK6   BANK7   BANK8   BANK9  BANK10  BANK11  BANK12
      Params:         0       0       0       0       0       0       0       0       0       0       0       0       0       0
      Locals:         0       6       0       0       0       0       0       0       0       0       0       0       0       0
      Temps:          0       0       0       0       0       0       0       0       0       0       0       0       0       0
      Totals:         0       6       0       0       0       0       0       0       0       0       0       0       0       0
Total ram usage:        6 bytes
 Hardware stack levels used:    1
 Hardware stack levels required when called:    5
 This function calls:
		_MCP3550_Read
		_send_WAIT
		_USART_Send_6bytes
 This function is called by:
		_interpret_command
 This function uses a non-reentrant model


 *************** function _USART_Send_6bytes *****************
 Defined at:
		line 157 in file "eusart.c"
 Parameters:    Size  Location     Type
  dataToSend      1    wreg     PTR unsigned char 
		 -> command_read_adc@adc_data(6), heflashbuffer(32), 
 Auto vars:     Size  Location     Type
  dataToSend      1    3[COMMON] PTR unsigned char 
		 -> command_read_adc@adc_data(6), heflashbuffer(32), 
  i               1    4[COMMON] unsigned char 
 Return value:  Size  Location     Type
		None               void
 Registers used:
		wreg, fsr1l, fsr1h, status,2, status,0, pclath, cstack
 Tracked objects:
		On entry : 
		On exit  : 
		Unchanged: 
 Data sizes:     COMMON   BANK0   BANK1   BANK2   BANK3   BANK4   BANK5   BANK6   BANK7   BANK8   BANK9  BANK10  BANK11  BANK12
      Params:         0       0       0       0       0       0       0       0       0       0       0       0       0       0
      Locals:         2       0       0       0       0       0       0       0       0       0       0       0       0       0
      Temps:          1       0       0       0       0       0       0       0       0       0       0       0       0       0
      Totals:         3       0       0       0       0       0       0       0       0       0       0       0       0       0
Total ram usage:        3 bytes
 Hardware stack levels used:    1
 Hardware stack levels required when called:    2
 This function calls:
		_EUSART_Write
 This function is called by:
		_command_read_adc
		_command_read_offset
		_command_read_shuntcalibration
		_command_read_dac_cal
 This function uses a non-reentrant model


 *************** function _send_WAIT *****************
 Defined at:
		line 124 in file "main.c"
 Parameters:    Size  Location     Type
[...]
 Defined at:
		line 181 in file "eusart.c"
 Parameters:    Size  Location     Type
  interruptHan    1    wreg     PTR FTN()void 
		 -> EUSART_DefaultFramingErrorHandler(0), 
 Auto vars:     Size  Location     Type
  interruptHan    1    2[COMMON] PTR FTN()void 
		 -> EUSART_DefaultFramingErrorHandler(0), 
 Return value:  Size  Location     Type
		None               void
 Registers used:
		wreg
 Tracked objects:
		On entry : 
		On exit  : 
		Unchanged: 
 Data sizes:     COMMON   BANK0   BANK1   BANK2   BANK3   BANK4   BANK5   BANK6   BANK7   BANK8   BANK9  BANK10  BANK11  BANK12
      Params:         0       0       0       0       0       0       0       0       0       0       0       0       0       0
      Locals:         1       0       0       0       0       0       0       0       0       0       0       0       0       0
      Temps:          1       0       0       0       0       0       0       0       0       0       0       0       0       0
      Totals:         2       0       0       0       0       0       0       0       0       0       0       0       0       0
Total ram usage:        2 bytes
 Hardware stack levels used:    1
 Hardware stack levels required when called:    1
 This function calls:
		Nothing
 This function is called by:
		_EUSART_Initialize
 This function uses a non-reentrant model


 *************** function _DAC1220_Init *****************
 Defined at:
		line 121 in file "spi/spi_software.c"
 Parameters:    Size  Location     Type
		None
 Auto vars:     Size  Location     Type
		None
 Return value:  Size  Location     Type
		None               void
 Registers used:
		wreg, status,2, status,0, pclath, cstack
 Tracked objects:
		On entry : 
		On exit  : 
		Unchanged: 
 Data sizes:     COMMON   BANK0   BANK1   BANK2   BANK3   BANK4   BANK5   BANK6   BANK7   BANK8   BANK9  BANK10  BANK11  BANK12
      Params:         0       0       0       0       0       0       0       0       0       0       0       0       0       0
      Locals:         0       0       0       0       0       0       0       0       0       0       0       0       0       0
      Temps:          2       0       0       0       0       0       0       0       0       0       0       0       0       0
      Totals:         2       0       0       0       0       0       0       0       0       0       0       0       0       0
Total ram usage:        2 bytes
 Hardware stack levels used:    1
 Hardware stack levels required when called:    5
 This function calls:
		_DAC1220_Write2Bytes
		_DAC1220_Write3Bytes
 This function is called by:
		_InitializeIO
 This function uses a non-reentrant model


 *************** function _DAC1220_Write3Bytes *****************
 Defined at:
		line 78 in file "spi/spi_software.c"
 Parameters:    Size  Location     Type
  address         1    wreg     const unsigned char 
  byte1           1    5[COMMON] const unsigned char 
  byte2           1    6[COMMON] const unsigned char 
  byte3           1    7[COMMON] const unsigned char 
 Auto vars:     Size  Location     Type
  address         1    8[COMMON] const unsigned char 
 Return value:  Size  Location     Type
		None               void
 Registers used:
		wreg, status,2, status,0, pclath, cstack
 Tracked objects:
		On entry : 
		On exit  : 
		Unchanged: 
 Data sizes:     COMMON   BANK0   BANK1   BANK2   BANK3   BANK4   BANK5   BANK6   BANK7   BANK8   BANK9  BANK10  BANK11  BANK12
      Params:         3       0       0       0       0       0       0       0       0       0       0       0       0       0
      Locals:         1       0       0       0       0       0       0       0       0       0       0       0       0       0
      Temps:          0       0       0       0       0       0       0       0       0       0       0       0       0       0
      Totals:         4       0       0       0       0       0       0       0       0       0       0       0       0       0
Total ram usage:        4 bytes
 Hardware stack levels used:    1
 Hardware stack levels required when called:    4
 This function calls:
		_SPIDelay
		_WriteByteSPI
 This function is called by:
		_DAC1220_Init
		_InitializeIO
		_command_set_dac
		_command_set_dac_cal
 This function uses a non-reentrant model


 *************** function _DAC1220_Write2Bytes *****************
 Defined at:
		line 65 in file "spi/spi_software.c"
 Parameters:    Size  Location     Type
  address         1    wreg     const unsigned char 
  byte1           1    5[COMMON] const unsigned char 
  byte2           1    6[COMMON] const unsigned char 
 Auto vars:     Size  Location     Type
  address         1    7[COMMON] const unsigned char 
 Return value:  Size  Location     Type
		None               void
 Registers used:
		wreg, status,2, status,0, pclath, cstack
 Tracked objects:
		On entry : 
		On exit  : 
		Unchanged: 
 Data sizes:     COMMON   BANK0   BANK1   BANK2   BANK3   BANK4   BANK5   BANK6   BANK7   BANK8   BANK9  BANK10  BANK11  BANK12
      Params:         2       0       0       0       0       0       0       0       0       0       0       0       0       0
      Locals:         1       0       0       0       0       0       0       0       0       0       0       0       0       0
      Temps:          0       0       0       0       0       0       0       0       0       0       0       0       0       0
      Totals:         3       0       0       0       0       0       0       0       0       0       0       0       0       0
Total ram usage:        3 bytes
 Hardware stack levels used:    1
 Hardware stack levels required when called:    4
 This function calls:
		_SPIDelay
		_WriteByteSPI
 This function is called by:
		_DAC1220_Init
		_DAC1220_SelfCal
 This function uses a non-reentrant model


 *************** function _WriteByteSPI *****************
 Defined at:
		line 166 in file "spi/spi_software.c"
 Parameters:    Size  Location     Type
  data_byte       1    wreg     unsigned char 
 Auto vars:     Size  Location     Type
  data_byte       1    3[COMMON] unsigned char 
  bit_counter     1    4[COMMON] unsigned char 
 Return value:  Size  Location     Type
		None               void
 Registers used:
		wreg, status,2, status,0, pclath, cstack
 Tracked objects:
		On entry : 
		On exit  : 
		Unchanged: 
 Data sizes:     COMMON   BANK0   BANK1   BANK2   BANK3   BANK4   BANK5   BANK6   BANK7   BANK8   BANK9  BANK10  BANK11  BANK12
      Params:         0       0       0       0       0       0       0       0       0       0       0       0       0       0
      Locals:         2       0       0       0       0       0       0       0       0       0       0       0       0       0
      Temps:          1       0       0       0       0       0       0       0       0       0       0       0       0       0
      Totals:         3       0       0       0       0       0       0       0       0       0       0       0       0       0
Total ram usage:        3 bytes
 Hardware stack levels used:    1
 Hardware stack levels required when called:    3
 This function calls:
		_ClockPulse
 This function is called by:
		_DAC1220_Write2Bytes
		_DAC1220_Write3Bytes
		_DAC1220_Read3Bytes
		_DAC1220_Read2Bytes
 This function uses a non-reentrant model


 *************** function _ClockPulse *****************
 Defined at:
		line 177 in file "spi/spi_software.c"
 Parameters:    Size  Location     Type
		None
 Auto vars:     Size  Location     Type
		None
 Return value:  Size  Location     Type
		None               void
 Registers used:
		wreg, status,2, status,0, pclath, cstack
 Tracked objects:
		On entry : 
		On exit  : 
		Unchanged: 
 Data sizes:     COMMON   BANK0   BANK1   BANK2   BANK3   BANK4   BANK5   BANK6   BANK7   BANK8   BANK9  BANK10  BANK11  BANK12
      Params:         0       0       0       0       0       0       0       0       0       0       0       0       0       0
      Locals:         0       0       0       0       0       0       0       0       0       0       0       0       0       0
      Temps:          0       0       0       0       0       0       0       0       0       0       0       0       0       0
      Totals:         0       0       0       0       0       0       0       0       0       0       0       0       0       0
Total ram usage:        0 bytes
 Hardware stack levels used:    1
 Hardware stack levels required when called:    2
 This function calls:
		_SPIDelay
 This function is called by:
		_Read2BytesSPI
		_ReadByteSPI
		_WriteByteSPI
 This function uses a non-reentrant model


 *************** function _DAC1220_Reset *****************
 Defined at:
		line 45 in file "spi/spi_software.c"
 Parameters:    Size  Location     Type
		None
 Auto vars:     Size  Location     Type
		None
 Return value:  Size  Location     Type
		None               void
 Registers used:
		wreg, status,2, status,0, pclath, cstack
 Tracked objects:
		On entry : 
		On exit  : 
		Unchanged: 
 Data sizes:     COMMON   BANK0   BANK1   BANK2   BANK3   BANK4   BANK5   BANK6   BANK7   BANK8   BANK9  BANK10  BANK11  BANK12
      Params:         0       0       0       0       0       0       0       0       0       0       0       0       0       0
      Locals:         0       0       0       0       0       0       0       0       0       0       0       0       0       0
      Temps:          2       0       0       0       0       0       0       0       0       0       0       0       0       0
      Totals:         2       0       0       0       0       0       0       0       0       0       0       0       0       0
Total ram usage:        2 bytes
 Hardware stack levels used:    1
 Hardware stack levels required when called:    2
 This function calls:
		_SPIDelay
 This function is called by:
		_InitializeIO
 This function uses a non-reentrant model


 *************** function _SPIDelay *****************
 Defined at:
		line 186 in file "spi/spi_software.c"
 Parameters:    Size  Location     Type
		None
 Auto vars:     Size  Location     Type
		None
 Return value:  Size  Location     Type
		None               void
 Registers used:
		wreg
 Tracked objects:
		On entry : 
		On exit  : 
		Unchanged: 
 Data sizes:     COMMON   BANK0   BANK1   BANK2   BANK3   BANK4   BANK5   BANK6   BANK7   BANK8   BANK9  BANK10  BANK11  BANK12
      Params:         0       0       0       0       0       0       0       0       0       0       0       0       0       0
      Locals:         0       0       0       0       0       0       0       0       0       0       0       0       0       0
      Temps:          1       0       0       0       0       0       0       0       0       0       0       0       0       0
      Totals:         1       0       0       0       0       0       0       0       0       0       0       0       0       0
Total ram usage:        1 bytes
 Hardware stack levels used:    1
 Hardware stack levels required when called:    1
 This function calls:
		Nothing
 This function is called by:
		_MCP3550_Read
		_DAC1220_Reset
		_DAC1220_Write2Bytes
		_DAC1220_Write3Bytes
		_DAC1220_Read3Bytes
		_ClockPulse
		_DAC1220_Read2Bytes
 This function uses a non-reentrant model


 *************** function _InitializeSPI *****************
 Defined at:
		line 6 in file "spi/spi_software.c"
 Parameters:    Size  Location     Type
		None
 Auto vars:     Size  Location     Type
		None
 Return value:  Size  Location     Type
		None               void
 Registers used:
		None
 Tracked objects:
		On entry : 
		On exit  : 
		Unchanged: 
 Data sizes:     COMMON   BANK0   BANK1   BANK2   BANK3   BANK4   BANK5   BANK6   BANK7   BANK8   BANK9  BANK10  BANK11  BANK12
      Params:         0       0       0       0       0       0       0       0       0       0       0       0       0       0
      Locals:         0       0       0       0       0       0       0       0       0       0       0       0       0       0
      Temps:          0       0       0       0       0       0       0       0       0       0       0       0       0       0
      Totals:         0       0       0       0       0       0       0       0       0       0       0       0       0       0
Total ram usage:        0 bytes
 Hardware stack levels used:    1
 Hardware stack levels required when called:    1
 This function calls:
		Nothing
 This function is called by:
		_InitializeIO
 This function uses a non-reentrant model


 *************** function _HEFLASH_readBlock *****************
 Defined at:
		line 50 in file "heflash/HEFlash.c"
 Parameters:    Size  Location     Type
  buffer          1    wreg     PTR unsigned char 
		 -> heflashbuffer(32), 
  radd            1    3[COMMON] unsigned char 
  count           1    4[COMMON] unsigned char 
 Auto vars:     Size  Location     Type
  buffer          1    7[COMMON] PTR unsigned char 
		 -> heflashbuffer(32), 
  add             2    8[COMMON] unsigned int 
 Return value:  Size  Location     Type
                  1    wreg      unsigned char 
 Registers used:
		wreg, fsr1l, fsr1h, status,2, status,0, pclath, cstack
 Tracked objects:
		On entry : 
		On exit  : 
		Unchanged: 
 Data sizes:     COMMON   BANK0   BANK1   BANK2   BANK3   BANK4   BANK5   BANK6   BANK7   BANK8   BANK9  BANK10  BANK11  BANK12
      Params:         2       0       0       0       0       0       0       0       0       0       0       0       0       0
      Locals:         3       0       0       0       0       0       0       0       0       0       0       0       0       0
      Temps:          2       0       0       0       0       0       0       0       0       0       0       0       0       0
      Totals:         7       0       0       0       0       0       0       0       0       0       0       0       0       0
Total ram usage:        7 bytes
 Hardware stack levels used:    1
 Hardware stack levels required when called:    2
 This function calls:
		_FLASH_read
 This function is called by:
		_InitializeIO
		_command_read_offset
		_command_read_shuntcalibration
		_command_read_dac_cal
 This function uses a non-reentrant model


 *************** function _FLASH_read *****************
 Defined at:
		line 32 in file "heflash/Flash.c"
 Parameters:    Size  Location     Type
  address         2    1[COMMON] unsigned int 
 Auto vars:     Size  Location     Type
		None
 Return value:  Size  Location     Type
                  2    1[COMMON] unsigned int 
 Registers used:
		wreg, status,2, status,0
 Tracked objects:
		On entry : 
		On exit  : 
		Unchanged: 
 Data sizes:     COMMON   BANK0   BANK1   BANK2   BANK3   BANK4   BANK5   BANK6   BANK7   BANK8   BANK9  BANK10  BANK11  BANK12
      Params:         2       0       0       0       0       0       0       0       0       0       0       0       0       0
      Locals:         0       0       0       0       0       0       0       0       0       0       0       0       0       0
      Temps:          0       0       0       0       0       0       0       0       0       0       0       0       0       0
      Totals:         2       0       0       0       0       0       0       0       0       0       0       0       0       0
Total ram usage:        2 bytes
 Hardware stack levels used:    1
 Hardware stack levels required when called:    1
 This function calls:
		Nothing
 This function is called by:
		_HEFLASH_readBlock
		_FLASH_readBlock
		_HEFLASH_readByte
 This function uses a non-reentrant model


 *************** function _isr *****************
 Defined at:
		line 340 in file "main.c"
 Parameters:    Size  Location     Type
		None
 Auto vars:     Size  Location     Type
		None
 Return value:  Size  Location     Type
		None               void
 Registers used:
		None
 Tracked objects:
		On entry : 
		On exit  : 
		Unchanged: 
 Data sizes:     COMMON   BANK0   BANK1   BANK2   BANK3   BANK4   BANK5   BANK6   BANK7   BANK8   BANK9  BANK10  BANK11  BANK12
      Params:         0       0       0       0       0       0       0       0       0       0       0       0       0       0
      Locals:         0       0       0       0       0       0       0       0       0       0       0       0       0       0
      Temps:          1       0       0       0       0       0       0       0       0       0       0       0       0       0
      Totals:         1       0       0       0       0       0       0       0       0       0       0       0       0       0
Total ram usage:        1 bytes
 Hardware stack levels used:    1
 This function calls:
		Nothing
 This function is called by:
		Interrupt level 1
 This function uses a non-reentrant model



MODULE INFORMATION

Module		Function		Class		Link	Load	Size
shared
		__stringtab    		STRING         	0018	0000	1
		__stringdata   		STRING         	0019	0000	185
		__initializatio		CODE           	000D	0000	8
		__fptable      		CODE           	0100	0000	3

shared estimated size: 197

main.c
		_command_cell_o		CODE           	00DC	0000	5
		_interpret_comm		CODE           	0103	0000	391
		_command_mode_p		CODE           	00D7	0000	5
		_command_mode_g		CODE           	00D2	0000	5
		_command_range1		CODE           	074B	0000	17
		_command_range2		CODE           	073A	0000	17
		_command_range3		CODE           	0729	0000	17
		_main          		CODE           	0507	0000	52
		_command_read_o		CODE           	077C	0000	14
		_command_save_o		CODE           	0718	0000	17
		_command_set_da		CODE           	05F0	0000	26
		_command_cell_o		CODE           	00E1	0000	5
		_InitializeIO  		CODE           	028A	0000	128
		_command_unknow		CODE           	06C8	0000	22
		_command_read_d		CODE           	075C	0000	16
		_isr           		CODE           	0004	0000	7
		_command_read_s		CODE           	076C	0000	16
		_command_save_s		CODE           	0707	0000	17
		_command_set_da		CODE           	03ED	0000	59
		_send_WAIT     		CODE           	069C	0000	22
		_command_calibr		CODE           	0368	0000	67
		_send_OK       		CODE           	06B2	0000	22
		_command_read_a		CODE           	078A	0000	14

main.c estimated size: 961

eusart.c
		_EUSART_Read   		CODE           	07B1	0000	11
		_USART_Send_6by		CODE           	0686	0000	22
		_EUSART_Write  		CODE           	07CF	0000	8
		_EUSART_Initial		CODE           	0656	0000	25
		_EUSART_SetFram		CODE           	07E5	0000	7
		_EUSART_SetErro		CODE           	07D7	0000	7
		_EUSART_SetOver		CODE           	07DE	0000	7
		_USART_Send    		CODE           	063D	0000	25
		_EUSART_is_rx_r		CODE           	07F8	0000	5

eusart.c estimated size: 117

C:\Program Files (x86)\Microchip\xc8\v1.21\sources\common\strlen.c
		_strlen        		CODE           	056D	0000	37

C:\Program Files (x86)\Microchip\xc8\v1.21\sources\common\strlen.c estimated size: 37

C:\Program Files (x86)\Microchip\xc8\v1.21\sources\common\strncmp.c
		_strncmp       		CODE           	03AB	0000	66

C:\Program Files (x86)\Microchip\xc8\v1.21\sources\common\strncmp.c estimated size: 66

spi/spi_software.c
		_DAC1220_Init  		CODE           	06DE	0000	22
		_DAC1220_Reset 		CODE           	049A	0000	56
		_WriteByteSPI  		CODE           	060A	0000	26
		_DAC1220_Write2		CODE           	05D4	0000	28
		_DAC1220_Write3		CODE           	05B4	0000	32
		_InitializeSPI 		CODE           	0798	0000	13
		_Read2BytesSPI 		CODE           	0428	0000	58
		_MCP3550_Read  		CODE           	0462	0000	56
		_DAC1220_SelfCa		CODE           	07A5	0000	12
		_ReadByteSPI   		CODE           	066F	0000	23
		_DAC1220_Read3B		CODE           	053B	0000	50
		_ClockPulse    		CODE           	07BC	0000	10
		_SPIDelay      		CODE           	07F2	0000	6

spi/spi_software.c estimated size: 392

heflash/HEFlash.c
		_HEFLASH_readBl		CODE           	04D2	0000	53
		_HEFLASH_writeB		CODE           	030A	0000	94

heflash/HEFlash.c estimated size: 147

heflash/Flash.c
		_FLASH_write   		CODE           	0592	0000	34
		__unlock       		CODE           	07C6	0000	9
		_FLASH_read    		CODE           	06F4	0000	19
		_FLASH_erase   		CODE           	0624	0000	25

heflash/Flash.c estimated size: 87

